<html>
<body>
<pre>
<h1>µVision Build Log</h1>
<h2>Tool Versions:</h2>
IDE-Version: µVision V5.16a
Copyright (C) 2015 ARM Ltd and ARM Germany GmbH. All rights reserved.
License Information: Andrew Wong, UT Austin, LIC=----
 
Tool Versions:
Toolchain:       MDK-Lite  Version: 5.16a
Toolchain Path:  C:\Keil_v5\ARM\ARMCC\Bin
C Compiler:      Armcc.exe V5.06 (build 20)
Assembler:       Armasm.exe V5.06 (build 20)
Linker/Locator:  ArmLink.exe V5.06 (build 20)
Library Manager: ArmAr.exe V5.06 (build 20)
Hex Converter:   FromElf.exe V5.06 (build 20)
CPU DLL:         SARMCM3.DLL V5.16a
Dialog DLL:      DCM.DLL V1.13.2.0
Target DLL:      lmidk-agdi.dll V???
Dialog DLL:      TCM.DLL V1.14.5.0
 
<h2>Project:</h2>
C:\Users\Andrew\Documents\GitHub\EE445M\Lab4_4C123_FileSystem\Lab4.uvproj
Project File Date:  03/20/2017

<h2>Output:</h2>
*** Using Compiler 'V5.06 (build 20)', folder: 'C:\Keil_v5\ARM\ARMCC\Bin'
Rebuild target 'Lab4'
assembling startup.s...
compiling PLL.c...
compiling UART2.c...
compiling ST7735.c...
assembling osasm.s...
assembling cr4_fft_64_stm32.s...
compiling OS.c...
compiling ADC.c...
compiling Interpreter.c...
compiling efile.c...
compiling eDisk.c...
compiling SysTick.c...
compiling Lab4.c...
linking...
Program Size: Code=7196 RO-data=1540 RW-data=192 ZI-data=12256  
".\Lab4.axf" - 0 Error(s), 0 Warning(s).
Build Time Elapsed:  00:00:04
</pre>
</body>
</html>
