ARM Linker, 5.03 [Build 76] [MDK-ARM Lite]

==============================================================================

Section Cross References

    startup.o(RESET) refers to startup.o(STACK) for StackMem
    startup.o(RESET) refers to osasm.o(.text) for PendSV_Handler
    startup.o(RESET) refers to systick.o(i.SysTick_Handler) for SysTick_Handler
    startup.o(RESET) refers to uart2.o(i.UART0_Handler) for UART0_Handler
    startup.o(RESET) refers to adc.o(i.ADC0Seq0_Handler) for ADC0Seq0_Handler
    startup.o(RESET) refers to os.o(i.GPIOPortF_Handler) for GPIOPortF_Handler
    startup.o(RESET) refers to os.o(i.Timer5A_Handler) for Timer5A_Handler
    startup.o(RESET) refers to os.o(i.WideTimer0A_Handler) for WideTimer0A_Handler
    startup.o(RESET) refers to os.o(i.WideTimer0B_Handler) for WideTimer0B_Handler
    startup.o(RESET) refers to os.o(i.WideTimer5A_Handler) for WideTimer5A_Handler
    startup.o(RESET) refers to entry.o(.ARM.Collect$$$$00000000) for __main
    st7735.o(i.Output_Clear) refers to st7735.o(i.ST7735_FillScreen) for ST7735_FillScreen
    st7735.o(i.Output_Init) refers to os.o(i.OS_InitSemaphore) for OS_InitSemaphore
    st7735.o(i.Output_Init) refers to st7735.o(i.ST7735_InitR) for ST7735_InitR
    st7735.o(i.Output_Init) refers to st7735.o(i.ST7735_FillScreen) for ST7735_FillScreen
    st7735.o(i.Output_Init) refers to st7735.o(.bss) for Semi
    st7735.o(i.Output_Off) refers to st7735.o(i.Output_Clear) for Output_Clear
    st7735.o(i.Output_On) refers to st7735.o(i.Output_Init) for Output_Init
    st7735.o(i.ST7735_DrawBitmap) refers to st7735.o(i.setAddrWindow) for setAddrWindow
    st7735.o(i.ST7735_DrawBitmap) refers to st7735.o(i.writedata) for writedata
    st7735.o(i.ST7735_DrawBitmap) refers to st7735.o(.data) for _width
    st7735.o(i.ST7735_DrawChar) refers to st7735.o(i.setAddrWindow) for setAddrWindow
    st7735.o(i.ST7735_DrawChar) refers to st7735.o(i.pushColor) for pushColor
    st7735.o(i.ST7735_DrawChar) refers to st7735.o(.data) for _width
    st7735.o(i.ST7735_DrawChar) refers to st7735.o(.constdata) for Font
    st7735.o(i.ST7735_DrawCharS) refers to st7735.o(i.ST7735_DrawPixel) for ST7735_DrawPixel
    st7735.o(i.ST7735_DrawCharS) refers to st7735.o(i.ST7735_FillRect) for ST7735_FillRect
    st7735.o(i.ST7735_DrawCharS) refers to st7735.o(.data) for _width
    st7735.o(i.ST7735_DrawCharS) refers to st7735.o(.constdata) for Font
    st7735.o(i.ST7735_DrawFastHLine) refers to st7735.o(i.setAddrWindow) for setAddrWindow
    st7735.o(i.ST7735_DrawFastHLine) refers to st7735.o(i.writedata) for writedata
    st7735.o(i.ST7735_DrawFastHLine) refers to st7735.o(.data) for _width
    st7735.o(i.ST7735_DrawFastVLine) refers to st7735.o(i.setAddrWindow) for setAddrWindow
    st7735.o(i.ST7735_DrawFastVLine) refers to st7735.o(i.writedata) for writedata
    st7735.o(i.ST7735_DrawFastVLine) refers to st7735.o(.data) for _width
    st7735.o(i.ST7735_DrawPixel) refers to st7735.o(i.setAddrWindow) for setAddrWindow
    st7735.o(i.ST7735_DrawPixel) refers to st7735.o(i.pushColor) for pushColor
    st7735.o(i.ST7735_DrawPixel) refers to st7735.o(.data) for _width
    st7735.o(i.ST7735_FillRect) refers to st7735.o(i.setAddrWindow) for setAddrWindow
    st7735.o(i.ST7735_FillRect) refers to st7735.o(i.writedata) for writedata
    st7735.o(i.ST7735_FillRect) refers to st7735.o(.data) for _width
    st7735.o(i.ST7735_FillScreen) refers to st7735.o(i.ST7735_FillRect) for ST7735_FillRect
    st7735.o(i.ST7735_FillScreen) refers to st7735.o(.data) for _height
    st7735.o(i.ST7735_InitB) refers to st7735.o(i.commonInit) for commonInit
    st7735.o(i.ST7735_InitB) refers to os.o(i.OS_InitSemaphore) for OS_InitSemaphore
    st7735.o(i.ST7735_InitB) refers to st7735.o(.constdata) for Bcmd
    st7735.o(i.ST7735_InitB) refers to st7735.o(.bss) for LCDFree
    st7735.o(i.ST7735_InitR) refers to st7735.o(i.commonInit) for commonInit
    st7735.o(i.ST7735_InitR) refers to st7735.o(i.commandList) for commandList
    st7735.o(i.ST7735_InitR) refers to st7735.o(i.writecommand) for writecommand
    st7735.o(i.ST7735_InitR) refers to st7735.o(i.writedata) for writedata
    st7735.o(i.ST7735_InitR) refers to os.o(i.OS_InitSemaphore) for OS_InitSemaphore
    st7735.o(i.ST7735_InitR) refers to st7735.o(.constdata) for Rcmd1
    st7735.o(i.ST7735_InitR) refers to st7735.o(.data) for ColStart
    st7735.o(i.ST7735_InitR) refers to st7735.o(.bss) for LCDFree
    st7735.o(i.ST7735_InvertDisplay) refers to st7735.o(i.writecommand) for writecommand
    st7735.o(i.ST7735_Message) refers to os.o(i.OS_bWait) for OS_bWait
    st7735.o(i.ST7735_Message) refers to st7735.o(i.ST7735_OutString) for ST7735_OutString
    st7735.o(i.ST7735_Message) refers to st7735.o(i.ST7735_OutUDec2) for ST7735_OutUDec2
    st7735.o(i.ST7735_Message) refers to os.o(i.OS_bSignal) for OS_bSignal
    st7735.o(i.ST7735_Message) refers to st7735.o(.bss) for LCDFree
[...]
    printf3.o(i.__0vfprintf$3) refers to printf3.o(i._printf_core) for _printf_core
    printf3.o(i.__0vfprintf$3) refers to efile.o(i.fputc) for fputc
    printf3.o(i.__0vprintf$3) refers to printf3.o(i._printf_core) for _printf_core
    printf3.o(i.__0vprintf$3) refers to efile.o(i.fputc) for fputc
    printf3.o(i.__0vprintf$3) refers to stdout.o(.data) for __stdout
    printf3.o(i.__0vsnprintf$3) refers to printf3.o(i._printf_core) for _printf_core
    printf3.o(i.__0vsnprintf$3) refers to printf3.o(i._snputc) for _snputc
    printf3.o(i.__0vsprintf$3) refers to printf3.o(i._printf_core) for _printf_core
    printf3.o(i.__0vsprintf$3) refers to printf3.o(i._sputc) for _sputc
    printf3.o(i._printf_core) refers to uidiv.o(.text) for __aeabi_uidivmod
    printf4.o(i.__0fprintf$4) refers to printf4.o(i._printf_core) for _printf_core
    printf4.o(i.__0fprintf$4) refers to efile.o(i.fputc) for fputc
    printf4.o(i.__0printf$4) refers to printf4.o(i._printf_core) for _printf_core
    printf4.o(i.__0printf$4) refers to efile.o(i.fputc) for fputc
    printf4.o(i.__0printf$4) refers to stdout.o(.data) for __stdout
    printf4.o(i.__0snprintf$4) refers to printf4.o(i._printf_core) for _printf_core
    printf4.o(i.__0snprintf$4) refers to printf4.o(i._snputc) for _snputc
    printf4.o(i.__0sprintf$4) refers to printf4.o(i._printf_core) for _printf_core
    printf4.o(i.__0sprintf$4) refers to printf4.o(i._sputc) for _sputc
    printf4.o(i.__0vfprintf$4) refers to printf4.o(i._printf_core) for _printf_core
    printf4.o(i.__0vfprintf$4) refers to efile.o(i.fputc) for fputc
    printf4.o(i.__0vprintf$4) refers to printf4.o(i._printf_core) for _printf_core
    printf4.o(i.__0vprintf$4) refers to efile.o(i.fputc) for fputc
    printf4.o(i.__0vprintf$4) refers to stdout.o(.data) for __stdout
    printf4.o(i.__0vsnprintf$4) refers to printf4.o(i._printf_core) for _printf_core
    printf4.o(i.__0vsnprintf$4) refers to printf4.o(i._snputc) for _snputc
    printf4.o(i.__0vsprintf$4) refers to printf4.o(i._printf_core) for _printf_core
    printf4.o(i.__0vsprintf$4) refers to printf4.o(i._sputc) for _sputc
    printf4.o(i._printf_core) refers to uldiv.o(.text) for __aeabi_uldivmod
    printf5.o(i.__0fprintf$5) refers to printf5.o(i._printf_core) for _printf_core
    printf5.o(i.__0fprintf$5) refers to efile.o(i.fputc) for fputc
    printf5.o(i.__0printf$5) refers to printf5.o(i._printf_core) for _printf_core
    printf5.o(i.__0printf$5) refers to efile.o(i.fputc) for fputc
    printf5.o(i.__0printf$5) refers to stdout.o(.data) for __stdout
    printf5.o(i.__0snprintf$5) refers to printf5.o(i._printf_core) for _printf_core
    printf5.o(i.__0snprintf$5) refers to printf5.o(i._snputc) for _snputc
    printf5.o(i.__0sprintf$5) refers to printf5.o(i._printf_core) for _printf_core
    printf5.o(i.__0sprintf$5) refers to printf5.o(i._sputc) for _sputc
    printf5.o(i.__0vfprintf$5) refers to printf5.o(i._printf_core) for _printf_core
    printf5.o(i.__0vfprintf$5) refers to efile.o(i.fputc) for fputc
    printf5.o(i.__0vprintf$5) refers to printf5.o(i._printf_core) for _printf_core
    printf5.o(i.__0vprintf$5) refers to efile.o(i.fputc) for fputc
    printf5.o(i.__0vprintf$5) refers to stdout.o(.data) for __stdout
    printf5.o(i.__0vsnprintf$5) refers to printf5.o(i._printf_core) for _printf_core
    printf5.o(i.__0vsnprintf$5) refers to printf5.o(i._snputc) for _snputc
    printf5.o(i.__0vsprintf$5) refers to printf5.o(i._printf_core) for _printf_core
    printf5.o(i.__0vsprintf$5) refers to printf5.o(i._sputc) for _sputc
    printf5.o(i._printf_core) refers to uldiv.o(.text) for __aeabi_uldivmod
    printf6.o(i.__0fprintf$6) refers to printf6.o(i._printf_core) for _printf_core
    printf6.o(i.__0fprintf$6) refers to efile.o(i.fputc) for fputc
    printf6.o(i.__0printf$6) refers to printf6.o(i._printf_core) for _printf_core
    printf6.o(i.__0printf$6) refers to efile.o(i.fputc) for fputc
    printf6.o(i.__0printf$6) refers to stdout.o(.data) for __stdout
    printf6.o(i.__0snprintf$6) refers to printf6.o(i._printf_core) for _printf_core
    printf6.o(i.__0snprintf$6) refers to printf6.o(i._snputc) for _snputc
    printf6.o(i.__0sprintf$6) refers to printf6.o(i._printf_core) for _printf_core
    printf6.o(i.__0sprintf$6) refers to printf6.o(i._sputc) for _sputc
    printf6.o(i.__0vfprintf$6) refers to printf6.o(i._printf_core) for _printf_core
    printf6.o(i.__0vfprintf$6) refers to efile.o(i.fputc) for fputc
    printf6.o(i.__0vprintf$6) refers to printf6.o(i._printf_core) for _printf_core
    printf6.o(i.__0vprintf$6) refers to efile.o(i.fputc) for fputc
    printf6.o(i.__0vprintf$6) refers to stdout.o(.data) for __stdout
    printf6.o(i.__0vsnprintf$6) refers to printf6.o(i._printf_core) for _printf_core
    printf6.o(i.__0vsnprintf$6) refers to printf6.o(i._snputc) for _snputc
    printf6.o(i.__0vsprintf$6) refers to printf6.o(i._printf_core) for _printf_core
    printf6.o(i.__0vsprintf$6) refers to printf6.o(i._sputc) for _sputc
    printf6.o(i._printf_core) refers to printf6.o(i._printf_pre_padding) for _printf_pre_padding
    printf6.o(i._printf_core) refers to uidiv.o(.text) for __aeabi_uidivmod
    printf6.o(i._printf_core) refers to printf6.o(i._printf_post_padding) for _printf_post_padding
    printf7.o(i.__0fprintf$7) refers to printf7.o(i._printf_core) for _printf_core
    printf7.o(i.__0fprintf$7) refers to efile.o(i.fputc) for fputc
    printf7.o(i.__0printf$7) refers to printf7.o(i._printf_core) for _printf_core
    printf7.o(i.__0printf$7) refers to efile.o(i.fputc) for fputc
    printf7.o(i.__0printf$7) refers to stdout.o(.data) for __stdout
    printf7.o(i.__0snprintf$7) refers to printf7.o(i._printf_core) for _printf_core
    printf7.o(i.__0snprintf$7) refers to printf7.o(i._snputc) for _snputc
    printf7.o(i.__0sprintf$7) refers to printf7.o(i._printf_core) for _printf_core
    printf7.o(i.__0sprintf$7) refers to printf7.o(i._sputc) for _sputc
    printf7.o(i.__0vfprintf$7) refers to printf7.o(i._printf_core) for _printf_core
    printf7.o(i.__0vfprintf$7) refers to efile.o(i.fputc) for fputc
    printf7.o(i.__0vprintf$7) refers to printf7.o(i._printf_core) for _printf_core
    printf7.o(i.__0vprintf$7) refers to efile.o(i.fputc) for fputc
    printf7.o(i.__0vprintf$7) refers to stdout.o(.data) for __stdout
    printf7.o(i.__0vsnprintf$7) refers to printf7.o(i._printf_core) for _printf_core
    printf7.o(i.__0vsnprintf$7) refers to printf7.o(i._snputc) for _snputc
    printf7.o(i.__0vsprintf$7) refers to printf7.o(i._printf_core) for _printf_core
    printf7.o(i.__0vsprintf$7) refers to printf7.o(i._sputc) for _sputc
    printf7.o(i._printf_core) refers to printf7.o(i._printf_pre_padding) for _printf_pre_padding
    printf7.o(i._printf_core) refers to uldiv.o(.text) for __aeabi_uldivmod
    printf7.o(i._printf_core) refers to printf7.o(i._printf_post_padding) for _printf_post_padding
    printf8.o(i.__0fprintf$8) refers to printf8.o(i._printf_core) for _printf_core
    printf8.o(i.__0fprintf$8) refers to efile.o(i.fputc) for fputc
    printf8.o(i.__0printf$8) refers to printf8.o(i._printf_core) for _printf_core
    printf8.o(i.__0printf$8) refers to efile.o(i.fputc) for fputc
    printf8.o(i.__0printf$8) refers to stdout.o(.data) for __stdout
    printf8.o(i.__0snprintf$8) refers to printf8.o(i._printf_core) for _printf_core
    printf8.o(i.__0snprintf$8) refers to printf8.o(i._snputc) for _snputc
    printf8.o(i.__0sprintf$8) refers to printf8.o(i._printf_core) for _printf_core
    printf8.o(i.__0sprintf$8) refers to printf8.o(i._sputc) for _sputc
    printf8.o(i.__0vfprintf$8) refers to printf8.o(i._printf_core) for _printf_core
    printf8.o(i.__0vfprintf$8) refers to efile.o(i.fputc) for fputc
    printf8.o(i.__0vprintf$8) refers to printf8.o(i._printf_core) for _printf_core
    printf8.o(i.__0vprintf$8) refers to efile.o(i.fputc) for fputc
    printf8.o(i.__0vprintf$8) refers to stdout.o(.data) for __stdout
    printf8.o(i.__0vsnprintf$8) refers to printf8.o(i._printf_core) for _printf_core
    printf8.o(i.__0vsnprintf$8) refers to printf8.o(i._snputc) for _snputc
    printf8.o(i.__0vsprintf$8) refers to printf8.o(i._printf_core) for _printf_core
    printf8.o(i.__0vsprintf$8) refers to printf8.o(i._sputc) for _sputc
    printf8.o(i._printf_core) refers to printf8.o(i._printf_pre_padding) for _printf_pre_padding
    printf8.o(i._printf_core) refers to uldiv.o(.text) for __aeabi_uldivmod
    printf8.o(i._printf_core) refers to printf8.o(i._printf_post_padding) for _printf_post_padding
    printfa.o(i.__0fprintf) refers (Special) to iusefp.o(.text) for __I$use$fp
    printfa.o(i.__0fprintf) refers to printfa.o(i._printf_core) for _printf_core
    printfa.o(i.__0fprintf) refers to efile.o(i.fputc) for fputc
    printfa.o(i.__0printf) refers (Special) to iusefp.o(.text) for __I$use$fp
    printfa.o(i.__0printf) refers to printfa.o(i._printf_core) for _printf_core
    printfa.o(i.__0printf) refers to efile.o(i.fputc) for fputc
    printfa.o(i.__0printf) refers to stdout.o(.data) for __stdout
    printfa.o(i.__0snprintf) refers (Special) to iusefp.o(.text) for __I$use$fp
    printfa.o(i.__0snprintf) refers to printfa.o(i._printf_core) for _printf_core
    printfa.o(i.__0snprintf) refers to printfa.o(i._snputc) for _snputc
    printfa.o(i.__0sprintf) refers (Special) to iusefp.o(.text) for __I$use$fp
    printfa.o(i.__0sprintf) refers to printfa.o(i._printf_core) for _printf_core
    printfa.o(i.__0sprintf) refers to printfa.o(i._sputc) for _sputc
    printfa.o(i.__0vfprintf) refers (Special) to iusefp.o(.text) for __I$use$fp
    printfa.o(i.__0vfprintf) refers to printfa.o(i._printf_core) for _printf_core
    printfa.o(i.__0vfprintf) refers to efile.o(i.fputc) for fputc
    printfa.o(i.__0vprintf) refers (Special) to iusefp.o(.text) for __I$use$fp
    printfa.o(i.__0vprintf) refers to printfa.o(i._printf_core) for _printf_core
    printfa.o(i.__0vprintf) refers to efile.o(i.fputc) for fputc
    printfa.o(i.__0vprintf) refers to stdout.o(.data) for __stdout
    printfa.o(i.__0vsnprintf) refers (Special) to iusefp.o(.text) for __I$use$fp
    printfa.o(i.__0vsnprintf) refers to printfa.o(i._printf_core) for _printf_core
    printfa.o(i.__0vsnprintf) refers to printfa.o(i._snputc) for _snputc
    printfa.o(i.__0vsprintf) refers (Special) to iusefp.o(.text) for __I$use$fp
    printfa.o(i.__0vsprintf) refers to printfa.o(i._printf_core) for _printf_core
    printfa.o(i.__0vsprintf) refers to printfa.o(i._sputc) for _sputc
    printfa.o(i._fp_digits) refers (Special) to iusefp.o(.text) for __I$use$fp
    printfa.o(i._fp_digits) refers to dmul.o(.text) for __aeabi_dmul
    printfa.o(i._fp_digits) refers to ddiv.o(.text) for __aeabi_ddiv
    printfa.o(i._fp_digits) refers to cdrcmple.o(.text) for __aeabi_cdrcmple
    printfa.o(i._fp_digits) refers to dadd.o(.text) for __aeabi_dadd
    printfa.o(i._fp_digits) refers to dfixul.o(.text) for __aeabi_d2ulz
    printfa.o(i._fp_digits) refers to uldiv.o(.text) for __aeabi_uldivmod
    printfa.o(i._printf_core) refers (Special) to iusefp.o(.text) for __I$use$fp
    printfa.o(i._printf_core) refers to printfa.o(i._printf_pre_padding) for _printf_pre_padding
    printfa.o(i._printf_core) refers to uldiv.o(.text) for __aeabi_uldivmod
    printfa.o(i._printf_core) refers to printfa.o(i._printf_post_padding) for _printf_post_padding
    printfa.o(i._printf_core) refers to printfa.o(i._fp_digits) for _fp_digits
    printfa.o(i._printf_core) refers to uidiv.o(.text) for __aeabi_uidivmod
    printfa.o(i._printf_post_padding) refers (Special) to iusefp.o(.text) for __I$use$fp
    printfa.o(i._printf_pre_padding) refers (Special) to iusefp.o(.text) for __I$use$fp
    printfa.o(i._snputc) refers (Special) to iusefp.o(.text) for __I$use$fp
    printfa.o(i._sputc) refers (Special) to iusefp.o(.text) for __I$use$fp
    entry2.o(.ARM.Collect$$$$00000001) refers to entry2.o(.ARM.Collect$$$$00002712) for __lit__00000000
    entry2.o(.ARM.Collect$$$$00002712) refers to startup.o(STACK) for __initial_sp
    entry2.o(__vectab_stack_and_reset_area) refers to startup.o(STACK) for __initial_sp
    entry2.o(__vectab_stack_and_reset_area) refers to entry.o(.ARM.Collect$$$$00000000) for __main
    entry5.o(.ARM.Collect$$$$00000004) refers to init.o(.text) for __scatterload
    entry9a.o(.ARM.Collect$$$$0000000B) refers to lab4.o(i.main) for main
    entry9b.o(.ARM.Collect$$$$0000000C) refers to lab4.o(i.main) for main
    uldiv.o(.text) refers to llushr.o(.text) for __aeabi_llsr
    uldiv.o(.text) refers to llshl.o(.text) for __aeabi_llsl
    dadd.o(.text) refers to llshl.o(.text) for __aeabi_llsl
    dadd.o(.text) refers to llsshr.o(.text) for __aeabi_lasr
    dadd.o(.text) refers to depilogue.o(.text) for _double_epilogue
    dmul.o(.text) refers to depilogue.o(.text) for _double_epilogue
    ddiv.o(.text) refers to depilogue.o(.text) for _double_round
    dfixul.o(.text) refers to llushr.o(.text) for __aeabi_llsr
    dfixul.o(.text) refers to llshl.o(.text) for __aeabi_llsl
    init.o(.text) refers to entry5.o(.ARM.Collect$$$$00000004) for __main_after_scatterload
    depilogue.o(.text) refers to llshl.o(.text) for __aeabi_llsl
    depilogue.o(.text) refers to llushr.o(.text) for __aeabi_llsr


==============================================================================

Removing Unused input sections from the image.

    Removing startup.o(HEAP), (0 bytes).
    Removing st7735.o(i.Output_Clear), (10 bytes).
    Removing st7735.o(i.Output_Off), (8 bytes).
    Removing st7735.o(i.Output_On), (8 bytes).
    Removing st7735.o(i.ST7735_Color565), (24 bytes).
    Removing st7735.o(i.ST7735_DrawBitmap), (288 bytes).
    Removing st7735.o(i.ST7735_DrawChar), (284 bytes).
    Removing st7735.o(i.ST7735_DrawFastHLine), (124 bytes).
    Removing st7735.o(i.ST7735_DrawFastVLine), (124 bytes).
    Removing st7735.o(i.ST7735_InitB), (28 bytes).
    Removing st7735.o(i.ST7735_InvertDisplay), (22 bytes).
    Removing st7735.o(i.ST7735_Message), (60 bytes).
    Removing st7735.o(i.ST7735_OutUDec), (68 bytes).
    Removing st7735.o(i.ST7735_OutUDec2), (80 bytes).
    Removing st7735.o(i.ST7735_SetRotation), (212 bytes).
    Removing st7735.o(i.ST7735_SwapColor), (18 bytes).
    Removing st7735.o(i.fillmessage), (72 bytes).
    Removing uart2.o(i.Fixed_Fix2Str), (252 bytes).
    Removing uart2.o(i.RxFifo_Get), (60 bytes).
    Removing uart2.o(i.UART_Fix2), (20 bytes).
    Removing uart2.o(i.UART_InChar), (12 bytes).
    Removing uart2.o(i.UART_InString), (70 bytes).
    Removing uart2.o(i.UART_InToken), (78 bytes).
    Removing uart2.o(i.UART_InUDec), (76 bytes).
    Removing uart2.o(i.UART_InUHex), (108 bytes).
    Removing uart2.o(i.UART_OutSDec), (24 bytes).
    Removing uart2.o(i.UART_OutString), (24 bytes).
    Removing uart2.o(i.UART_OutUDec), (42 bytes).
    Removing uart2.o(i.UART_OutUDec3), (168 bytes).
    Removing uart2.o(i.UART_OutUDec5), (448 bytes).
    Removing uart2.o(i.UART_OutUHex), (52 bytes).
    Removing os.o(i.Jitter), (56 bytes).
    Removing os.o(i.OS_ClearDongs), (36 bytes).
    Removing os.o(i.OS_ClearMsTime), (12 bytes).
    Removing os.o(i.OS_DITime), (16 bytes).
    Removing os.o(i.OS_DumpDongs), (60 bytes).
    Removing os.o(i.OS_EITime), (56 bytes).
    Removing os.o(i.OS_Fifo_Get), (88 bytes).
    Removing os.o(i.OS_Fifo_Init), (68 bytes).
    Removing os.o(i.OS_Fifo_Put), (104 bytes).
    Removing os.o(i.OS_Fifo_Size), (12 bytes).
    Removing os.o(i.OS_MailBox_Init), (28 bytes).
    Removing os.o(i.OS_MailBox_Recv), (36 bytes).
    Removing os.o(i.OS_MailBox_Send), (36 bytes).
    Removing os.o(i.OS_MsTime), (12 bytes).
    Removing os.o(i.OS_ResetDongs), (12 bytes).
    Removing os.o(i.OS_Sleep), (52 bytes).
    Removing os.o(i.OS_Suspend), (24 bytes).
    Removing os.o(i.OS_bSignal), (36 bytes).
    Removing os.o(i.OS_bWait), (44 bytes).
    Removing os.o(i.PushToList), (22 bytes).
    Removing os.o(i.disarmButt), (40 bytes).
    Removing adc.o(i.ADC_Collect), (1160 bytes).
    Removing adc.o(i.ADC_In), (44 bytes).
    Removing adc.o(i.ADC_Init), (984 bytes).
    Removing adc.o(i.dummyADC), (2 bytes).
    Removing cr4_fft_64_stm32.o(.text), (718 bytes).
    Removing interpreter.o(i.Interpreter), (252 bytes).
    Removing interpreter.o(i.OutCRLF), (16 bytes).
    Removing interpreter.o(i.heartBeatInit), (108 bytes).
    Removing interpreter.o(i.toggleLed), (20 bytes).
    Removing edisk.o(i.eDisk_Status), (20 bytes).
    Removing efile.o(i.eFile_RClose), (24 bytes).
    Removing efile.o(i.eFile_RedirectToFile), (36 bytes).
    Removing efile.o(i.fgetc), (20 bytes).
    Removing lab4.o(i.ADC2millimeter), (32 bytes).
    Removing lab4.o(i.DAS), (184 bytes).
    Removing lab4.o(i.DSP), (96 bytes).
    Removing lab4.o(i.Producer), (56 bytes).
    Removing lab4.o(i.Robot), (308 bytes).
    Removing lab4.o(i.RunTest), (32 bytes).
    Removing lab4.o(i.SW1Push), (48 bytes).
    Removing lab4.o(i.SW2Push), (2 bytes).
    Removing lab4.o(i.Testmain0), (108 bytes).
    Removing lab4.o(i.Thread1), (40 bytes).
    Removing lab4.o(i.Thread2), (40 bytes).
    Removing lab4.o(i.Thread3), (40 bytes).
    Removing lab4.o(i.median), (46 bytes).
    Removing lab4.o(i.testmain1), (128 bytes).
    Removing lab4.o(i.testmainR), (232 bytes).
    Removing lab4.o(i.testmainW), (144 bytes).
    Removing lab4.o(i.theRealmain), (216 bytes).
    Removing systick.o(i.SysTick_Init), (24 bytes).
    Removing dadd.o(.text), (334 bytes).
    Removing dmul.o(.text), (228 bytes).
    Removing ddiv.o(.text), (222 bytes).
    Removing dfixul.o(.text), (48 bytes).
    Removing cdrcmple.o(.text), (40 bytes).
    Removing depilogue.o(.text), (190 bytes).

89 unused section(s) (total 9956 bytes) removed from the image.

==============================================================================

Image Symbol Table

    Local Symbols

    Symbol Name                              Value     Ov Type        Size  Object(Section)

    RESET                                    0x00000000   Section      644  startup.o(RESET)
    ../clib/microlib/division.c              0x00000000   Number         0  uidiv.o ABSOLUTE
    ../clib/microlib/division.c              0x00000000   Number         0  uldiv.o ABSOLUTE
    ../clib/microlib/init/entry.s            0x00000000   Number         0  entry8a.o ABSOLUTE
    ../clib/microlib/init/entry.s            0x00000000   Number         0  entry.o ABSOLUTE
    ../clib/microlib/init/entry.s            0x00000000   Number         0  entry10a.o ABSOLUTE
    ../clib/microlib/init/entry.s            0x00000000   Number         0  entry9a.o ABSOLUTE
    ../clib/microlib/init/entry.s            0x00000000   Number         0  entry10b.o ABSOLUTE
    ../clib/microlib/init/entry.s            0x00000000   Number         0  entry8b.o ABSOLUTE
    ../clib/microlib/init/entry.s            0x00000000   Number         0  entry11a.o ABSOLUTE
    ../clib/microlib/init/entry.s            0x00000000   Number         0  entry11b.o ABSOLUTE
    ../clib/microlib/init/entry.s            0x00000000   Number         0  entry7b.o ABSOLUTE
    ../clib/microlib/init/entry.s            0x00000000   Number         0  entry7a.o ABSOLUTE
    ../clib/microlib/init/entry.s            0x00000000   Number         0  entry5.o ABSOLUTE
    ../clib/microlib/init/entry.s            0x00000000   Number         0  entry2.o ABSOLUTE
    ../clib/microlib/init/entry.s            0x00000000   Number         0  entry9b.o ABSOLUTE
    ../clib/microlib/longlong.c              0x00000000   Number         0  llshl.o ABSOLUTE
    ../clib/microlib/longlong.c              0x00000000   Number         0  llushr.o ABSOLUTE
    ../clib/microlib/longlong.c              0x00000000   Number         0  llsshr.o ABSOLUTE
    ../clib/microlib/printf/printf.c         0x00000000   Number         0  printf6.o ABSOLUTE
    ../clib/microlib/printf/printf.c         0x00000000   Number         0  printfa.o ABSOLUTE
    ../clib/microlib/printf/printf.c         0x00000000   Number         0  printf8.o ABSOLUTE
    ../clib/microlib/printf/printf.c         0x00000000   Number         0  printf7.o ABSOLUTE
    ../clib/microlib/printf/printf.c         0x00000000   Number         0  printf5.o ABSOLUTE
    ../clib/microlib/printf/printf.c         0x00000000   Number         0  printf4.o ABSOLUTE
    ../clib/microlib/printf/printf.c         0x00000000   Number         0  printf3.o ABSOLUTE
    ../clib/microlib/printf/printf.c         0x00000000   Number         0  printf2.o ABSOLUTE
    ../clib/microlib/printf/printf.c         0x00000000   Number         0  printf1.o ABSOLUTE
    ../clib/microlib/printf/printf.c         0x00000000   Number         0  printf0.o ABSOLUTE
    ../clib/microlib/printf/printf.c         0x00000000   Number         0  printfb.o ABSOLUTE
    ../clib/microlib/printf/stubs.s          0x00000000   Number         0  stubs.o ABSOLUTE
    ../clib/microlib/stdio/streams.c         0x00000000   Number         0  stdout.o ABSOLUTE
    ../clib/microlib/string/strcpy.c         0x00000000   Number         0  strcpy.o ABSOLUTE
    ../clib/microlib/string/strncmp.c        0x00000000   Number         0  strncmp.o ABSOLUTE
    ../clib/microlib/stubs.s                 0x00000000   Number         0  iusefp.o ABSOLUTE
    ../fplib/microlib/fpadd.c                0x00000000   Number         0  dadd.o ABSOLUTE
    ../fplib/microlib/fpdiv.c                0x00000000   Number         0  ddiv.o ABSOLUTE
    ../fplib/microlib/fpepilogue.c           0x00000000   Number         0  depilogue.o ABSOLUTE
    ../fplib/microlib/fpfix.c                0x00000000   Number         0  dfixul.o ABSOLUTE
    ../fplib/microlib/fpmul.c                0x00000000   Number         0  dmul.o ABSOLUTE
    ADC.c                                    0x00000000   Number         0  adc.o ABSOLUTE
    Interpreter.c                            0x00000000   Number         0  interpreter.o ABSOLUTE
    Lab4.c                                   0x00000000   Number         0  lab4.o ABSOLUTE
    OS.c                                     0x00000000   Number         0  os.o ABSOLUTE
    PLL.c                                    0x00000000   Number         0  pll.o ABSOLUTE
    ST7735.c                                 0x00000000   Number         0  st7735.o ABSOLUTE
    SysTick.c                                0x00000000   Number         0  systick.o ABSOLUTE
    UART2.c                                  0x00000000   Number         0  uart2.o ABSOLUTE
    cdrcmple.s                               0x00000000   Number         0  cdrcmple.o ABSOLUTE
    cr4_fft_64_stm32.s                       0x00000000   Number         0  cr4_fft_64_stm32.o ABSOLUTE
    dc.s                                     0x00000000   Number         0  dc.o ABSOLUTE
    eDisk.c                                  0x00000000   Number         0  edisk.o ABSOLUTE
    efile.c                                  0x00000000   Number         0  efile.o ABSOLUTE
    handlers.s                               0x00000000   Number         0  handlers.o ABSOLUTE
    init.s                                   0x00000000   Number         0  init.o ABSOLUTE
    osasm.s                                  0x00000000   Number         0  osasm.o ABSOLUTE
    startup.s                                0x00000000   Number         0  startup.o ABSOLUTE
    .ARM.Collect$$$$00000000                 0x00000284   Section        0  entry.o(.ARM.Collect$$$$00000000)
    .ARM.Collect$$$$00000001                 0x00000284   Section        4  entry2.o(.ARM.Collect$$$$00000001)
    .ARM.Collect$$$$00000004                 0x00000288   Section        4  entry5.o(.ARM.Collect$$$$00000004)
    .ARM.Collect$$$$00000008                 0x0000028c   Section        0  entry7b.o(.ARM.Collect$$$$00000008)
    .ARM.Collect$$$$0000000A                 0x0000028c   Section        0  entry8b.o(.ARM.Collect$$$$0000000A)
    .ARM.Collect$$$$0000000B                 0x0000028c   Section        8  entry9a.o(.ARM.Collect$$$$0000000B)
    .ARM.Collect$$$$0000000D                 0x00000294   Section        0  entry10a.o(.ARM.Collect$$$$0000000D)
    .ARM.Collect$$$$0000000F                 0x00000294   Section        0  entry11a.o(.ARM.Collect$$$$0000000F)
    .ARM.Collect$$$$00002712                 0x00000294   Section        4  entry2.o(.ARM.Collect$$$$00002712)
    __lit__00000000                          0x00000294   Data           4  entry2.o(.ARM.Collect$$$$00002712)
    .text                                    0x00000298   Section       28  startup.o(.text)
    .text                                    0x000002b4   Section      104  osasm.o(.text)
    .text                                    0x0000031c   Section        0  strncmp.o(.text)
    .text                                    0x0000033a   Section        0  uidiv.o(.text)
    .text                                    0x00000368   Section       36  init.o(.text)
    i.ADC0Seq0_Handler                       0x0000038c   Section        0  adc.o(i.ADC0Seq0_Handler)
    i.AddToPriorityList                      0x000003b0   Section        0  os.o(i.AddToPriorityList)
    i.Block                                  0x000003f6   Section        0  os.o(i.Block)
    i.CS_Init                                0x00000410   Section        0  edisk.o(i.CS_Init)
    i.ClearDir                               0x00000498   Section        0  efile.o(i.ClearDir)
    i.ClearFAT                               0x000004c0   Section        0  efile.o(i.ClearFAT)
    i.Delay1ms                               0x000004f0   Section        0  st7735.o(i.Delay1ms)
    i.FindLastBlock                          0x00000510   Section        0  efile.o(i.FindLastBlock)
    i.GPIOPortF_Handler                      0x00000538   Section        0  os.o(i.GPIOPortF_Handler)
    i.IdleTask                               0x00000588   Section        0  lab4.o(i.IdleTask)
    i.LinkThread                             0x0000059c   Section        0  os.o(i.LinkThread)
    i.LoadDirectory                          0x000005f0   Section        0  efile.o(i.LoadDirectory)
    i.LoadFAT                                0x00000670   Section        0  efile.o(i.LoadFAT)
    i.OS_AddPeriodicThread                   0x00000684   Section        0  os.o(i.OS_AddPeriodicThread)
    i.OS_AddSW1Task                          0x0000074c   Section        0  os.o(i.OS_AddSW1Task)
    i.OS_AddSW2Task                          0x00000780   Section        0  os.o(i.OS_AddSW2Task)
    i.OS_AddThread                           0x000007b4   Section        0  os.o(i.OS_AddThread)
    i.OS_Id                                  0x00000848   Section        0  os.o(i.OS_Id)
    i.OS_Init                                0x00000858   Section        0  os.o(i.OS_Init)
    i.OS_InitSemaphore                       0x000008cc   Section        0  os.o(i.OS_InitSemaphore)
    i.OS_Kill                                0x000008e8   Section        0  os.o(i.OS_Kill)
    i.OS_Launch                              0x0000090c   Section        0  os.o(i.OS_Launch)
    i.OS_SelectNextThread                    0x00000924   Section        0  os.o(i.OS_SelectNextThread)
    i.OS_Signal                              0x0000097c   Section        0  os.o(i.OS_Signal)
    i.OS_SwitchThread                        0x000009a0   Section        0  os.o(i.OS_SwitchThread)
    i.OS_Time                                0x000009b0   Section        0  os.o(i.OS_Time)
    i.OS_TimeDifference                      0x000009c8   Section        0  os.o(i.OS_TimeDifference)
    i.OS_Wait                                0x000009d4   Section        0  os.o(i.OS_Wait)
    i.Output_Init                            0x00000a00   Section        0  st7735.o(i.Output_Init)
    i.PLL_Init                               0x00000a1c   Section        0  pll.o(i.PLL_Init)
    i.PopFromList                            0x00000a98   Section        0  os.o(i.PopFromList)
    i.PortD_Init                             0x00000aac   Section        0  lab4.o(i.PortD_Init)
    i.PortF_Init                             0x00000b18   Section        0  os.o(i.PortF_Init)
    i.RecordDongs                            0x00000bf4   Section        0  os.o(i.RecordDongs)
    i.RemoveFromList                         0x00000c30   Section        0  os.o(i.RemoveFromList)
    i.RxFifo_Init                            0x00000c54   Section        0  uart2.o(i.RxFifo_Init)
    i.RxFifo_Put                             0x00000c7c   Section        0  uart2.o(i.RxFifo_Put)
    i.RxFifo_Size                            0x00000cc0   Section        0  uart2.o(i.RxFifo_Size)
    i.SSI0_Init                              0x00000cd8   Section        0  edisk.o(i.SSI0_Init)
    i.ST7735_DrawCharS                       0x00000e24   Section        0  st7735.o(i.ST7735_DrawCharS)
    i.ST7735_DrawPixel                       0x00000f20   Section        0  st7735.o(i.ST7735_DrawPixel)
    i.ST7735_FillRect                        0x00000f6c   Section        0  st7735.o(i.ST7735_FillRect)
    i.ST7735_FillScreen                      0x00001018   Section        0  st7735.o(i.ST7735_FillScreen)
    i.ST7735_InitR                           0x0000103c   Section        0  st7735.o(i.ST7735_InitR)
    i.ST7735_OutString                       0x000010a8   Section        0  st7735.o(i.ST7735_OutString)
    i.SW1Push1                               0x00001100   Section        0  lab4.o(i.SW1Push1)
    i.SW1Push2                               0x00001130   Section        0  lab4.o(i.SW1Push2)
    i.SetInitialStack                        0x00001160   Section        0  os.o(i.SetInitialStack)
    i.StoreDir                               0x000012b0   Section        0  efile.o(i.StoreDir)
    i.StoreFAT                               0x00001348   Section        0  efile.o(i.StoreFAT)
    i.SysTick_Handler                        0x0000135c   Section        0  systick.o(i.SysTick_Handler)
    i.TestDisk                               0x00001370   Section        0  lab4.o(i.TestDisk)
    i.TestFile                               0x00001590   Section        0  lab4.o(i.TestFile)
    i.Timer5A_Handler                        0x000017dc   Section        0  os.o(i.Timer5A_Handler)
    i.Timer5A_Init                           0x00001830   Section        0  os.o(i.Timer5A_Init)
    i.TxFifo_Get                             0x00001898   Section        0  uart2.o(i.TxFifo_Get)
    i.TxFifo_Init                            0x000018e8   Section        0  uart2.o(i.TxFifo_Init)
    i.TxFifo_Put                             0x00001910   Section        0  uart2.o(i.TxFifo_Put)
    i.TxFifo_Size                            0x00001948   Section        0  uart2.o(i.TxFifo_Size)
    i.UART0_Handler                          0x00001960   Section        0  uart2.o(i.UART0_Handler)
    i.UART_Init                              0x000019b8   Section        0  uart2.o(i.UART_Init)
    i.UART_OutChar                           0x00001a80   Section        0  uart2.o(i.UART_OutChar)
    i.UnlinkThread                           0x00001aac   Section        0  os.o(i.UnlinkThread)
    i.WTimer0A_Init                          0x00001af8   Section        0  os.o(i.WTimer0A_Init)
    i.WTimer0B_Init                          0x00001b48   Section        0  os.o(i.WTimer0B_Init)
    i.WTimer5A_Init                          0x00001b84   Section        0  os.o(i.WTimer5A_Init)
    i.WakeUp                                 0x00001be0   Section        0  os.o(i.WakeUp)
    i.WideTimer0A_Handler                    0x00001bf8   Section        0  os.o(i.WideTimer0A_Handler)
    i.WideTimer0B_Handler                    0x00001c90   Section        0  os.o(i.WideTimer0B_Handler)
    i.WideTimer5A_Handler                    0x00001d28   Section        0  os.o(i.WideTimer5A_Handler)
    i.__0printf$6                            0x00001d48   Section        0  printf6.o(i.__0printf$6)
    i.__scatterload_copy                     0x00001d68   Section       14  handlers.o(i.__scatterload_copy)
    i.__scatterload_null                     0x00001d76   Section        2  handlers.o(i.__scatterload_null)
    i.__scatterload_zeroinit                 0x00001d78   Section       14  handlers.o(i.__scatterload_zeroinit)
    i._printf_core                           0x00001d88   Section        0  printf6.o(i._printf_core)
    _printf_core                             0x00001d89   Thumb Code   750  printf6.o(i._printf_core)
    i._printf_post_padding                   0x0000207c   Section        0  printf6.o(i._printf_post_padding)
    _printf_post_padding                     0x0000207d   Thumb Code    38  printf6.o(i._printf_post_padding)
    i._printf_pre_padding                    0x000020a2   Section        0  printf6.o(i._printf_pre_padding)
    _printf_pre_padding                      0x000020a3   Thumb Code    48  printf6.o(i._printf_pre_padding)
    i.commandList                            0x000020d2   Section        0  st7735.o(i.commandList)
    commandList                              0x000020d3   Thumb Code    86  st7735.o(i.commandList)
    i.commonInit                             0x00002128   Section        0  st7735.o(i.commonInit)
    commonInit                               0x00002129   Thumb Code   330  st7735.o(i.commonInit)
    i.copyHardwareToSoftware                 0x000022a0   Section        0  uart2.o(i.copyHardwareToSoftware)
    copyHardwareToSoftware                   0x000022a1   Thumb Code    36  uart2.o(i.copyHardwareToSoftware)
    i.copySoftwareToHardware                 0x000022c8   Section        0  uart2.o(i.copySoftwareToHardware)
    copySoftwareToHardware                   0x000022c9   Thumb Code    38  uart2.o(i.copySoftwareToHardware)
    i.deselect                               0x000022f4   Section        0  edisk.o(i.deselect)
    deselect                                 0x000022f5   Thumb Code    16  edisk.o(i.deselect)
    i.diskError                              0x00002308   Section        0  lab4.o(i.diskError)
    i.disk_timerproc                         0x00002334   Section        0  edisk.o(i.disk_timerproc)
    i.eDisk_Init                             0x00002374   Section        0  edisk.o(i.eDisk_Init)
    i.eDisk_Read                             0x000024d0   Section        0  edisk.o(i.eDisk_Read)
    i.eDisk_ReadBlock                        0x00002560   Section        0  edisk.o(i.eDisk_ReadBlock)
    i.eDisk_Write                            0x00002574   Section        0  edisk.o(i.eDisk_Write)
    i.eDisk_WriteBlock                       0x00002628   Section        0  edisk.o(i.eDisk_WriteBlock)
    i.eFile_Close                            0x0000263c   Section        0  efile.o(i.eFile_Close)
    i.eFile_Create                           0x0000264c   Section        0  efile.o(i.eFile_Create)
    i.eFile_Delete                           0x000026b8   Section        0  efile.o(i.eFile_Delete)
    i.eFile_Directory                        0x000026c0   Section        0  efile.o(i.eFile_Directory)
    i.eFile_EndRedirectToFile                0x00002710   Section        0  efile.o(i.eFile_EndRedirectToFile)
    i.eFile_Format                           0x0000272c   Section        0  efile.o(i.eFile_Format)
    i.eFile_Init                             0x00002742   Section        0  efile.o(i.eFile_Init)
    i.eFile_ROpen                            0x00002756   Section        0  efile.o(i.eFile_ROpen)
    i.eFile_ReadNext                         0x0000275c   Section        0  efile.o(i.eFile_ReadNext)
    i.eFile_WClose                           0x00002764   Section        0  efile.o(i.eFile_WClose)
    i.eFile_WOpen                            0x0000279c   Section        0  efile.o(i.eFile_WOpen)
    i.eFile_Write                            0x000027f0   Section        0  efile.o(i.eFile_Write)
    i.fputc                                  0x000028a4   Section        0  efile.o(i.fputc)
    i.init_spi                               0x000028d4   Section        0  edisk.o(i.init_spi)
    init_spi                                 0x000028d5   Thumb Code    32  edisk.o(i.init_spi)
    i.main                                   0x000028fc   Section        0  lab4.o(i.main)
    i.pushColor                              0x00002980   Section        0  st7735.o(i.pushColor)
    pushColor                                0x00002981   Thumb Code    18  st7735.o(i.pushColor)
    i.rcvr_datablock                         0x00002994   Section        0  edisk.o(i.rcvr_datablock)
    rcvr_datablock                           0x00002995   Thumb Code    66  edisk.o(i.rcvr_datablock)
    i.rcvr_spi                               0x000029dc   Section        0  edisk.o(i.rcvr_spi)
    rcvr_spi                                 0x000029dd   Thumb Code    40  edisk.o(i.rcvr_spi)
    i.rcvr_spi_multi                         0x00002a08   Section        0  edisk.o(i.rcvr_spi_multi)
    rcvr_spi_multi                           0x00002a09   Thumb Code    24  edisk.o(i.rcvr_spi_multi)
    i.select                                 0x00002a20   Section        0  edisk.o(i.select)
    select                                   0x00002a21   Thumb Code    44  edisk.o(i.select)
    i.send_cmd                               0x00002a50   Section        0  edisk.o(i.send_cmd)
    send_cmd                                 0x00002a51   Thumb Code   150  edisk.o(i.send_cmd)
    i.setAddrWindow                          0x00002ae8   Section        0  st7735.o(i.setAddrWindow)
    setAddrWindow                            0x00002ae9   Thumb Code   106  st7735.o(i.setAddrWindow)
    i.wait_ready                             0x00002b5c   Section        0  edisk.o(i.wait_ready)
    wait_ready                               0x00002b5d   Thumb Code    42  edisk.o(i.wait_ready)
    i.writecommand                           0x00002b8c   Section        0  st7735.o(i.writecommand)
    writecommand                             0x00002b8d   Thumb Code    66  st7735.o(i.writecommand)
    i.writedata                              0x00002bdc   Section        0  st7735.o(i.writedata)
    writedata                                0x00002bdd   Thumb Code    68  st7735.o(i.writedata)
    i.xchg_spi                               0x00002c2c   Section        0  edisk.o(i.xchg_spi)
    xchg_spi                                 0x00002c2d   Thumb Code    48  edisk.o(i.xchg_spi)
    i.xmit_datablock                         0x00002c60   Section        0  edisk.o(i.xmit_datablock)
    xmit_datablock                           0x00002c61   Thumb Code    76  edisk.o(i.xmit_datablock)
    i.xmit_spi_multi                         0x00002cac   Section        0  edisk.o(i.xmit_spi_multi)
    xmit_spi_multi                           0x00002cad   Thumb Code    40  edisk.o(i.xmit_spi_multi)
    .constdata                               0x00002cd8   Section     1506  st7735.o(.constdata)
    Font                                     0x00002cd8   Data        1275  st7735.o(.constdata)
    Bcmd                                     0x000031d3   Data         103  st7735.o(.constdata)
    Rcmd1                                    0x0000323a   Data          59  st7735.o(.constdata)
    Rcmd2green                               0x00003275   Data          13  st7735.o(.constdata)
    Rcmd2red                                 0x00003282   Data          13  st7735.o(.constdata)
    Rcmd3                                    0x0000328f   Data          43  st7735.o(.constdata)
    .data                                    0x20000000   Section       20  st7735.o(.data)
    _width                                   0x20000000   Data           2  st7735.o(.data)
    _height                                  0x20000002   Data           2  st7735.o(.data)
    ColStart                                 0x20000004   Data           1  st7735.o(.data)
    RowStart                                 0x20000005   Data           1  st7735.o(.data)
    Rotation                                 0x20000006   Data           1  st7735.o(.data)
    TabColor                                 0x20000007   Data           1  st7735.o(.data)
    .data                                    0x20000014   Section       16  uart2.o(.data)
    .data                                    0x20000024   Section      128  os.o(.data)
    LastTime                                 0x20000034   Data           4  os.o(.data)
    LastTime                                 0x20000038   Data           4  os.o(.data)
    .data                                    0x200000a4   Section        4  adc.o(.data)
    .data                                    0x200000a8   Section       13  edisk.o(.data)
    Stat                                     0x200000a8   Data           1  edisk.o(.data)
    Timer1                                   0x200000ac   Data           4  edisk.o(.data)
    Timer2                                   0x200000b0   Data           4  edisk.o(.data)
    CardType                                 0x200000b4   Data           1  edisk.o(.data)
    .data                                    0x200000b8   Section        8  efile.o(.data)
    .data                                    0x200000c0   Section       76  lab4.o(.data)
    .data                                    0x2000010c   Section        4  stdout.o(.data)
    .bss                                     0x20000110   Section       36  st7735.o(.bss)
    .bss                                     0x20000134   Section       72  uart2.o(.bss)
    RxFifo                                   0x20000160   Data          16  uart2.o(.bss)
    .bss                                     0x2000017c   Section    10084  os.o(.bss)
    .bss                                     0x200028e0   Section     5112  efile.o(.bss)
    .bss                                     0x20003cd8   Section     1036  lab4.o(.bss)
    STACK                                    0x200040e8   Section     1024  startup.o(STACK)
    StackMem                                 0x200040e8   Data           0  startup.o(STACK)

    Global Symbols

    Symbol Name                              Value     Ov Type        Size  Object(Section)

    BuildAttributes$$THM_ISAv4$E$P$D$K$B$S$7EM$PE$A:L22UL41UL21$X:L11$S22US41US21$IEEE1$IW$USESV6$~STKCKD$USESV7$~SHL$OSPACE$ROPI$EBA8$MICROLIB$REQ8$PRES8$EABIv2 0x00000000   Number         0  anon$$obj.o ABSOLUTE
    __ARM_use_no_argv                        0x00000000   Number         0  lab4.o ABSOLUTE
    __Vectors                                0x00000000   Data           0  startup.o(RESET)
    _printf_a                                0x00000000   Number         0  stubs.o ABSOLUTE
    _printf_c                                0x00000000   Number         0  stubs.o ABSOLUTE
    _printf_charcount                        0x00000000   Number         0  stubs.o ABSOLUTE
    _printf_d                                0x00000000   Number         0  stubs.o ABSOLUTE
    _printf_e                                0x00000000   Number         0  stubs.o ABSOLUTE
    _printf_f                                0x00000000   Number         0  stubs.o ABSOLUTE
    _printf_flags                            0x00000000   Number         0  stubs.o ABSOLUTE
    _printf_fp_dec                           0x00000000   Number         0  stubs.o ABSOLUTE
    _printf_fp_hex                           0x00000000   Number         0  stubs.o ABSOLUTE
    _printf_g                                0x00000000   Number         0  stubs.o ABSOLUTE
    _printf_i                                0x00000000   Number         0  stubs.o ABSOLUTE
    _printf_int_dec                          0x00000000   Number         0  stubs.o ABSOLUTE
    _printf_l                                0x00000000   Number         0  stubs.o ABSOLUTE
    _printf_lc                               0x00000000   Number         0  stubs.o ABSOLUTE
    _printf_ll                               0x00000000   Number         0  stubs.o ABSOLUTE
    _printf_lld                              0x00000000   Number         0  stubs.o ABSOLUTE
    _printf_lli                              0x00000000   Number         0  stubs.o ABSOLUTE
    _printf_llo                              0x00000000   Number         0  stubs.o ABSOLUTE
    _printf_llu                              0x00000000   Number         0  stubs.o ABSOLUTE
    _printf_llx                              0x00000000   Number         0  stubs.o ABSOLUTE
    _printf_longlong_dec                     0x00000000   Number         0  stubs.o ABSOLUTE
    _printf_longlong_hex                     0x00000000   Number         0  stubs.o ABSOLUTE
    _printf_longlong_oct                     0x00000000   Number         0  stubs.o ABSOLUTE
    _printf_ls                               0x00000000   Number         0  stubs.o ABSOLUTE
    _printf_mbtowc                           0x00000000   Number         0  stubs.o ABSOLUTE
    _printf_n                                0x00000000   Number         0  stubs.o ABSOLUTE
    _printf_o                                0x00000000   Number         0  stubs.o ABSOLUTE
    _printf_p                                0x00000000   Number         0  stubs.o ABSOLUTE
    _printf_percent                          0x00000000   Number         0  stubs.o ABSOLUTE
    _printf_pre_padding                      0x00000000   Number         0  stubs.o ABSOLUTE
    _printf_return_value                     0x00000000   Number         0  stubs.o ABSOLUTE
    _printf_s                                0x00000000   Number         0  stubs.o ABSOLUTE
    _printf_sizespec                         0x00000000   Number         0  stubs.o ABSOLUTE
    _printf_str                              0x00000000   Number         0  stubs.o ABSOLUTE
    _printf_truncate_signed                  0x00000000   Number         0  stubs.o ABSOLUTE
    _printf_truncate_unsigned                0x00000000   Number         0  stubs.o ABSOLUTE
    _printf_u                                0x00000000   Number         0  stubs.o ABSOLUTE
    _printf_wc                               0x00000000   Number         0  stubs.o ABSOLUTE
    _printf_wctomb                           0x00000000   Number         0  stubs.o ABSOLUTE
    _printf_widthprec                        0x00000000   Number         0  stubs.o ABSOLUTE
    _printf_x                                0x00000000   Number         0  stubs.o ABSOLUTE
    __cpp_initialize__aeabi_                  - Undefined Weak Reference
    __cxa_finalize                            - Undefined Weak Reference
    __decompress                              - Undefined Weak Reference
    _clock_init                               - Undefined Weak Reference
    _microlib_exit                            - Undefined Weak Reference
    Reset_Handler                            0x0000026d   Thumb Code     0  startup.o(RESET)
    NMI_Handler                              0x00000271   Thumb Code     2  startup.o(RESET)
    HardFault_Handler                        0x00000273   Thumb Code     2  startup.o(RESET)
    MemManage_Handler                        0x00000275   Thumb Code     2  startup.o(RESET)
    BusFault_Handler                         0x00000277   Thumb Code     2  startup.o(RESET)
    UsageFault_Handler                       0x00000279   Thumb Code     2  startup.o(RESET)
    SVC_Handler                              0x0000027b   Thumb Code     2  startup.o(RESET)
    DebugMon_Handler                         0x0000027d   Thumb Code     2  startup.o(RESET)
    ADC0Seq1_Handler                         0x00000283   Thumb Code     0  startup.o(RESET)
    ADC0Seq2_Handler                         0x00000283   Thumb Code     0  startup.o(RESET)
    ADC0Seq3_Handler                         0x00000283   Thumb Code     0  startup.o(RESET)
    ADC1Seq0_Handler                         0x00000283   Thumb Code     0  startup.o(RESET)
    ADC1Seq1_Handler                         0x00000283   Thumb Code     0  startup.o(RESET)
    ADC1Seq2_Handler                         0x00000283   Thumb Code     0  startup.o(RESET)
    ADC1Seq3_Handler                         0x00000283   Thumb Code     0  startup.o(RESET)
    CAN0_Handler                             0x00000283   Thumb Code     0  startup.o(RESET)
    CAN1_Handler                             0x00000283   Thumb Code     0  startup.o(RESET)
    CAN2_Handler                             0x00000283   Thumb Code     0  startup.o(RESET)
    Comp0_Handler                            0x00000283   Thumb Code     0  startup.o(RESET)
    Comp1_Handler                            0x00000283   Thumb Code     0  startup.o(RESET)
    Comp2_Handler                            0x00000283   Thumb Code     0  startup.o(RESET)
    Ethernet_Handler                         0x00000283   Thumb Code     0  startup.o(RESET)
    ExtBus_Handler                           0x00000283   Thumb Code     0  startup.o(RESET)
    FPU_Handler                              0x00000283   Thumb Code     0  startup.o(RESET)
    Fan0_Handler                             0x00000283   Thumb Code     0  startup.o(RESET)
    FlashCtl_Handler                         0x00000283   Thumb Code     0  startup.o(RESET)
    GPIOPortA_Handler                        0x00000283   Thumb Code     0  startup.o(RESET)
    GPIOPortB_Handler                        0x00000283   Thumb Code     0  startup.o(RESET)
    GPIOPortC_Handler                        0x00000283   Thumb Code     0  startup.o(RESET)
    GPIOPortD_Handler                        0x00000283   Thumb Code     0  startup.o(RESET)
    GPIOPortE_Handler                        0x00000283   Thumb Code     0  startup.o(RESET)
    GPIOPortG_Handler                        0x00000283   Thumb Code     0  startup.o(RESET)
    GPIOPortH_Handler                        0x00000283   Thumb Code     0  startup.o(RESET)
    GPIOPortJ_Handler                        0x00000283   Thumb Code     0  startup.o(RESET)
    GPIOPortK_Handler                        0x00000283   Thumb Code     0  startup.o(RESET)
    GPIOPortL_Handler                        0x00000283   Thumb Code     0  startup.o(RESET)
    GPIOPortM_Handler                        0x00000283   Thumb Code     0  startup.o(RESET)
    GPIOPortN_Handler                        0x00000283   Thumb Code     0  startup.o(RESET)
    GPIOPortP1_Handler                       0x00000283   Thumb Code     0  startup.o(RESET)
    GPIOPortP2_Handler                       0x00000283   Thumb Code     0  startup.o(RESET)
    GPIOPortP3_Handler                       0x00000283   Thumb Code     0  startup.o(RESET)
    GPIOPortP4_Handler                       0x00000283   Thumb Code     0  startup.o(RESET)
    GPIOPortP5_Handler                       0x00000283   Thumb Code     0  startup.o(RESET)
    GPIOPortP6_Handler                       0x00000283   Thumb Code     0  startup.o(RESET)
    GPIOPortP7_Handler                       0x00000283   Thumb Code     0  startup.o(RESET)
    GPIOPortP_Handler                        0x00000283   Thumb Code     0  startup.o(RESET)
    GPIOPortQ1_Handler                       0x00000283   Thumb Code     0  startup.o(RESET)
    GPIOPortQ2_Handler                       0x00000283   Thumb Code     0  startup.o(RESET)
    GPIOPortQ3_Handler                       0x00000283   Thumb Code     0  startup.o(RESET)
    GPIOPortQ4_Handler                       0x00000283   Thumb Code     0  startup.o(RESET)
    GPIOPortQ5_Handler                       0x00000283   Thumb Code     0  startup.o(RESET)
    GPIOPortQ6_Handler                       0x00000283   Thumb Code     0  startup.o(RESET)
    GPIOPortQ7_Handler                       0x00000283   Thumb Code     0  startup.o(RESET)
    GPIOPortQ_Handler                        0x00000283   Thumb Code     0  startup.o(RESET)
    GPIOPortR_Handler                        0x00000283   Thumb Code     0  startup.o(RESET)
    GPIOPortS_Handler                        0x00000283   Thumb Code     0  startup.o(RESET)
    Hibernate_Handler                        0x00000283   Thumb Code     0  startup.o(RESET)
    I2C0_Handler                             0x00000283   Thumb Code     0  startup.o(RESET)
    I2C1_Handler                             0x00000283   Thumb Code     0  startup.o(RESET)
    I2C2_Handler                             0x00000283   Thumb Code     0  startup.o(RESET)
    I2C3_Handler                             0x00000283   Thumb Code     0  startup.o(RESET)
    I2C4_Handler                             0x00000283   Thumb Code     0  startup.o(RESET)
    I2C5_Handler                             0x00000283   Thumb Code     0  startup.o(RESET)
    I2S0_Handler                             0x00000283   Thumb Code     0  startup.o(RESET)
    LPC0_Handler                             0x00000283   Thumb Code     0  startup.o(RESET)
    PECI0_Handler                            0x00000283   Thumb Code     0  startup.o(RESET)
    PWM0Fault_Handler                        0x00000283   Thumb Code     0  startup.o(RESET)
    PWM0Generator0_Handler                   0x00000283   Thumb Code     0  startup.o(RESET)
    PWM0Generator1_Handler                   0x00000283   Thumb Code     0  startup.o(RESET)
    PWM0Generator2_Handler                   0x00000283   Thumb Code     0  startup.o(RESET)
    PWM0Generator3_Handler                   0x00000283   Thumb Code     0  startup.o(RESET)
    PWM1Fault_Handler                        0x00000283   Thumb Code     0  startup.o(RESET)
    PWM1Generator0_Handler                   0x00000283   Thumb Code     0  startup.o(RESET)
    PWM1Generator1_Handler                   0x00000283   Thumb Code     0  startup.o(RESET)
    PWM1Generator2_Handler                   0x00000283   Thumb Code     0  startup.o(RESET)
    PWM1Generator3_Handler                   0x00000283   Thumb Code     0  startup.o(RESET)
    Quadrature0_Handler                      0x00000283   Thumb Code     0  startup.o(RESET)
    Quadrature1_Handler                      0x00000283   Thumb Code     0  startup.o(RESET)
    Quadrature2_Handler                      0x00000283   Thumb Code     0  startup.o(RESET)
    SSI0_Handler                             0x00000283   Thumb Code     0  startup.o(RESET)
    SSI1_Handler                             0x00000283   Thumb Code     0  startup.o(RESET)
    SSI2_Handler                             0x00000283   Thumb Code     0  startup.o(RESET)
    SSI3_Handler                             0x00000283   Thumb Code     0  startup.o(RESET)
    SysCtl_Handler                           0x00000283   Thumb Code     0  startup.o(RESET)
    Timer0A_Handler                          0x00000283   Thumb Code     0  startup.o(RESET)
    Timer0B_Handler                          0x00000283   Thumb Code     0  startup.o(RESET)
    Timer1A_Handler                          0x00000283   Thumb Code     0  startup.o(RESET)
    Timer1B_Handler                          0x00000283   Thumb Code     0  startup.o(RESET)
    Timer2A_Handler                          0x00000283   Thumb Code     0  startup.o(RESET)
    Timer2B_Handler                          0x00000283   Thumb Code     0  startup.o(RESET)
    Timer3A_Handler                          0x00000283   Thumb Code     0  startup.o(RESET)
    Timer3B_Handler                          0x00000283   Thumb Code     0  startup.o(RESET)
    Timer4A_Handler                          0x00000283   Thumb Code     0  startup.o(RESET)
    Timer4B_Handler                          0x00000283   Thumb Code     0  startup.o(RESET)
    Timer5B_Handler                          0x00000283   Thumb Code     0  startup.o(RESET)
    UART1_Handler                            0x00000283   Thumb Code     0  startup.o(RESET)
    UART2_Handler                            0x00000283   Thumb Code     0  startup.o(RESET)
    UART3_Handler                            0x00000283   Thumb Code     0  startup.o(RESET)
    UART4_Handler                            0x00000283   Thumb Code     0  startup.o(RESET)
    UART5_Handler                            0x00000283   Thumb Code     0  startup.o(RESET)
    UART6_Handler                            0x00000283   Thumb Code     0  startup.o(RESET)
    UART7_Handler                            0x00000283   Thumb Code     0  startup.o(RESET)
    USB0_Handler                             0x00000283   Thumb Code     0  startup.o(RESET)
    WDT_Handler                              0x00000283   Thumb Code     0  startup.o(RESET)
    WideTimer1A_Handler                      0x00000283   Thumb Code     0  startup.o(RESET)
    WideTimer1B_Handler                      0x00000283   Thumb Code     0  startup.o(RESET)
    WideTimer2A_Handler                      0x00000283   Thumb Code     0  startup.o(RESET)
    WideTimer2B_Handler                      0x00000283   Thumb Code     0  startup.o(RESET)
    WideTimer3A_Handler                      0x00000283   Thumb Code     0  startup.o(RESET)
    WideTimer3B_Handler                      0x00000283   Thumb Code     0  startup.o(RESET)
    WideTimer4A_Handler                      0x00000283   Thumb Code     0  startup.o(RESET)
    WideTimer4B_Handler                      0x00000283   Thumb Code     0  startup.o(RESET)
    WideTimer5B_Handler                      0x00000283   Thumb Code     0  startup.o(RESET)
    uDMA_Error                               0x00000283   Thumb Code     0  startup.o(RESET)
    uDMA_Handler                             0x00000283   Thumb Code     0  startup.o(RESET)
    __main                                   0x00000285   Thumb Code     0  entry.o(.ARM.Collect$$$$00000000)
    _main_stk                                0x00000285   Thumb Code     0  entry2.o(.ARM.Collect$$$$00000001)
    _main_scatterload                        0x00000289   Thumb Code     0  entry5.o(.ARM.Collect$$$$00000004)
    __main_after_scatterload                 0x0000028d   Thumb Code     0  entry5.o(.ARM.Collect$$$$00000004)
    _main_clock                              0x0000028d   Thumb Code     0  entry7b.o(.ARM.Collect$$$$00000008)
    _main_cpp_init                           0x0000028d   Thumb Code     0  entry8b.o(.ARM.Collect$$$$0000000A)
    _main_init                               0x0000028d   Thumb Code     0  entry9a.o(.ARM.Collect$$$$0000000B)
    __rt_final_cpp                           0x00000295   Thumb Code     0  entry10a.o(.ARM.Collect$$$$0000000D)
    __rt_final_exit                          0x00000295   Thumb Code     0  entry11a.o(.ARM.Collect$$$$0000000F)
    DisableInterrupts                        0x00000299   Thumb Code     0  startup.o(.text)
    EnableInterrupts                         0x0000029d   Thumb Code     0  startup.o(.text)
    StartCritical                            0x000002a1   Thumb Code     0  startup.o(.text)
    EndCritical                              0x000002a9   Thumb Code     0  startup.o(.text)
    WaitForInterrupt                         0x000002af   Thumb Code     0  startup.o(.text)
    StartOS                                  0x000002b5   Thumb Code     0  osasm.o(.text)
    ContextSwitch                            0x000002d7   Thumb Code     0  osasm.o(.text)
    PendSV_Handler                           0x000002e1   Thumb Code     0  osasm.o(.text)
    strncmp                                  0x0000031d   Thumb Code    30  strncmp.o(.text)
    __aeabi_uidiv                            0x0000033b   Thumb Code     0  uidiv.o(.text)
    __aeabi_uidivmod                         0x0000033b   Thumb Code    44  uidiv.o(.text)
    __scatterload                            0x00000369   Thumb Code    28  init.o(.text)
    __scatterload_rt2                        0x00000369   Thumb Code     0  init.o(.text)
    ADC0Seq0_Handler                         0x0000038d   Thumb Code    26  adc.o(i.ADC0Seq0_Handler)
    AddToPriorityList                        0x000003b1   Thumb Code    70  os.o(i.AddToPriorityList)
    Block                                    0x000003f7   Thumb Code    26  os.o(i.Block)
    CS_Init                                  0x00000411   Thumb Code   116  edisk.o(i.CS_Init)
    ClearDir                                 0x00000499   Thumb Code    34  efile.o(i.ClearDir)
    ClearFAT                                 0x000004c1   Thumb Code    44  efile.o(i.ClearFAT)
    Delay1ms                                 0x000004f1   Thumb Code    32  st7735.o(i.Delay1ms)
    FindLastBlock                            0x00000511   Thumb Code    30  efile.o(i.FindLastBlock)
    GPIOPortF_Handler                        0x00000539   Thumb Code    62  os.o(i.GPIOPortF_Handler)
    IdleTask                                 0x00000589   Thumb Code    14  lab4.o(i.IdleTask)
    LinkThread                               0x0000059d   Thumb Code    72  os.o(i.LinkThread)
    LoadDirectory                            0x000005f1   Thumb Code   118  efile.o(i.LoadDirectory)
    LoadFAT                                  0x00000671   Thumb Code    16  efile.o(i.LoadFAT)
    OS_AddPeriodicThread                     0x00000685   Thumb Code   170  os.o(i.OS_AddPeriodicThread)
    OS_AddSW1Task                            0x0000074d   Thumb Code    38  os.o(i.OS_AddSW1Task)
    OS_AddSW2Task                            0x00000781   Thumb Code    38  os.o(i.OS_AddSW2Task)
    OS_AddThread                             0x000007b5   Thumb Code   136  os.o(i.OS_AddThread)
    OS_Id                                    0x00000849   Thumb Code    10  os.o(i.OS_Id)
    OS_Init                                  0x00000859   Thumb Code   100  os.o(i.OS_Init)
    OS_InitSemaphore                         0x000008cd   Thumb Code    28  os.o(i.OS_InitSemaphore)
    OS_Kill                                  0x000008e9   Thumb Code    32  os.o(i.OS_Kill)
    OS_Launch                                0x0000090d   Thumb Code    22  os.o(i.OS_Launch)
    OS_SelectNextThread                      0x00000925   Thumb Code    76  os.o(i.OS_SelectNextThread)
    OS_Signal                                0x0000097d   Thumb Code    36  os.o(i.OS_Signal)
    OS_SwitchThread                          0x000009a1   Thumb Code    10  os.o(i.OS_SwitchThread)
    OS_Time                                  0x000009b1   Thumb Code    16  os.o(i.OS_Time)
    OS_TimeDifference                        0x000009c9   Thumb Code    12  os.o(i.OS_TimeDifference)
    OS_Wait                                  0x000009d5   Thumb Code    40  os.o(i.OS_Wait)
    Output_Init                              0x00000a01   Thumb Code    24  st7735.o(i.Output_Init)
    PLL_Init                                 0x00000a1d   Thumb Code   118  pll.o(i.PLL_Init)
    PopFromList                              0x00000a99   Thumb Code    18  os.o(i.PopFromList)
    PortD_Init                               0x00000aad   Thumb Code    86  lab4.o(i.PortD_Init)
    PortF_Init                               0x00000b19   Thumb Code   192  os.o(i.PortF_Init)
    RecordDongs                              0x00000bf5   Thumb Code    48  os.o(i.RecordDongs)
    RemoveFromList                           0x00000c31   Thumb Code    36  os.o(i.RemoveFromList)
    RxFifo_Init                              0x00000c55   Thumb Code    22  uart2.o(i.RxFifo_Init)
    RxFifo_Put                               0x00000c7d   Thumb Code    52  uart2.o(i.RxFifo_Put)
    RxFifo_Size                              0x00000cc1   Thumb Code    16  uart2.o(i.RxFifo_Size)
    SSI0_Init                                0x00000cd9   Thumb Code   294  edisk.o(i.SSI0_Init)
    ST7735_DrawCharS                         0x00000e25   Thumb Code   238  st7735.o(i.ST7735_DrawCharS)
    ST7735_DrawPixel                         0x00000f21   Thumb Code    68  st7735.o(i.ST7735_DrawPixel)
    ST7735_FillRect                          0x00000f6d   Thumb Code   164  st7735.o(i.ST7735_FillRect)
    ST7735_FillScreen                        0x00001019   Thumb Code    28  st7735.o(i.ST7735_FillScreen)
    ST7735_InitR                             0x0000103d   Thumb Code    76  st7735.o(i.ST7735_InitR)
    ST7735_OutString                         0x000010a9   Thumb Code    86  st7735.o(i.ST7735_OutString)
    SW1Push1                                 0x00001101   Thumb Code    36  lab4.o(i.SW1Push1)
    SW1Push2                                 0x00001131   Thumb Code    36  lab4.o(i.SW1Push2)
    SetInitialStack                          0x00001161   Thumb Code   328  os.o(i.SetInitialStack)
    StoreDir                                 0x000012b1   Thumb Code   144  efile.o(i.StoreDir)
    StoreFAT                                 0x00001349   Thumb Code    16  efile.o(i.StoreFAT)
    SysTick_Handler                          0x0000135d   Thumb Code    16  systick.o(i.SysTick_Handler)
    TestDisk                                 0x00001371   Thumb Code   270  lab4.o(i.TestDisk)
    TestFile                                 0x00001591   Thumb Code   316  lab4.o(i.TestFile)
    Timer5A_Handler                          0x000017dd   Thumb Code    68  os.o(i.Timer5A_Handler)
    Timer5A_Init                             0x00001831   Thumb Code    80  os.o(i.Timer5A_Init)
    TxFifo_Get                               0x00001899   Thumb Code    64  uart2.o(i.TxFifo_Get)
    TxFifo_Init                              0x000018e9   Thumb Code    22  uart2.o(i.TxFifo_Init)
    TxFifo_Put                               0x00001911   Thumb Code    44  uart2.o(i.TxFifo_Put)
    TxFifo_Size                              0x00001949   Thumb Code    16  uart2.o(i.TxFifo_Size)
    UART0_Handler                            0x00001961   Thumb Code    82  uart2.o(i.UART0_Handler)
    UART_Init                                0x000019b9   Thumb Code   174  uart2.o(i.UART_Init)
    UART_OutChar                             0x00001a81   Thumb Code    40  uart2.o(i.UART_OutChar)
    UnlinkThread                             0x00001aad   Thumb Code    68  os.o(i.UnlinkThread)
    WTimer0A_Init                            0x00001af9   Thumb Code    66  os.o(i.WTimer0A_Init)
    WTimer0B_Init                            0x00001b49   Thumb Code    48  os.o(i.WTimer0B_Init)
    WTimer5A_Init                            0x00001b85   Thumb Code    76  os.o(i.WTimer5A_Init)
    WakeUp                                   0x00001be1   Thumb Code    22  os.o(i.WakeUp)
    WideTimer0A_Handler                      0x00001bf9   Thumb Code   124  os.o(i.WideTimer0A_Handler)
    WideTimer0B_Handler                      0x00001c91   Thumb Code   124  os.o(i.WideTimer0B_Handler)
    WideTimer5A_Handler                      0x00001d29   Thumb Code    24  os.o(i.WideTimer5A_Handler)
    __0printf$6                              0x00001d49   Thumb Code    22  printf6.o(i.__0printf$6)
    __1printf$6                              0x00001d49   Thumb Code     0  printf6.o(i.__0printf$6)
    __2printf                                0x00001d49   Thumb Code     0  printf6.o(i.__0printf$6)
    __scatterload_copy                       0x00001d69   Thumb Code    14  handlers.o(i.__scatterload_copy)
    __scatterload_null                       0x00001d77   Thumb Code     2  handlers.o(i.__scatterload_null)
    __scatterload_zeroinit                   0x00001d79   Thumb Code    14  handlers.o(i.__scatterload_zeroinit)
    diskError                                0x00002309   Thumb Code    26  lab4.o(i.diskError)
    disk_timerproc                           0x00002335   Thumb Code    52  edisk.o(i.disk_timerproc)
    eDisk_Init                               0x00002375   Thumb Code   330  edisk.o(i.eDisk_Init)
    eDisk_Read                               0x000024d1   Thumb Code   136  edisk.o(i.eDisk_Read)
    eDisk_ReadBlock                          0x00002561   Thumb Code    20  edisk.o(i.eDisk_ReadBlock)
    eDisk_Write                              0x00002575   Thumb Code   170  edisk.o(i.eDisk_Write)
    eDisk_WriteBlock                         0x00002629   Thumb Code    20  edisk.o(i.eDisk_WriteBlock)
    eFile_Close                              0x0000263d   Thumb Code    14  efile.o(i.eFile_Close)
    eFile_Create                             0x0000264d   Thumb Code   100  efile.o(i.eFile_Create)
    eFile_Delete                             0x000026b9   Thumb Code     6  efile.o(i.eFile_Delete)
    eFile_Directory                          0x000026c1   Thumb Code    76  efile.o(i.eFile_Directory)
    eFile_EndRedirectToFile                  0x00002711   Thumb Code    22  efile.o(i.eFile_EndRedirectToFile)
    eFile_Format                             0x0000272d   Thumb Code    22  efile.o(i.eFile_Format)
    eFile_Init                               0x00002743   Thumb Code    20  efile.o(i.eFile_Init)
    eFile_ROpen                              0x00002757   Thumb Code     6  efile.o(i.eFile_ROpen)
    eFile_ReadNext                           0x0000275d   Thumb Code     6  efile.o(i.eFile_ReadNext)
    eFile_WClose                             0x00002765   Thumb Code    44  efile.o(i.eFile_WClose)
    eFile_WOpen                              0x0000279d   Thumb Code    72  efile.o(i.eFile_WOpen)
    eFile_Write                              0x000027f1   Thumb Code   164  efile.o(i.eFile_Write)
    fputc                                    0x000028a5   Thumb Code    42  efile.o(i.fputc)
    main                                     0x000028fd   Thumb Code    98  lab4.o(i.main)
    Region$$Table$$Base                      0x000032bc   Number         0  anon$$obj.o(Region$$Table)
    Region$$Table$$Limit                     0x000032dc   Number         0  anon$$obj.o(Region$$Table)
    Messageindex                             0x20000008   Data           4  st7735.o(.data)
    Cursor                                   0x2000000c   Data           4  st7735.o(.data)
    StLine                                   0x20000010   Data           4  st7735.o(.data)
    TxPutPt                                  0x20000014   Data           4  uart2.o(.data)
    TxGetPt                                  0x20000018   Data           4  uart2.o(.data)
    RxPutPt                                  0x2000001c   Data           4  uart2.o(.data)
    RxGetPt                                  0x20000020   Data           4  uart2.o(.data)
    CurDong                                  0x20000024   Data           2  os.o(.data)
    IsInit                                   0x20000026   Data           2  os.o(.data)
    WideTimer5Count                          0x20000028   Data           4  os.o(.data)
    NumPeriodicThreads                       0x2000002c   Data           4  os.o(.data)
    MaxDITime                                0x20000030   Data           4  os.o(.data)
    NumThreads                               0x2000003c   Data           1  os.o(.data)
    RunPt                                    0x20000040   Data           4  os.o(.data)
    NextPt                                   0x20000044   Data           4  os.o(.data)
    CurrentID                                0x20000048   Data           2  os.o(.data)
    SleepListStart                           0x2000004c   Data           4  os.o(.data)
    SleepListEnd                             0x20000050   Data           4  os.o(.data)
    LinkinPointer                            0x20000054   Data           4  os.o(.data)
    OSMsCount                                0x20000058   Data           4  os.o(.data)
    PeriodicTask1                            0x2000005c   Data           4  os.o(.data)
    PeriodicTask2                            0x20000060   Data           4  os.o(.data)
    PeriodicTask1Period                      0x20000064   Data           4  os.o(.data)
    PeriodicTask2Period                      0x20000068   Data           4  os.o(.data)
    MaxJitter                                0x2000006c   Data           4  os.o(.data)
    MaxJitter2                               0x20000070   Data           4  os.o(.data)
    SW1Task                                  0x20000074   Data           4  os.o(.data)
    SW2Task                                  0x20000078   Data           4  os.o(.data)
    AndrewTriggered                          0x2000007c   Data           4  os.o(.data)
    PeriodicTask1Count                       0x20000080   Data           4  os.o(.data)
    PeriodicTask2Count                       0x20000084   Data           4  os.o(.data)
    PutPt                                    0x20000088   Data           4  os.o(.data)
    GetPt                                    0x2000008c   Data           4  os.o(.data)
    FifoSize                                 0x20000090   Data           4  os.o(.data)
    FifoNumElements                          0x20000094   Data           4  os.o(.data)
    MailBox                                  0x20000098   Data           4  os.o(.data)
    DITime                                   0x2000009c   Data           4  os.o(.data)
    TotalDITime                              0x200000a0   Data           4  os.o(.data)
    ADCTask                                  0x200000a4   Data           4  adc.o(.data)
    OpenFile                                 0x200000b8   Data           4  efile.o(.data)
    StreamToFile                             0x200000bc   Data           4  efile.o(.data)
    Name                                     0x200000c0   Data           8  lab4.o(.data)
    Idlecount                                0x200000c8   Data           4  lab4.o(.data)
    NumCreated                               0x200000cc   Data           4  lab4.o(.data)
    NumSamples                               0x200000d0   Data           4  lab4.o(.data)
    DataLost                                 0x200000d4   Data           4  lab4.o(.data)
    PIDWork                                  0x200000d8   Data           4  lab4.o(.data)
    FilterWork                               0x200000dc   Data           4  lab4.o(.data)
    Running                                  0x200000e0   Data           4  lab4.o(.data)
    Distance3                                0x200000e4   Data           4  lab4.o(.data)
    Index3                                   0x200000e8   Data           4  lab4.o(.data)
    x1                                       0x200000ec   Data           4  lab4.o(.data)
    x2                                       0x200000f0   Data           4  lab4.o(.data)
    x3                                       0x200000f4   Data           4  lab4.o(.data)
    Count1                                   0x200000f8   Data           4  lab4.o(.data)
    Count2                                   0x200000fc   Data           4  lab4.o(.data)
    Count3                                   0x20000100   Data           4  lab4.o(.data)
    Count4                                   0x20000104   Data           4  lab4.o(.data)
    Count5                                   0x20000108   Data           4  lab4.o(.data)
    __stdout                                 0x2000010c   Data           4  stdout.o(.data)
    Semi                                     0x20000110   Data          12  st7735.o(.bss)
    LCDFree                                  0x2000011c   Data          12  st7735.o(.bss)
    Message                                  0x20000128   Data          12  st7735.o(.bss)
    TxFifo                                   0x20000134   Data          32  uart2.o(.bss)
    TxRoomLeft                               0x20000154   Data          12  uart2.o(.bss)
    RxFifoAvailable                          0x20000170   Data          12  uart2.o(.bss)
    JitterHistogram                          0x2000017c   Data         256  os.o(.bss)
    JitterHistogram2                         0x2000027c   Data         256  os.o(.bss)
    tcbs                                     0x2000037c   Data         200  os.o(.bss)
    Stacks                                   0x20000444   Data        8000  os.o(.bss)
    DongTime                                 0x20002384   Data         400  os.o(.bss)
    DongThread                               0x20002514   Data         400  os.o(.bss)
    Fifo                                     0x200026a4   Data         512  os.o(.bss)
    DataRoomLeft                             0x200028a4   Data          12  os.o(.bss)
    DataAvailable                            0x200028b0   Data          12  os.o(.bss)
    FifoMutex                                0x200028bc   Data          12  os.o(.bss)
    BoxFree                                  0x200028c8   Data          12  os.o(.bss)
    DataValid                                0x200028d4   Data          12  os.o(.bss)
    directory                                0x200028e0   Data         504  efile.o(.bss)
    fileBuffer                               0x20002ad8   Data         512  efile.o(.bss)
    FAT                                      0x20002cd8   Data        4096  efile.o(.bss)
    x                                        0x20003cd8   Data         256  lab4.o(.bss)
    y                                        0x20003dd8   Data         256  lab4.o(.bss)
    doFFT                                    0x20003ed8   Data          12  lab4.o(.bss)
    buffer                                   0x20003ee4   Data         512  lab4.o(.bss)
    __initial_sp                             0x200044e8   Data           0  startup.o(STACK)



==============================================================================

Memory Map of the image

  Image Entry point : 0x0000026d

  Load Region LR_1 (Base: 0x00000000, Size: 0x000033ec, Max: 0xffffffff, ABSOLUTE)

    Execution Region ER_RO (Base: 0x00000000, Size: 0x000032dc, Max: 0xffffffff, ABSOLUTE)

    Base Addr    Size         Type   Attr      Idx    E Section Name        Object

    0x00000000   0x00000284   Code   RO            3  * RESET               startup.o
    0x00000284   0x00000000   Code   RO         1274  * .ARM.Collect$$$$00000000  mc_w.l(entry.o)
    0x00000284   0x00000004   Code   RO         1542    .ARM.Collect$$$$00000001  mc_w.l(entry2.o)
    0x00000288   0x00000004   Code   RO         1545    .ARM.Collect$$$$00000004  mc_w.l(entry5.o)
    0x0000028c   0x00000000   Code   RO         1547    .ARM.Collect$$$$00000008  mc_w.l(entry7b.o)
    0x0000028c   0x00000000   Code   RO         1549    .ARM.Collect$$$$0000000A  mc_w.l(entry8b.o)
    0x0000028c   0x00000008   Code   RO         1550    .ARM.Collect$$$$0000000B  mc_w.l(entry9a.o)
    0x00000294   0x00000000   Code   RO         1552    .ARM.Collect$$$$0000000D  mc_w.l(entry10a.o)
    0x00000294   0x00000000   Code   RO         1554    .ARM.Collect$$$$0000000F  mc_w.l(entry11a.o)
    0x00000294   0x00000004   Code   RO         1543    .ARM.Collect$$$$00002712  mc_w.l(entry2.o)
    0x00000298   0x0000001c   Code   RO            4    .text               startup.o
    0x000002b4   0x00000068   Code   RO          741    .text               osasm.o
    0x0000031c   0x0000001e   Code   RO         1279    .text               mc_w.l(strncmp.o)
    0x0000033a   0x0000002c   Code   RO         1557    .text               mc_w.l(uidiv.o)
    0x00000366   0x00000002   PAD
    0x00000368   0x00000024   Code   RO         1572    .text               mc_w.l(init.o)
    0x0000038c   0x00000024   Code   RO          744    i.ADC0Seq0_Handler  adc.o
    0x000003b0   0x00000046   Code   RO          401    i.AddToPriorityList  os.o
    0x000003f6   0x0000001a   Code   RO          402    i.Block             os.o
    0x00000410   0x00000088   Code   RO          817    i.CS_Init           edisk.o
    0x00000498   0x00000028   Code   RO          937    i.ClearDir          efile.o
    0x000004c0   0x00000030   Code   RO          938    i.ClearFAT          efile.o
    0x000004f0   0x00000020   Code   RO           34    i.Delay1ms          st7735.o
    0x00000510   0x00000028   Code   RO          939    i.FindLastBlock     efile.o
    0x00000538   0x00000050   Code   RO          403    i.GPIOPortF_Handler  os.o
    0x00000588   0x00000014   Code   RO         1095    i.IdleTask          lab4.o
    0x0000059c   0x00000054   Code   RO          405    i.LinkThread        os.o
    0x000005f0   0x00000080   Code   RO          940    i.LoadDirectory     efile.o
    0x00000670   0x00000014   Code   RO          941    i.LoadFAT           efile.o
    0x00000684   0x000000c8   Code   RO          406    i.OS_AddPeriodicThread  os.o
    0x0000074c   0x00000034   Code   RO          407    i.OS_AddSW1Task     os.o
    0x00000780   0x00000034   Code   RO          408    i.OS_AddSW2Task     os.o
    0x000007b4   0x00000094   Code   RO          409    i.OS_AddThread      os.o
    0x00000848   0x00000010   Code   RO          419    i.OS_Id             os.o
    0x00000858   0x00000074   Code   RO          420    i.OS_Init           os.o
    0x000008cc   0x0000001c   Code   RO          421    i.OS_InitSemaphore  os.o
    0x000008e8   0x00000024   Code   RO          422    i.OS_Kill           os.o
    0x0000090c   0x00000016   Code   RO          423    i.OS_Launch         os.o
    0x00000922   0x00000002   PAD
    0x00000924   0x00000058   Code   RO          429    i.OS_SelectNextThread  os.o
    0x0000097c   0x00000024   Code   RO          430    i.OS_Signal         os.o
    0x000009a0   0x00000010   Code   RO          433    i.OS_SwitchThread   os.o
    0x000009b0   0x00000018   Code   RO          434    i.OS_Time           os.o
    0x000009c8   0x0000000c   Code   RO          435    i.OS_TimeDifference  os.o
    0x000009d4   0x0000002c   Code   RO          436    i.OS_Wait           os.o
    0x00000a00   0x0000001c   Code   RO           36    i.Output_Init       st7735.o
    0x00000a1c   0x0000007c   Code   RO           12    i.PLL_Init          pll.o
    0x00000a98   0x00000012   Code   RO          439    i.PopFromList       os.o
    0x00000aaa   0x00000002   PAD
    0x00000aac   0x0000006c   Code   RO         1096    i.PortD_Init        lab4.o
    0x00000b18   0x000000dc   Code   RO          440    i.PortF_Init        os.o
    0x00000bf4   0x0000003c   Code   RO          442    i.RecordDongs       os.o
    0x00000c30   0x00000024   Code   RO          443    i.RemoveFromList    os.o
    0x00000c54   0x00000028   Code   RO          233    i.RxFifo_Init       uart2.o
    0x00000c7c   0x00000044   Code   RO          234    i.RxFifo_Put        uart2.o
    0x00000cc0   0x00000018   Code   RO          235    i.RxFifo_Size       uart2.o
    0x00000cd8   0x0000014c   Code   RO          818    i.SSI0_Init         edisk.o
    0x00000e24   0x000000fc   Code   RO           42    i.ST7735_DrawCharS  st7735.o
    0x00000f20   0x0000004c   Code   RO           45    i.ST7735_DrawPixel  st7735.o
    0x00000f6c   0x000000ac   Code   RO           46    i.ST7735_FillRect   st7735.o
    0x00001018   0x00000024   Code   RO           47    i.ST7735_FillScreen  st7735.o
    0x0000103c   0x0000006c   Code   RO           49    i.ST7735_InitR      st7735.o
    0x000010a8   0x00000056   Code   RO           52    i.ST7735_OutString  st7735.o
    0x000010fe   0x00000002   PAD
    0x00001100   0x00000030   Code   RO         1101    i.SW1Push1          lab4.o
    0x00001130   0x00000030   Code   RO         1102    i.SW1Push2          lab4.o
    0x00001160   0x00000150   Code   RO          444    i.SetInitialStack   os.o
    0x000012b0   0x00000098   Code   RO          942    i.StoreDir          efile.o
    0x00001348   0x00000014   Code   RO          943    i.StoreFAT          efile.o
    0x0000135c   0x00000014   Code   RO         1256    i.SysTick_Handler   systick.o
    0x00001370   0x00000220   Code   RO         1104    i.TestDisk          lab4.o
    0x00001590   0x0000024c   Code   RO         1105    i.TestFile          lab4.o
    0x000017dc   0x00000054   Code   RO          445    i.Timer5A_Handler   os.o
    0x00001830   0x00000068   Code   RO          446    i.Timer5A_Init      os.o
    0x00001898   0x00000050   Code   RO          236    i.TxFifo_Get        uart2.o
    0x000018e8   0x00000028   Code   RO          237    i.TxFifo_Init       uart2.o
    0x00001910   0x00000038   Code   RO          238    i.TxFifo_Put        uart2.o
    0x00001948   0x00000018   Code   RO          239    i.TxFifo_Size       uart2.o
    0x00001960   0x00000058   Code   RO          240    i.UART0_Handler     uart2.o
    0x000019b8   0x000000c8   Code   RO          247    i.UART_Init         uart2.o
    0x00001a80   0x0000002c   Code   RO          248    i.UART_OutChar      uart2.o
    0x00001aac   0x0000004c   Code   RO          447    i.UnlinkThread      os.o
    0x00001af8   0x00000050   Code   RO          448    i.WTimer0A_Init     os.o
    0x00001b48   0x0000003c   Code   RO          449    i.WTimer0B_Init     os.o
    0x00001b84   0x0000005c   Code   RO          450    i.WTimer5A_Init     os.o
    0x00001be0   0x00000016   Code   RO          451    i.WakeUp            os.o
    0x00001bf6   0x00000002   PAD
    0x00001bf8   0x00000098   Code   RO          452    i.WideTimer0A_Handler  os.o
    0x00001c90   0x00000098   Code   RO          453    i.WideTimer0B_Handler  os.o
    0x00001d28   0x00000020   Code   RO          454    i.WideTimer5A_Handler  os.o
    0x00001d48   0x00000020   Code   RO         1436    i.__0printf$6       mc_w.l(printf6.o)
    0x00001d68   0x0000000e   Code   RO         1584    i.__scatterload_copy  mc_w.l(handlers.o)
    0x00001d76   0x00000002   Code   RO         1585    i.__scatterload_null  mc_w.l(handlers.o)
    0x00001d78   0x0000000e   Code   RO         1586    i.__scatterload_zeroinit  mc_w.l(handlers.o)
    0x00001d86   0x00000002   PAD
    0x00001d88   0x000002f4   Code   RO         1443    i._printf_core      mc_w.l(printf6.o)
    0x0000207c   0x00000026   Code   RO         1444    i._printf_post_padding  mc_w.l(printf6.o)
    0x000020a2   0x00000030   Code   RO         1445    i._printf_pre_padding  mc_w.l(printf6.o)
    0x000020d2   0x00000056   Code   RO           57    i.commandList       st7735.o
    0x00002128   0x00000178   Code   RO           58    i.commonInit        st7735.o
    0x000022a0   0x00000028   Code   RO          255    i.copyHardwareToSoftware  uart2.o
    0x000022c8   0x0000002c   Code   RO          256    i.copySoftwareToHardware  uart2.o
    0x000022f4   0x00000014   Code   RO          819    i.deselect          edisk.o
    0x00002308   0x0000002c   Code   RO         1110    i.diskError         lab4.o
    0x00002334   0x00000040   Code   RO          820    i.disk_timerproc    edisk.o
    0x00002374   0x0000015c   Code   RO          821    i.eDisk_Init        edisk.o
    0x000024d0   0x00000090   Code   RO          822    i.eDisk_Read        edisk.o
    0x00002560   0x00000014   Code   RO          823    i.eDisk_ReadBlock   edisk.o
    0x00002574   0x000000b4   Code   RO          825    i.eDisk_Write       edisk.o
    0x00002628   0x00000014   Code   RO          826    i.eDisk_WriteBlock  edisk.o
    0x0000263c   0x0000000e   Code   RO          944    i.eFile_Close       efile.o
    0x0000264a   0x00000002   PAD
    0x0000264c   0x0000006c   Code   RO          945    i.eFile_Create      efile.o
    0x000026b8   0x00000006   Code   RO          946    i.eFile_Delete      efile.o
    0x000026be   0x00000002   PAD
    0x000026c0   0x00000050   Code   RO          947    i.eFile_Directory   efile.o
    0x00002710   0x0000001c   Code   RO          948    i.eFile_EndRedirectToFile  efile.o
    0x0000272c   0x00000016   Code   RO          949    i.eFile_Format      efile.o
    0x00002742   0x00000014   Code   RO          950    i.eFile_Init        efile.o
    0x00002756   0x00000006   Code   RO          952    i.eFile_ROpen       efile.o
    0x0000275c   0x00000006   Code   RO          953    i.eFile_ReadNext    efile.o
    0x00002762   0x00000002   PAD
    0x00002764   0x00000038   Code   RO          955    i.eFile_WClose      efile.o
    0x0000279c   0x00000054   Code   RO          956    i.eFile_WOpen       efile.o
    0x000027f0   0x000000b4   Code   RO          957    i.eFile_Write       efile.o
    0x000028a4   0x00000030   Code   RO          959    i.fputc             efile.o
    0x000028d4   0x00000028   Code   RO          827    i.init_spi          edisk.o
    0x000028fc   0x00000084   Code   RO         1111    i.main              lab4.o
    0x00002980   0x00000012   Code   RO           60    i.pushColor         st7735.o
    0x00002992   0x00000002   PAD
    0x00002994   0x00000048   Code   RO          828    i.rcvr_datablock    edisk.o
    0x000029dc   0x0000002c   Code   RO          829    i.rcvr_spi          edisk.o
    0x00002a08   0x00000018   Code   RO          830    i.rcvr_spi_multi    edisk.o
    0x00002a20   0x00000030   Code   RO          831    i.select            edisk.o
    0x00002a50   0x00000096   Code   RO          832    i.send_cmd          edisk.o
    0x00002ae6   0x00000002   PAD
    0x00002ae8   0x00000074   Code   RO           61    i.setAddrWindow     st7735.o
    0x00002b5c   0x00000030   Code   RO          833    i.wait_ready        edisk.o
    0x00002b8c   0x00000050   Code   RO           62    i.writecommand      st7735.o
    0x00002bdc   0x00000050   Code   RO           63    i.writedata         st7735.o
    0x00002c2c   0x00000034   Code   RO          834    i.xchg_spi          edisk.o
    0x00002c60   0x0000004c   Code   RO          835    i.xmit_datablock    edisk.o
    0x00002cac   0x0000002c   Code   RO          836    i.xmit_spi_multi    edisk.o
    0x00002cd8   0x000005e2   Data   RO           65    .constdata          st7735.o
    0x000032ba   0x00000002   PAD
    0x000032bc   0x00000020   Data   RO         1582    Region$$Table       anon$$obj.o


    Execution Region ER_RW (Base: 0x20000000, Size: 0x00000110, Max: 0xffffffff, ABSOLUTE)

    Base Addr    Size         Type   Attr      Idx    E Section Name        Object

    0x20000000   0x00000014   Data   RW           66    .data               st7735.o
    0x20000014   0x00000010   Data   RW          258    .data               uart2.o
    0x20000024   0x00000080   Data   RW          457    .data               os.o
    0x200000a4   0x00000004   Data   RW          749    .data               adc.o
    0x200000a8   0x0000000d   Data   RW          837    .data               edisk.o
    0x200000b5   0x00000003   PAD
    0x200000b8   0x00000008   Data   RW          961    .data               efile.o
    0x200000c0   0x0000004c   Data   RW         1118    .data               lab4.o
    0x2000010c   0x00000004   Data   RW         1556    .data               mc_w.l(stdout.o)


    Execution Region ER_ZI (Base: 0x20000110, Size: 0x000043d8, Max: 0xffffffff, ABSOLUTE)

    Base Addr    Size         Type   Attr      Idx    E Section Name        Object

    0x20000110   0x00000024   Zero   RW           64    .bss                st7735.o
    0x20000134   0x00000048   Zero   RW          257    .bss                uart2.o
    0x2000017c   0x00002764   Zero   RW          456    .bss                os.o
    0x200028e0   0x000013f8   Zero   RW          960    .bss                efile.o
    0x20003cd8   0x0000040c   Zero   RW         1117    .bss                lab4.o
    0x200040e4   0x00000004   PAD
    0x200040e8   0x00000400   Zero   RW            1    STACK               startup.o


==============================================================================

Image component sizes


      Code (inc. data)   RO Data    RW Data    ZI Data      Debug   Object Name

        36         10          0          4          0        997   adc.o
      1862        146          0         13          0      12072   edisk.o
      1106        110          0          8       5112      11981   efile.o
      1532        650          0         76       1036       5496   lab4.o
      2674        358          0        128      10084      19169   os.o
       104         14          0          0          0        220   osasm.o
       124          6          0          0          0       4639   pll.o
      1546        156       1506         20         36      12605   st7735.o
       672        622          0          0       1024        916   startup.o
        20          4          0          0          0        398   systick.o
       748        142          0         16         72       6658   uart2.o

    ----------------------------------------------------------------------
     10442       2218       1540        268      17368      75151   Object Totals
         0          0         32          0          0          0   (incl. Generated)
        18          0          2          3          4          0   (incl. Padding)

    ----------------------------------------------------------------------

      Code (inc. data)   RO Data    RW Data    ZI Data      Debug   Library Member Name

         0          0          0          0          0          0   entry.o
         0          0          0          0          0          0   entry10a.o
         0          0          0          0          0          0   entry11a.o
         8          4          0          0          0          0   entry2.o
         4          0          0          0          0          0   entry5.o
         0          0          0          0          0          0   entry7b.o
         0          0          0          0          0          0   entry8b.o
         8          4          0          0          0          0   entry9a.o
        30          0          0          0          0          0   handlers.o
        36          8          0          0          0         68   init.o
       874         16          0          0          0        352   printf6.o
         0          0          0          4          0          0   stdout.o
        30          0          0          0          0         80   strncmp.o
        44          0          0          0          0         80   uidiv.o

    ----------------------------------------------------------------------
      1038         32          0          4          0        580   Library Totals
         4          0          0          0          0          0   (incl. Padding)

    ----------------------------------------------------------------------

      Code (inc. data)   RO Data    RW Data    ZI Data      Debug   Library Name

      1034         32          0          4          0        580   mc_w.l

    ----------------------------------------------------------------------
      1038         32          0          4          0        580   Library Totals

    ----------------------------------------------------------------------

==============================================================================


      Code (inc. data)   RO Data    RW Data    ZI Data      Debug   

     11480       2250       1540        272      17368      69959   Grand Totals
     11480       2250       1540        272      17368      69959   ELF Image Totals
     11480       2250       1540        272          0          0   ROM Totals

==============================================================================

    Total RO  Size (Code + RO Data)                13020 (  12.71kB)
    Total RW  Size (RW Data + ZI Data)             17640 (  17.23kB)
    Total ROM Size (Code + RO Data + RW Data)      13292 (  12.98kB)

==============================================================================

