<html>
<body>
<pre>
<h1>µVision Build Log</h1>
<h2>Project:</h2>
C:\Users\chuchis\Documents\GitHub\EE445M\Lab4_4C123_FileSystem\Lab4.uvproj
Project File Date:  03/23/2017

<h2>Output:</h2>
Rebuild target 'Lab4'
assembling startup.s...
compiling PLL.c...
compiling ST7735.c...
compiling UART2.c...
compiling OS.c...
assembling osasm.s...
compiling ADC.c...
assembling cr4_fft_64_stm32.s...
compiling Interpreter.c...
compiling eDisk.c...
compiling efile.c...
compiling Lab4.c...
compiling SysTick.c...
linking...
Program Size: Code=7180 RO-data=1540 RW-data=192 ZI-data=12256  
".\Lab4.axf" - 0 Error(s), 0 Warning(s).
o list image symbols.
Not enough information to list the image map.
Finished: 2 information, 0 warning and 1 error messages.
".\Lab4.axf" - 1 Error(s), 0 Warning(s).
Target not created
