


ARM Macro Assembler    Page 1 


    1 00000000                 AREA             |.text|, CODE, READONLY, ALIGN=
2
    2 00000000                 THUMB
    3 00000000                 PRESERVE8        {TRUE}
    4 00000000                 EXPORT           PendSV_Handler
    5 00000000         ;  EXPORT SysTick_Handler
    6 00000000                 EXPORT           StartOS
    7 00000000                 EXTERN           RunPt
    8 00000000                 EXTERN           NextPt
    9 00000000                 EXTERN           RecordDongs
   10 00000000                 EXTERN           OS_Id
   11 00000000         
   12 00000000         
   13 00000000         ;Round-Robin Switching   
   14 00000000         ;SysTick_Handler 
   15 00000000         ; CPSID I
   16 00000000         ; PUSH {R4 - R11}
   17 00000000         ; LDR R0, =RunPt
   18 00000000         ; LDR R1, [R0]
   19 00000000         ; STR SP, [R1]
   20 00000000         ; LDR R1, [R1, #4]
   21 00000000         ; STR R1, [R0]
   22 00000000         ; LDR SP, [R1]
   23 00000000         ; POP {R4 - R11}
   24 00000000         ; CPSIE I
   25 00000000         ; BX LR
   26 00000000         
   27 00000000         ;switch using chosen NextPt
   28 00000000         PendSV_Handler
   29 00000000 B672            CPSID            I
   30 00000002 B500            PUSH             {LR}
   31 00000004 F7FF FFFE       BL               OS_Id
   32 00000008 F7FF FFFE       BL               RecordDongs
   33 0000000C F85D EB04       POP              {LR}
   34 00000010 E92D 0FF0       PUSH             {R4 - R11}
   35 00000014 480E            LDR              R0, =RunPt
   36 00000016 6801            LDR              R1, [R0]
   37 00000018 F8C1 D000       STR              SP, [R1]
   38 0000001C 490D            LDR              R1, =NextPt
   39 0000001E 680A            LDR              R2, [R1]
   40 00000020 6002            STR              R2, [R0]
   41 00000022 F8D2 D000       LDR              SP, [R2]
   42 00000026 E8BD 0FF0       POP              {R4 - R11}
   43 0000002A B662            CPSIE            I
   44 0000002C 4770            BX               LR
   45 0000002E         
   46 0000002E         StartOS
   47 0000002E 4808            LDR              R0, =RunPt  ; currently running
                                                             thread
   48 00000030 6802            LDR              R2, [R0]    ; R2 = value of Run
                                                            Pt
   49 00000032 F8D2 D000       LDR              SP, [R2]    ; new thread SP; SP
                                                             = RunPt->stackPoin
                                                            ter;
   50 00000036 E8BD 0FF0       POP              {R4-R11}    ; restore regs r4-1
                                                            1
   51 0000003A BC0F            POP              {R0-R3}     ; restore regs r0-3
                                                            
   52 0000003C F85D CB04       POP              {R12}



ARM Macro Assembler    Page 2 


   53 00000040 F85D EB04       POP              {LR}        ; discard LR from i
                                                            nitial stack
   54 00000044 F85D EB04       POP              {LR}        ; start location
   55 00000048 BC02            POP              {R1}        ; discard PSR
   56 0000004A B662            CPSIE            I           ; Enable interrupts
                                                             at processor level
                                                            
   57 0000004C 4770            BX               LR          ; start first threa
                                                            d
   58 0000004E         
   59 0000004E 00 00           ALIGN
   60 00000050                 END
              00000000 
              00000000 
Command Line: --debug --xref --diag_suppress=9931 --cpu=Cortex-M4 --apcs=interw
ork --depend=.\threadswitch.d -o.\threadswitch.o -IC:\Keil_v5\ARM\RV31\INC -IC:
\Keil_v5\ARM\CMSIS\Include -IC:\Keil_v5\ARM\Inc\Luminary --predefine="__EVAL SE
TA 1" --predefine="__MICROLIB SETA 1" --predefine="__UVISION_VERSION SETA 516" 
--list=.\threadswitch.lst ThreadSwitch.s



ARM Macro Assembler    Page 1 Alphabetic symbol ordering
Relocatable symbols

.text 00000000

Symbol: .text
   Definitions
      At line 1 in file ThreadSwitch.s
   Uses
      None
Comment: .text unused
PendSV_Handler 00000000

Symbol: PendSV_Handler
   Definitions
      At line 28 in file ThreadSwitch.s
   Uses
      At line 4 in file ThreadSwitch.s
Comment: PendSV_Handler used once
StartOS 0000002E

Symbol: StartOS
   Definitions
      At line 46 in file ThreadSwitch.s
   Uses
      At line 6 in file ThreadSwitch.s
Comment: StartOS used once
3 symbols



ARM Macro Assembler    Page 1 Alphabetic symbol ordering
External symbols

NextPt 00000000

Symbol: NextPt
   Definitions
      At line 8 in file ThreadSwitch.s
   Uses
      At line 38 in file ThreadSwitch.s
Comment: NextPt used once
OS_Id 00000000

Symbol: OS_Id
   Definitions
      At line 10 in file ThreadSwitch.s
   Uses
      At line 31 in file ThreadSwitch.s
Comment: OS_Id used once
RecordDongs 00000000

Symbol: RecordDongs
   Definitions
      At line 9 in file ThreadSwitch.s
   Uses
      At line 32 in file ThreadSwitch.s
Comment: RecordDongs used once
RunPt 00000000

Symbol: RunPt
   Definitions
      At line 7 in file ThreadSwitch.s
   Uses
      At line 35 in file ThreadSwitch.s
      At line 47 in file ThreadSwitch.s

4 symbols
342 symbols in table
