<html>
<body>
<pre>
<h1>µVision Build Log</h1>
<h2>Project:</h2>
C:\Users\chuchinis\Desktop\EE445M\Lab72\Robot.uvproj
Project File Date:  04/21/2017

<h2>Output:</h2>
Rebuild target 'Robot'
assembling startup.s...
compiling PLL.c...
compiling OS.c...
compiling ADC.c...
compiling Robot.c...
compiling can.c...
compiling can0.c...
compiling interrupt.c...
compiling PWM.c...
compiling usonic.c...
compiling WTimer0A.c...
compiling WTimer0B.c...
compiling WTimer5A.c...
compiling ST7735.c...
compiling SysTick.c...
assembling ThreadSwitch.s...
compiling Drive.c...
linking...
Program Size: Code=9952 RO-data=2100 RW-data=240 ZI-data=10064  
".\Robot.axf" - 0 Error(s), 0 Warning(s).
</pre>
</body>
</html>
ftMin, frontMin;
Robot.c: 3 warnings, 0 errors
compiling can.c...
compiling can0.c...
compiling interrupt.c...
compiling PWM.c...
compiling usonic.c...
compiling WTimer0A.c...
compiling WTimer0B.c...
compiling WTimer5A.c...
compiling ST7735.c...
compiling SysTick.c...
assembling ThreadSwitch.s...
compiling Drive.c...
linking...
Program Size: Code=9192 RO-data=2068 RW-data=208 ZI-data=10112  
".\Robot.axf" - 0 Error(s), 3 Warning(s).
o list image symbols.
Finished: 1 information, 0 warning and 1 error messages.
".\Robot.axf" - 1 Error(s), 3 Warning(s).
Target not created
ot.axf" - 1 Error(s), 4 Warning(s).
Target not created
 error messages.
".\Robot.axf" - 2 Error(s), 3 Warning(s).
Target not created
