<html>
<body>
<pre>
<h1>µVision Build Log</h1>
<h2>Project:</h2>
C:\Users\chuchinis\Desktop\445MRobotRepo - Copy - Copy\Robot.uvproj
Project File Date:  04/16/2017

<h2>Output:</h2>
Rebuild target 'Robot'
assembling startup.s...
compiling PLL.c...
compiling OS.c...
compiling ADC.c...
compiling Robot.c...
compiling can.c...
compiling can0.c...
compiling interrupt.c...
compiling PWM.c...
compiling usonic.c...
compiling WTimer0A.c...
compiling WTimer0B.c...
compiling WTimer5A.c...
compiling ST7735.c...
compiling SysTick.c...
assembling ThreadSwitch.s...
linking...
Program Size: Code=7588 RO-data=2132 RW-data=252 ZI-data=10084  
".\Robot.axf" - 0 Error(s), 0 Warning(s).
</pre>
</body>
</html>
NGTH, NULL, RCV_ID_1, MSG_OBJ_TYPE_RX);
can0.c(136): error:  #20: identifier "RCV_ID_2" is undefined
    CAN0_Setup_Message_Object(RCV_ID_2, MSG_OBJ_RX_INT_ENABLE, MESSAGE_LENGTH, NULL, RCV_ID_2, MSG_OBJ_TYPE_RX);                
can0.c(144): error:  #20: identifier "XMT_ID" is undefined
    CAN0_Setup_Message_Object(XMT_ID, NULL, MESSAGE_LENGTH, data, XMT_ID, MSG_OBJ_TYPE_TX);
can0.c: 0 warnings, 5 errors
compiling interrupt.c...
compiling PWM.c...
compiling usonic.c...
compiling WTimer0A.c...
compiling WTimer0B.c...
compiling WTimer5A.c...
compiling ST7735.c...
compiling SysTick.c...
assembling ThreadSwitch.s...
".\Robot.axf" - 5 Error(s), 0 Warning(s).
Target not created
an0.c(77): error:  #20: identifier "ToggleGreenLED" is undefined
                                                        ToggleGreenLED;
can0.c: 0 warnings, 1 error
compiling interrupt.c...
compiling PWM.c...
compiling usonic.c...
compiling WTimer0A.c...
compiling WTimer0B.c...
compiling WTimer5A.c...
compiling ST7735.c...
compiling SysTick.c...
assembling ThreadSwitch.s...
".\Robot.axf" - 9 Error(s), 0 Warning(s).
Target not created
 undefined
        OS_AddTimeStamp(BACKGROUND_START, 0);
WTimer0A.c(67): error:  #20: identifier "BACKGROUND_END" is undefined
        OS_AddTimeStamp(BACKGROUND_END, 0);
WTimer0A.c: 1 warning, 2 errors
compiling WTimer0B.c...
WTimer0B.c(65): warning:  #223-D: function "OS_AddTimeStamp" declared implicitly
        OS_AddTimeStamp(BACKGROUND_START, 0);
WTimer0B.c(65): error:  #20: identifier "BACKGROUND_START" is undefined
        OS_AddTimeStamp(BACKGROUND_START, 0);
WTimer0B.c(67): error:  #20: identifier "BACKGROUND_END" is undefined
        OS_AddTimeStamp(BACKGROUND_END, 0);
WTimer0B.c: 1 warning, 2 errors
compiling WTimer5A.c...
WTimer5A.c(66): warning:  #223-D: function "OS_AddTimeStamp" declared implicitly
        OS_AddTimeStamp(BACKGROUND_START, 0);
WTimer5A.c(66): error:  #20: identifier "BACKGROUND_START" is undefined
        OS_AddTimeStamp(BACKGROUND_START, 0);
WTimer5A.c(68): error:  #20: identifier "BACKGROUND_END" is undefined
        OS_AddTimeStamp(BACKGROUND_END, 0);
WTimer5A.c: 1 warning, 2 errors
compiling ST7735.c...
compiling SysTick.c...
assembling ThreadSwitch.s...
".\Robot.axf" - 15 Error(s), 3 Warning(s).
Target not created
