<html>
<body>
<pre>
<h1>µVision Build Log</h1>
<h2>Project:</h2>
C:\Users\Andrew\Documents\GitHub\EE445M\Lab1_prep\ST7735.uvproj
Project File Date:  02/01/2017

<h2>Output:</h2>
Rebuild target 'ST7735'
assembling startup.s...
compiling PLL.c...
compiling ST7735.c...
compiling ST7735TestMain.c...
compiling ADC.c...
compiling UART.c...
compiling OS.c...
linking...
Program Size: Code=5024 RO-data=2072 RW-data=212 ZI-data=1068  
".\ST7735.axf" - 0 Error(s), 0 Warning(s).
Load "C:\\Users\\Andrew\\Documents\\GitHub\\EE445M\\Lab1_prep\\ST7735.axf" 
Connecting: Mode=JTAG, Speed=1000000Hz
Erase Done.
Programming Done.
Verify OK.
</pre>
</body>
</html>
ocuments\\GitHub\\EE445M\\Lab1_prep\\ST7735.axf" 
Connecting: Mode=JTAG, Speed=1000000Hz
Erase Done.
Programming Done.
Verify OK.
