<html>
<body>
<pre>
<h1>µVision Build Log</h1>
<h2>Project:</h2>
C:\Users\chuchinis\Desktop\EE445M\RobotMusic\Robot.uvproj
Project File Date:  05/03/2017

<h2>Output:</h2>
Rebuild target 'Robot'
assembling startup.s...
compiling PLL.c...
compiling OS.c...
compiling Robot.c...
Robot.c(158): warning:  #167-D: argument of type "char *" is incompatible with parameter of type "unsigned char *"
        CurBufSize = WavRead(&Sound[soundNum],SongBuffer[0],BUFSIZE);   
Robot.c(159): warning:  #167-D: argument of type "char *" is incompatible with parameter of type "unsigned char *"
        NextBufSize = WavRead(&Sound[soundNum],SongBuffer[1],BUFSIZE);  
Robot.c(167): warning:  #167-D: argument of type "char *" is incompatible with parameter of type "unsigned char *"
                NextBufSize = WavRead(&Sound[CurSound],SongBuffer[CurBuffer^0x01],BUFSIZE);
Robot.c: 3 warnings, 0 errors
compiling can.c...
compiling can0.c...
compiling interrupt.c...
compiling WTimer0A.c...
compiling WTimer0B.c...
compiling WTimer5A.c...
compiling SysTick.c...
assembling ThreadSwitch.s...
compiling wavfile.c...
compiling ff.c...
compiling diskio.c...
compiling DAC.c...
linking...
Program Size: Code=14484 RO-data=76 RW-data=160 ZI-data=28576  
".\Robot.axf" - 0 Error(s), 3 Warning(s).
Load "C:\\Users\\chuchinis\\Desktop\\EE445M\\RobotMusic\\Robot.axf" 
Connecting: Mode=JTAG, Speed=1000000Hz
Erase Done.
Programming Done.
Verify OK.
</pre>
</body>
</html>
M\\RobotMusic\\Robot.axf" 
Connecting: Mode=JTAG, Speed=1000000Hz
Erase Done.
Programming Done.
Verify OK.
1000000Hz
Erase Done.
Programming Done.
Verify OK.
