<html>
<body>
<pre>
<h1>µVision Build Log</h1>
<h2>Project:</h2>
C:\Keil\ValvanoWareTM4C123\EE445M\Lab2\UARTInts.uvproj
Project File Date:  02/18/2017

<h2>Output:</h2>
Rebuild target 'UARTInts'
assembling startup.s...
compiling PLL.c...
compiling UART.c...
compiling ST7735.c...
compiling ADC.c...
compiling OS.c...
OS.c(105): warning:  #177-D: variable "Andrew" was declared but never referenced
        long Andrew = 0;
OS.c(161): warning:  #177-D: variable "Andrew" was declared but never referenced
        long Andrew = 0;
OS.c: 2 warnings, 0 errors
compiling Lab2.c...
assembling PID_stm32.s...
assembling cr4_fft_64_stm32.s...
compiling Interpreter.c...
assembling ThreadSwitch.s...
compiling SysTick.c...
linking...
Program Size: Code=11092 RO-data=2052 RW-data=276 ZI-data=27380  
".\UARTInts.axf" - 0 Error(s), 2 Warning(s).
Load "C:\\Keil\\ValvanoWareTM4C123\\EE445M\\Lab2\\UARTInts.axf" 
Connecting: Mode=JTAG, Speed=1000000Hz
Erase Done.
Programming Done.
Verify OK.
</pre>
</body>
</html>

Connecting: Mode=JTAG, Speed=1000000Hz
Erase Done.
Programming Done.
Verify OK.
m Size: Code=9792 RO-data=2052 RW-data=268 ZI-data=18420  
".\UARTInts.axf" - 0 Error(s), 5 Warning(s).
Load "C:\\Keil\\ValvanoWareTM4C123\\EE445M\\Lab2\\UARTInts.axf" 
Connecting: Mode=JTAG, Speed=1000000Hz
Erase Done.
Programming Done.
Verify OK.
