ARM Linker, 5.03 [Build 76] [MDK-ARM Lite]

==============================================================================

Section Cross References

    startup.o(STACK) refers (Special) to heapauxi.o(.text) for __use_two_region_memory
    startup.o(HEAP) refers (Special) to heapauxi.o(.text) for __use_two_region_memory
    startup.o(RESET) refers (Special) to heapauxi.o(.text) for __use_two_region_memory
    startup.o(RESET) refers to startup.o(STACK) for StackMem
    startup.o(RESET) refers to threadswitch.o(.text) for PendSV_Handler
    startup.o(RESET) refers to systick.o(i.SysTick_Handler) for SysTick_Handler
    startup.o(RESET) refers to uart.o(i.UART0_Handler) for UART0_Handler
    startup.o(RESET) refers to adc.o(i.ADC0Seq2_Handler) for ADC0Seq2_Handler
    startup.o(RESET) refers to os.o(i.GPIOPortF_Handler) for GPIOPortF_Handler
    startup.o(RESET) refers to os.o(i.Timer4A_Handler) for Timer4A_Handler
    startup.o(RESET) refers to os.o(i.Timer5A_Handler) for Timer5A_Handler
    startup.o(RESET) refers to os.o(i.WideTimer5A_Handler) for WideTimer5A_Handler
    startup.o(RESET) refers to __main.o(!!!main) for __main
    startup.o(.text) refers (Special) to heapauxi.o(.text) for __use_two_region_memory
    startup.o(.text) refers to startup.o(HEAP) for HeapMem
    startup.o(.text) refers to startup.o(STACK) for StackMem
    uart.o(i.RxFifo_Get) refers to uart.o(.data) for RxPutI
    uart.o(i.RxFifo_Get) refers to uart.o(.bss) for RxFifo
    uart.o(i.RxFifo_Init) refers to startup.o(.text) for StartCritical
    uart.o(i.RxFifo_Init) refers to uart.o(.data) for RxGetI
    uart.o(i.RxFifo_Put) refers to uart.o(.data) for RxPutI
    uart.o(i.RxFifo_Put) refers to uart.o(.bss) for RxFifo
    uart.o(i.RxFifo_Size) refers to uart.o(.data) for RxPutI
    uart.o(i.TxFifo_Get) refers to uart.o(.data) for TxPutI
    uart.o(i.TxFifo_Get) refers to uart.o(.bss) for TxFifo
    uart.o(i.TxFifo_Init) refers to startup.o(.text) for StartCritical
    uart.o(i.TxFifo_Init) refers to uart.o(.data) for TxGetI
    uart.o(i.TxFifo_Put) refers to uart.o(.data) for TxPutI
    uart.o(i.TxFifo_Put) refers to uart.o(.bss) for TxFifo
    uart.o(i.TxFifo_Size) refers to uart.o(.data) for TxPutI
    uart.o(i.UART0_Handler) refers to uart.o(i.copySoftwareToHardware) for copySoftwareToHardware
    uart.o(i.UART0_Handler) refers to uart.o(i.TxFifo_Size) for TxFifo_Size
    uart.o(i.UART0_Handler) refers to uart.o(i.copyHardwareToSoftware) for copyHardwareToSoftware
    uart.o(i.UART_InChar) refers to uart.o(i.RxFifo_Get) for RxFifo_Get
    uart.o(i.UART_InString) refers to uart.o(i.UART_InChar) for UART_InChar
    uart.o(i.UART_InString) refers to uart.o(i.UART_OutChar) for UART_OutChar
    uart.o(i.UART_InToken) refers to uart.o(i.UART_InChar) for UART_InChar
    uart.o(i.UART_InToken) refers to uart.o(i.UART_OutChar) for UART_OutChar
    uart.o(i.UART_InUDec) refers to uart.o(i.UART_InChar) for UART_InChar
    uart.o(i.UART_InUDec) refers to uart.o(i.UART_OutChar) for UART_OutChar
    uart.o(i.UART_InUHex) refers to uart.o(i.UART_InChar) for UART_InChar
    uart.o(i.UART_InUHex) refers to uart.o(i.UART_OutChar) for UART_OutChar
    uart.o(i.UART_Init) refers to uart.o(i.RxFifo_Init) for RxFifo_Init
    uart.o(i.UART_Init) refers to uart.o(i.TxFifo_Init) for TxFifo_Init
    uart.o(i.UART_Init) refers to startup.o(.text) for EnableInterrupts
    uart.o(i.UART_OutChar) refers to uart.o(i.TxFifo_Put) for TxFifo_Put
    uart.o(i.UART_OutChar) refers to uart.o(i.copySoftwareToHardware) for copySoftwareToHardware
    uart.o(i.UART_OutString) refers to uart.o(i.UART_OutChar) for UART_OutChar
    uart.o(i.UART_OutUDec) refers to uart.o(i.UART_OutChar) for UART_OutChar
    uart.o(i.UART_OutUHex) refers to uart.o(i.UART_OutChar) for UART_OutChar
    uart.o(i.copyHardwareToSoftware) refers to uart.o(i.RxFifo_Put) for RxFifo_Put
    uart.o(i.copyHardwareToSoftware) refers to uart.o(i.RxFifo_Size) for RxFifo_Size
    uart.o(i.copySoftwareToHardware) refers to uart.o(i.TxFifo_Get) for TxFifo_Get
    uart.o(i.copySoftwareToHardware) refers to uart.o(i.TxFifo_Size) for TxFifo_Size
    st7735.o(i.Output_Clear) refers to st7735.o(i.ST7735_FillScreen) for ST7735_FillScreen
    st7735.o(i.Output_Color) refers to st7735.o(i.ST7735_SetTextColor) for ST7735_SetTextColor
    st7735.o(i.Output_Init) refers to os.o(i.OS_InitSemaphore) for OS_InitSemaphore
    st7735.o(i.Output_Init) refers to st7735.o(i.ST7735_InitR) for ST7735_InitR
    st7735.o(i.Output_Init) refers to st7735.o(i.ST7735_FillScreen) for ST7735_FillScreen
    st7735.o(i.Output_Init) refers to st7735.o(.data) for Semi
    st7735.o(i.Output_Off) refers to st7735.o(i.Output_Clear) for Output_Clear
    st7735.o(i.Output_On) refers to st7735.o(i.Output_Init) for Output_Init
    st7735.o(i.ST7735_ColoredMessage) refers to os.o(i.OS_bWait) for OS_bWait
    st7735.o(i.ST7735_ColoredMessage) refers to st7735.o(i.ST7735_FillRect) for ST7735_FillRect
[...]
    rtentry2.o(.ARM.exidx) refers to rtentry2.o(.ARM.Collect$$rtentry$$00000008) for .ARM.Collect$$rtentry$$00000008
    rtentry2.o(.ARM.exidx) refers to rtentry2.o(.ARM.Collect$$rtentry$$0000000A) for .ARM.Collect$$rtentry$$0000000A
    rtentry2.o(.ARM.exidx) refers to rtentry2.o(.ARM.Collect$$rtentry$$0000000B) for .ARM.Collect$$rtentry$$0000000B
    rtentry2.o(.ARM.exidx) refers to rtentry2.o(.ARM.Collect$$rtentry$$0000000D) for .ARM.Collect$$rtentry$$0000000D
    rtentry4.o(.ARM.Collect$$rtentry$$00000004) refers to sys_stackheap_outer.o(.text) for __user_setup_stackheap
    rtentry4.o(.ARM.exidx) refers to rtentry4.o(.ARM.Collect$$rtentry$$00000004) for .ARM.Collect$$rtentry$$00000004
    sys_stackheap_outer.o(.text) refers to libspace.o(.text) for __user_perproc_libspace
    sys_stackheap_outer.o(.text) refers to startup.o(.text) for __user_initial_stackheap
    exit.o(.text) refers to rtexit.o(.ARM.Collect$$rtexit$$00000000) for __rt_exit
    libinit.o(.ARM.Collect$$libinit$$00000000) refers (Special) to libinit2.o(.ARM.Collect$$libinit$$0000002C) for __rt_lib_init_alloca_1
    libinit.o(.ARM.Collect$$libinit$$00000000) refers (Special) to libinit2.o(.ARM.Collect$$libinit$$0000002A) for __rt_lib_init_argv_1
    libinit.o(.ARM.Collect$$libinit$$00000000) refers (Special) to libinit2.o(.ARM.Collect$$libinit$$00000019) for __rt_lib_init_atexit_1
    libinit.o(.ARM.Collect$$libinit$$00000000) refers (Special) to libinit2.o(.ARM.Collect$$libinit$$0000001F) for __rt_lib_init_clock_1
    libinit.o(.ARM.Collect$$libinit$$00000000) refers (Special) to libinit2.o(.ARM.Collect$$libinit$$00000030) for __rt_lib_init_cpp_1
    libinit.o(.ARM.Collect$$libinit$$00000000) refers (Special) to libinit2.o(.ARM.Collect$$libinit$$0000002E) for __rt_lib_init_exceptions_1
    libinit.o(.ARM.Collect$$libinit$$00000000) refers (Special) to libinit2.o(.ARM.Collect$$libinit$$00000002) for __rt_lib_init_fp_1
    libinit.o(.ARM.Collect$$libinit$$00000000) refers (Special) to libinit2.o(.ARM.Collect$$libinit$$0000001D) for __rt_lib_init_fp_trap_1
    libinit.o(.ARM.Collect$$libinit$$00000000) refers (Special) to libinit2.o(.ARM.Collect$$libinit$$00000021) for __rt_lib_init_getenv_1
    libinit.o(.ARM.Collect$$libinit$$00000000) refers (Special) to libinit2.o(.ARM.Collect$$libinit$$00000008) for __rt_lib_init_heap_1
    libinit.o(.ARM.Collect$$libinit$$00000000) refers (Special) to libinit2.o(.ARM.Collect$$libinit$$0000000F) for __rt_lib_init_lc_collate_1
    libinit.o(.ARM.Collect$$libinit$$00000000) refers (Special) to libinit2.o(.ARM.Collect$$libinit$$00000011) for __rt_lib_init_lc_ctype_1
    libinit.o(.ARM.Collect$$libinit$$00000000) refers (Special) to libinit2.o(.ARM.Collect$$libinit$$00000013) for __rt_lib_init_lc_monetary_1
    libinit.o(.ARM.Collect$$libinit$$00000000) refers (Special) to libinit2.o(.ARM.Collect$$libinit$$00000015) for __rt_lib_init_lc_numeric_1
    libinit.o(.ARM.Collect$$libinit$$00000000) refers (Special) to libinit2.o(.ARM.Collect$$libinit$$00000017) for __rt_lib_init_lc_time_1
    libinit.o(.ARM.Collect$$libinit$$00000000) refers (Special) to libinit2.o(.ARM.Collect$$libinit$$0000000C) for __rt_lib_init_rand_1
    libinit.o(.ARM.Collect$$libinit$$00000000) refers (Special) to libinit2.o(.ARM.Collect$$libinit$$00000031) for __rt_lib_init_return
    libinit.o(.ARM.Collect$$libinit$$00000000) refers (Special) to libinit2.o(.ARM.Collect$$libinit$$0000001B) for __rt_lib_init_signal_1
    libinit.o(.ARM.Collect$$libinit$$00000000) refers (Special) to libinit2.o(.ARM.Collect$$libinit$$00000023) for __rt_lib_init_stdio_1
    libinit.o(.ARM.Collect$$libinit$$00000000) refers (Special) to libinit2.o(.ARM.Collect$$libinit$$0000000A) for __rt_lib_init_user_alloc_1
    libspace.o(.text) refers to libspace.o(.bss) for __libspace_start
    rtexit.o(.ARM.Collect$$rtexit$$00000000) refers (Special) to rtexit2.o(.ARM.Collect$$rtexit$$00000004) for __rt_exit_exit
    rtexit.o(.ARM.Collect$$rtexit$$00000000) refers (Special) to rtexit2.o(.ARM.Collect$$rtexit$$00000003) for __rt_exit_ls
    rtexit.o(.ARM.Collect$$rtexit$$00000000) refers (Special) to rtexit2.o(.ARM.Collect$$rtexit$$00000002) for __rt_exit_prels_1
    rtexit.o(.ARM.exidx) refers (Special) to rtexit2.o(.ARM.Collect$$rtexit$$00000004) for __rt_exit_exit
    rtexit.o(.ARM.exidx) refers (Special) to rtexit2.o(.ARM.Collect$$rtexit$$00000003) for __rt_exit_ls
    rtexit.o(.ARM.exidx) refers (Special) to rtexit2.o(.ARM.Collect$$rtexit$$00000002) for __rt_exit_prels_1
    rtexit.o(.ARM.exidx) refers to rtexit.o(.ARM.Collect$$rtexit$$00000000) for .ARM.Collect$$rtexit$$00000000
    libinit2.o(.ARM.Collect$$libinit$$0000000E) refers to libinit2.o(.ARM.Collect$$libinit$$0000000D) for .ARM.Collect$$libinit$$0000000D
    libinit2.o(.ARM.Collect$$libinit$$00000010) refers to libinit2.o(.ARM.Collect$$libinit$$0000000D) for .ARM.Collect$$libinit$$0000000D
    libinit2.o(.ARM.Collect$$libinit$$00000012) refers to libinit2.o(.ARM.Collect$$libinit$$0000000D) for .ARM.Collect$$libinit$$0000000D
    libinit2.o(.ARM.Collect$$libinit$$00000014) refers to libinit2.o(.ARM.Collect$$libinit$$0000000D) for .ARM.Collect$$libinit$$0000000D
    libinit2.o(.ARM.Collect$$libinit$$00000016) refers to libinit2.o(.ARM.Collect$$libinit$$0000000D) for .ARM.Collect$$libinit$$0000000D
    libinit2.o(.ARM.Collect$$libinit$$00000024) refers to argv_veneer.o(.emb_text) for __ARM_argv_veneer
    libinit2.o(.ARM.Collect$$libinit$$00000025) refers to argv_veneer.o(.emb_text) for __ARM_argv_veneer
    rtexit2.o(.ARM.Collect$$rtexit$$00000003) refers to libshutdown.o(.ARM.Collect$$libshutdown$$00000000) for __rt_lib_shutdown
    rtexit2.o(.ARM.Collect$$rtexit$$00000004) refers to sys_exit.o(.text) for _sys_exit
    rtexit2.o(.ARM.exidx) refers to rtexit2.o(.ARM.Collect$$rtexit$$00000001) for .ARM.Collect$$rtexit$$00000001
    rtexit2.o(.ARM.exidx) refers to rtexit2.o(.ARM.Collect$$rtexit$$00000003) for .ARM.Collect$$rtexit$$00000003
    rtexit2.o(.ARM.exidx) refers to rtexit2.o(.ARM.Collect$$rtexit$$00000004) for .ARM.Collect$$rtexit$$00000004
    argv_veneer.o(.emb_text) refers to no_argv.o(.text) for __ARM_get_argv
    sys_exit.o(.text) refers (Special) to use_no_semi.o(.text) for __I$use$semihosting
    sys_exit.o(.text) refers (Special) to indicate_semi.o(.text) for __semihosting_library_function
    _get_argv_nomalloc.o(.text) refers (Special) to hrguard.o(.text) for __heap_region$guard
    _get_argv_nomalloc.o(.text) refers to defsig_rtmem_outer.o(.text) for __rt_SIGRTMEM
    _get_argv_nomalloc.o(.text) refers to sys_command.o(.text) for _sys_command_string
    libshutdown.o(.ARM.Collect$$libshutdown$$00000000) refers (Special) to libshutdown2.o(.ARM.Collect$$libshutdown$$00000006) for __rt_lib_shutdown_fp_trap_1
    libshutdown.o(.ARM.Collect$$libshutdown$$00000000) refers (Special) to libshutdown2.o(.ARM.Collect$$libshutdown$$0000000E) for __rt_lib_shutdown_heap_1
    libshutdown.o(.ARM.Collect$$libshutdown$$00000000) refers (Special) to libshutdown2.o(.ARM.Collect$$libshutdown$$0000000F) for __rt_lib_shutdown_return
    libshutdown.o(.ARM.Collect$$libshutdown$$00000000) refers (Special) to libshutdown2.o(.ARM.Collect$$libshutdown$$00000009) for __rt_lib_shutdown_signal_1
    libshutdown.o(.ARM.Collect$$libshutdown$$00000000) refers (Special) to libshutdown2.o(.ARM.Collect$$libshutdown$$00000003) for __rt_lib_shutdown_stdio_1
    libshutdown.o(.ARM.Collect$$libshutdown$$00000000) refers (Special) to libshutdown2.o(.ARM.Collect$$libshutdown$$0000000B) for __rt_lib_shutdown_user_alloc_1
    sys_command.o(.text) refers (Special) to use_no_semi.o(.text) for __I$use$semihosting
    sys_command.o(.text) refers (Special) to indicate_semi.o(.text) for __semihosting_library_function
    defsig_rtmem_outer.o(.text) refers to defsig_rtmem_inner.o(.text) for __rt_SIGRTMEM_inner
    defsig_rtmem_outer.o(.text) refers to defsig_exit.o(.text) for __sig_exit
    defsig_rtmem_formal.o(.text) refers to rt_raise.o(.text) for __rt_raise
    rt_raise.o(.text) refers to __raise.o(.text) for __raise
    rt_raise.o(.text) refers to sys_exit.o(.text) for _sys_exit
    defsig_exit.o(.text) refers to sys_exit.o(.text) for _sys_exit
    defsig_rtmem_inner.o(.text) refers to defsig_general.o(.text) for __default_signal_display
    __raise.o(.text) refers to defsig.o(CL$$defsig) for __default_signal_handler
    defsig_general.o(.text) refers to sys_wrch.o(.text) for _ttywrch
    sys_wrch.o(.text) refers (Special) to use_no_semi.o(.text) for __I$use$semihosting
    sys_wrch.o(.text) refers (Special) to indicate_semi.o(.text) for __semihosting_library_function
    defsig.o(CL$$defsig) refers to defsig_rtmem_inner.o(.text) for __rt_SIGRTMEM_inner
    defsig_abrt_inner.o(.text) refers to defsig_general.o(.text) for __default_signal_display
    defsig_fpe_inner.o(.text) refers to defsig_general.o(.text) for __default_signal_display
    defsig_rtred_inner.o(.text) refers to defsig_general.o(.text) for __default_signal_display
    defsig_stak_inner.o(.text) refers to defsig_general.o(.text) for __default_signal_display
    defsig_pvfn_inner.o(.text) refers to defsig_general.o(.text) for __default_signal_display
    defsig_cppl_inner.o(.text) refers to defsig_general.o(.text) for __default_signal_display
    defsig_segv_inner.o(.text) refers to defsig_general.o(.text) for __default_signal_display
    defsig_other.o(.text) refers to defsig_general.o(.text) for __default_signal_display


==============================================================================

Removing Unused input sections from the image.

    Removing uart.o(i.UART_InUDec), (80 bytes).
    Removing uart.o(i.UART_InUHex), (112 bytes).
    Removing uart.o(i.UART_OutUHex), (52 bytes).
    Removing st7735.o(i.Output_Clear), (10 bytes).
    Removing st7735.o(i.Output_Color), (12 bytes).
    Removing st7735.o(i.Output_Off), (8 bytes).
    Removing st7735.o(i.Output_On), (8 bytes).
    Removing st7735.o(i.ST7735_Color565), (24 bytes).
    Removing st7735.o(i.ST7735_ColoredMessage), (124 bytes).
    Removing st7735.o(i.ST7735_DrawBitmap), (288 bytes).
    Removing st7735.o(i.ST7735_DrawChar), (268 bytes).
    Removing st7735.o(i.ST7735_DrawFastHLine), (124 bytes).
    Removing st7735.o(i.ST7735_DrawFastVLine), (124 bytes).
    Removing st7735.o(i.ST7735_InitB), (40 bytes).
    Removing st7735.o(i.ST7735_InvertDisplay), (22 bytes).
    Removing st7735.o(i.ST7735_PlotBar), (88 bytes).
    Removing st7735.o(i.ST7735_PlotClear), (92 bytes).
    Removing st7735.o(i.ST7735_PlotLine), (264 bytes).
    Removing st7735.o(i.ST7735_PlotNext), (32 bytes).
    Removing st7735.o(i.ST7735_PlotNextErase), (64 bytes).
    Removing st7735.o(i.ST7735_PlotPoint), (152 bytes).
    Removing st7735.o(i.ST7735_PlotPoints), (172 bytes).
    Removing st7735.o(i.ST7735_PlotdBfs), (60 bytes).
    Removing st7735.o(i.ST7735_SetRotation), (212 bytes).
    Removing st7735.o(i.ST7735_SetTextColor), (12 bytes).
    Removing st7735.o(i.ST7735_SwapColor), (18 bytes).
    Removing st7735.o(i.ferror), (8 bytes).
    Removing st7735.o(i.fgetc), (6 bytes).
    Removing st7735.o(i.fputc), (16 bytes).
    Removing os.o(i.OS_AddSW2Task), (16 bytes).
    Removing os.o(i.OS_ClearPeriodicTime), (12 bytes).
    Removing os.o(i.OS_Fifo_Size), (12 bytes).
    Removing os.o(i.OS_ReadPeriodicTime), (12 bytes).
    Removing os.o(i.OS_Signal), (24 bytes).
    Removing os.o(i.OS_Wait), (36 bytes).
    Removing lab2.o(i.BackgroundThread1c), (28 bytes).
    Removing lab2.o(i.BackgroundThread1d), (56 bytes).
    Removing lab2.o(i.BackgroundThread5c), (32 bytes).
    Removing lab2.o(i.BackgroundThread5d), (156 bytes).
    Removing lab2.o(i.Jitter), (2 bytes).
    Removing lab2.o(i.OutputThread), (220 bytes).
    Removing lab2.o(i.PseudoWork), (32 bytes).
    Removing lab2.o(i.SW2Push), (48 bytes).
    Removing lab2.o(i.Signal1), (40 bytes).
    Removing lab2.o(i.Signal2), (40 bytes).
    Removing lab2.o(i.Signal3), (48 bytes).
    Removing lab2.o(i.TaskA), (44 bytes).
    Removing lab2.o(i.TaskB), (44 bytes).
    Removing lab2.o(i.Testmain1), (108 bytes).
    Removing lab2.o(i.Testmain2), (108 bytes).
    Removing lab2.o(i.Testmain3), (112 bytes).
    Removing lab2.o(i.Testmain4), (140 bytes).
    Removing lab2.o(i.Testmain5), (112 bytes).
    Removing lab2.o(i.Testmain6), (280 bytes).
    Removing lab2.o(i.Testmain7), (56 bytes).
    Removing lab2.o(i.Thread1), (44 bytes).
    Removing lab2.o(i.Thread1b), (40 bytes).
    Removing lab2.o(i.Thread2), (44 bytes).
    Removing lab2.o(i.Thread2b), (40 bytes).
    Removing lab2.o(i.Thread2c), (100 bytes).
    Removing lab2.o(i.Thread2d), (52 bytes).
    Removing lab2.o(i.Thread3), (44 bytes).
    Removing lab2.o(i.Thread3b), (40 bytes).
    Removing lab2.o(i.Thread3c), (24 bytes).
    Removing lab2.o(i.Thread3d), (24 bytes).
    Removing lab2.o(i.Thread4c), (44 bytes).
    Removing lab2.o(i.Thread4d), (40 bytes).
    Removing lab2.o(i.Thread5c), (60 bytes).
    Removing lab2.o(i.Thread6), (40 bytes).
    Removing lab2.o(i.Thread7), (80 bytes).
    Removing lab2.o(i.Thread8), (20 bytes).
    Removing lab2.o(i.Wait1), (28 bytes).
    Removing lab2.o(i.Wait2), (28 bytes).
    Removing lab2.o(i.Wait3), (28 bytes).
    Removing lab2.o(i.add), (20 bytes).
    Removing lab2.o(.constdata), (4 bytes).
    Removing systick.o(i.SysTick_Init), (24 bytes).

77 unused section(s) (total 5178 bytes) removed from the image.

==============================================================================

Image Symbol Table

    Local Symbols

    Symbol Name                              Value     Ov Type        Size  Object(Section)

    RESET                                    0x00000000   Section      644  startup.o(RESET)
    ../clib/angel/boardlib.s                 0x00000000   Number         0  boardinit2.o ABSOLUTE
    ../clib/angel/boardlib.s                 0x00000000   Number         0  boardinit1.o ABSOLUTE
    ../clib/angel/boardlib.s                 0x00000000   Number         0  boardshut.o ABSOLUTE
    ../clib/angel/boardlib.s                 0x00000000   Number         0  boardinit3.o ABSOLUTE
    ../clib/angel/handlers.s                 0x00000000   Number         0  __scatter_zi.o ABSOLUTE
    ../clib/angel/handlers.s                 0x00000000   Number         0  __scatter_copy.o ABSOLUTE
    ../clib/angel/kernel.s                   0x00000000   Number         0  rtentry4.o ABSOLUTE
    ../clib/angel/kernel.s                   0x00000000   Number         0  rtentry2.o ABSOLUTE
    ../clib/angel/kernel.s                   0x00000000   Number         0  rtexit2.o ABSOLUTE
    ../clib/angel/kernel.s                   0x00000000   Number         0  rtentry.o ABSOLUTE
    ../clib/angel/kernel.s                   0x00000000   Number         0  rtexit.o ABSOLUTE
    ../clib/angel/rt.s                       0x00000000   Number         0  rt_raise.o ABSOLUTE
    ../clib/angel/scatter.s                  0x00000000   Number         0  __scatter.o ABSOLUTE
    ../clib/angel/startup.s                  0x00000000   Number         0  __main.o ABSOLUTE
    ../clib/angel/sys.s                      0x00000000   Number         0  indicate_semi.o ABSOLUTE
    ../clib/angel/sys.s                      0x00000000   Number         0  use_no_semi.o ABSOLUTE
    ../clib/angel/sys.s                      0x00000000   Number         0  sys_stackheap_outer.o ABSOLUTE
    ../clib/angel/sys.s                      0x00000000   Number         0  libspace.o ABSOLUTE
    ../clib/angel/sysapp.c                   0x00000000   Number         0  sys_wrch.o ABSOLUTE
    ../clib/angel/sysapp.c                   0x00000000   Number         0  sys_command.o ABSOLUTE
    ../clib/angel/sysapp.c                   0x00000000   Number         0  sys_exit.o ABSOLUTE
    ../clib/armsys.c                         0x00000000   Number         0  argv_veneer.o ABSOLUTE
    ../clib/armsys.c                         0x00000000   Number         0  argv_veneer.o ABSOLUTE
    ../clib/armsys.c                         0x00000000   Number         0  no_argv.o ABSOLUTE
    ../clib/armsys.c                         0x00000000   Number         0  _get_argv_nomalloc.o ABSOLUTE
    ../clib/heapalloc.c                      0x00000000   Number         0  hrguard.o ABSOLUTE
    ../clib/heapaux.c                        0x00000000   Number         0  heapauxi.o ABSOLUTE
    ../clib/libinit.s                        0x00000000   Number         0  libshutdown2.o ABSOLUTE
    ../clib/libinit.s                        0x00000000   Number         0  libinit.o ABSOLUTE
    ../clib/libinit.s                        0x00000000   Number         0  libshutdown.o ABSOLUTE
    ../clib/libinit.s                        0x00000000   Number         0  libinit2.o ABSOLUTE
    ../clib/signal.c                         0x00000000   Number         0  __raise.o ABSOLUTE
    ../clib/signal.c                         0x00000000   Number         0  defsig_abrt_inner.o ABSOLUTE
    ../clib/signal.c                         0x00000000   Number         0  defsig_general.o ABSOLUTE
    ../clib/signal.c                         0x00000000   Number         0  defsig_stak_inner.o ABSOLUTE
    ../clib/signal.c                         0x00000000   Number         0  defsig_segv_inner.o ABSOLUTE
    ../clib/signal.c                         0x00000000   Number         0  defsig_rtmem_inner.o ABSOLUTE
    ../clib/signal.c                         0x00000000   Number         0  defsig_exit.o ABSOLUTE
    ../clib/signal.c                         0x00000000   Number         0  defsig_rtred_inner.o ABSOLUTE
    ../clib/signal.c                         0x00000000   Number         0  defsig_fpe_inner.o ABSOLUTE
    ../clib/signal.c                         0x00000000   Number         0  defsig_other.o ABSOLUTE
    ../clib/signal.c                         0x00000000   Number         0  defsig_cppl_inner.o ABSOLUTE
    ../clib/signal.c                         0x00000000   Number         0  defsig_pvfn_inner.o ABSOLUTE
    ../clib/signal.c                         0x00000000   Number         0  defsig_rtmem_formal.o ABSOLUTE
    ../clib/signal.c                         0x00000000   Number         0  defsig_rtmem_outer.o ABSOLUTE
    ../clib/signal.s                         0x00000000   Number         0  defsig.o ABSOLUTE
    ../clib/stdlib.c                         0x00000000   Number         0  exit.o ABSOLUTE
    ../fplib/fpinit.s                        0x00000000   Number         0  fpinit.o ABSOLUTE
    ADC.c                                    0x00000000   Number         0  adc.o ABSOLUTE
    Interpreter.c                            0x00000000   Number         0  interpreter.o ABSOLUTE
    Lab2.c                                   0x00000000   Number         0  lab2.o ABSOLUTE
    OS.c                                     0x00000000   Number         0  os.o ABSOLUTE
    PID_stm32.s                              0x00000000   Number         0  pid_stm32.o ABSOLUTE
    PLL.c                                    0x00000000   Number         0  pll.o ABSOLUTE
    ST7735.c                                 0x00000000   Number         0  st7735.o ABSOLUTE
    SysTick.c                                0x00000000   Number         0  systick.o ABSOLUTE
    ThreadSwitch.s                           0x00000000   Number         0  threadswitch.o ABSOLUTE
    UART.c                                   0x00000000   Number         0  uart.o ABSOLUTE
    cr4_fft_64_stm32.s                       0x00000000   Number         0  cr4_fft_64_stm32.o ABSOLUTE
    dc.s                                     0x00000000   Number         0  dc.o ABSOLUTE
    startup.s                                0x00000000   Number         0  startup.o ABSOLUTE
    !!!main                                  0x00000284   Section        8  __main.o(!!!main)
    !!!scatter                               0x0000028c   Section       52  __scatter.o(!!!scatter)
    !!handler_copy                           0x000002c0   Section       26  __scatter_copy.o(!!handler_copy)
    !!handler_zi                             0x000002dc   Section       28  __scatter_zi.o(!!handler_zi)
    .ARM.Collect$$libinit$$00000000          0x000002f8   Section        2  libinit.o(.ARM.Collect$$libinit$$00000000)
    .ARM.Collect$$libinit$$00000002          0x000002fa   Section        0  libinit2.o(.ARM.Collect$$libinit$$00000002)
    .ARM.Collect$$libinit$$00000008          0x000002fa   Section        0  libinit2.o(.ARM.Collect$$libinit$$00000008)
    .ARM.Collect$$libinit$$0000000A          0x000002fa   Section        0  libinit2.o(.ARM.Collect$$libinit$$0000000A)
    .ARM.Collect$$libinit$$0000000C          0x000002fa   Section        0  libinit2.o(.ARM.Collect$$libinit$$0000000C)
    .ARM.Collect$$libinit$$0000000F          0x000002fa   Section        0  libinit2.o(.ARM.Collect$$libinit$$0000000F)
    .ARM.Collect$$libinit$$00000011          0x000002fa   Section        0  libinit2.o(.ARM.Collect$$libinit$$00000011)
    .ARM.Collect$$libinit$$00000013          0x000002fa   Section        0  libinit2.o(.ARM.Collect$$libinit$$00000013)
    .ARM.Collect$$libinit$$00000015          0x000002fa   Section        0  libinit2.o(.ARM.Collect$$libinit$$00000015)
    .ARM.Collect$$libinit$$00000017          0x000002fa   Section        0  libinit2.o(.ARM.Collect$$libinit$$00000017)
    .ARM.Collect$$libinit$$00000019          0x000002fa   Section        0  libinit2.o(.ARM.Collect$$libinit$$00000019)
    .ARM.Collect$$libinit$$0000001B          0x000002fa   Section        0  libinit2.o(.ARM.Collect$$libinit$$0000001B)
    .ARM.Collect$$libinit$$0000001D          0x000002fa   Section        0  libinit2.o(.ARM.Collect$$libinit$$0000001D)
    .ARM.Collect$$libinit$$0000001F          0x000002fa   Section        0  libinit2.o(.ARM.Collect$$libinit$$0000001F)
    .ARM.Collect$$libinit$$00000021          0x000002fa   Section        0  libinit2.o(.ARM.Collect$$libinit$$00000021)
    .ARM.Collect$$libinit$$00000023          0x000002fa   Section        0  libinit2.o(.ARM.Collect$$libinit$$00000023)
    .ARM.Collect$$libinit$$0000002A          0x000002fa   Section        0  libinit2.o(.ARM.Collect$$libinit$$0000002A)
    .ARM.Collect$$libinit$$0000002C          0x000002fa   Section        0  libinit2.o(.ARM.Collect$$libinit$$0000002C)
    .ARM.Collect$$libinit$$0000002E          0x000002fa   Section        0  libinit2.o(.ARM.Collect$$libinit$$0000002E)
    .ARM.Collect$$libinit$$00000030          0x000002fa   Section        0  libinit2.o(.ARM.Collect$$libinit$$00000030)
    .ARM.Collect$$libinit$$00000031          0x000002fa   Section        2  libinit2.o(.ARM.Collect$$libinit$$00000031)
    .ARM.Collect$$libshutdown$$00000000      0x000002fc   Section        2  libshutdown.o(.ARM.Collect$$libshutdown$$00000000)
    .ARM.Collect$$libshutdown$$00000003      0x000002fe   Section        0  libshutdown2.o(.ARM.Collect$$libshutdown$$00000003)
    .ARM.Collect$$libshutdown$$00000006      0x000002fe   Section        0  libshutdown2.o(.ARM.Collect$$libshutdown$$00000006)
    .ARM.Collect$$libshutdown$$00000009      0x000002fe   Section        0  libshutdown2.o(.ARM.Collect$$libshutdown$$00000009)
    .ARM.Collect$$libshutdown$$0000000B      0x000002fe   Section        0  libshutdown2.o(.ARM.Collect$$libshutdown$$0000000B)
    .ARM.Collect$$libshutdown$$0000000E      0x000002fe   Section        0  libshutdown2.o(.ARM.Collect$$libshutdown$$0000000E)
    .ARM.Collect$$libshutdown$$0000000F      0x000002fe   Section        2  libshutdown2.o(.ARM.Collect$$libshutdown$$0000000F)
    .ARM.Collect$$rtentry$$00000000          0x00000300   Section        0  rtentry.o(.ARM.Collect$$rtentry$$00000000)
    .ARM.Collect$$rtentry$$00000002          0x00000300   Section        0  rtentry2.o(.ARM.Collect$$rtentry$$00000002)
    .ARM.Collect$$rtentry$$00000004          0x00000300   Section        6  rtentry4.o(.ARM.Collect$$rtentry$$00000004)
    .ARM.Collect$$rtentry$$00000009          0x00000306   Section        0  rtentry2.o(.ARM.Collect$$rtentry$$00000009)
    .ARM.Collect$$rtentry$$0000000A          0x00000306   Section        4  rtentry2.o(.ARM.Collect$$rtentry$$0000000A)
    .ARM.Collect$$rtentry$$0000000C          0x0000030a   Section        0  rtentry2.o(.ARM.Collect$$rtentry$$0000000C)
    .ARM.Collect$$rtentry$$0000000D          0x0000030a   Section        8  rtentry2.o(.ARM.Collect$$rtentry$$0000000D)
    .ARM.Collect$$rtexit$$00000000           0x00000312   Section        2  rtexit.o(.ARM.Collect$$rtexit$$00000000)
    .ARM.Collect$$rtexit$$00000002           0x00000314   Section        0  rtexit2.o(.ARM.Collect$$rtexit$$00000002)
    .ARM.Collect$$rtexit$$00000003           0x00000314   Section        4  rtexit2.o(.ARM.Collect$$rtexit$$00000003)
    .ARM.Collect$$rtexit$$00000004           0x00000318   Section        6  rtexit2.o(.ARM.Collect$$rtexit$$00000004)
    .text                                    0x00000320   Section       48  startup.o(.text)
    .text                                    0x00000350   Section       72  pid_stm32.o(.text)
    .text                                    0x00000398   Section      718  cr4_fft_64_stm32.o(.text)
    .text                                    0x00000668   Section       72  threadswitch.o(.text)
    .text                                    0x000006b0   Section        0  heapauxi.o(.text)
    .text                                    0x000006b6   Section       74  sys_stackheap_outer.o(.text)
    .text                                    0x00000700   Section        0  exit.o(.text)
    .text                                    0x0000070c   Section        8  libspace.o(.text)
    .text                                    0x00000714   Section        0  sys_exit.o(.text)
    .text                                    0x00000720   Section        2  use_no_semi.o(.text)
    .text                                    0x00000722   Section        0  indicate_semi.o(.text)
    i.ADC0Seq2_Handler                       0x00000724   Section        0  adc.o(i.ADC0Seq2_Handler)
    i.ADC_Collect                            0x00000748   Section        0  adc.o(i.ADC_Collect)
    i.ADC_In                                 0x00000b90   Section        0  adc.o(i.ADC_In)
    i.ADC_Open                               0x00000bbc   Section        0  adc.o(i.ADC_Open)
    i.ButtonWork                             0x00000f80   Section        0  lab2.o(i.ButtonWork)
    i.Consumer                               0x00001044   Section        0  lab2.o(i.Consumer)
    i.DAS                                    0x000010d8   Section        0  lab2.o(i.DAS)
    i.Delay1ms                               0x000011a0   Section        0  st7735.o(i.Delay1ms)
    i.Display                                0x000011c0   Section        0  lab2.o(i.Display)
    i.Filter                                 0x00001234   Section        0  lab2.o(i.Filter)
    i.GPIOPortF_Handler                      0x000012fc   Section        0  os.o(i.GPIOPortF_Handler)
    i.Interpreter                            0x00001324   Section        0  interpreter.o(i.Interpreter)
    i.OS_AddPeriodicThread                   0x00001428   Section        0  os.o(i.OS_AddPeriodicThread)
    i.OS_AddSW1Task                          0x00001484   Section        0  os.o(i.OS_AddSW1Task)
    i.OS_AddThread                           0x000014a4   Section        0  os.o(i.OS_AddThread)
    i.OS_ClearMsTime                         0x0000156c   Section        0  os.o(i.OS_ClearMsTime)
    i.OS_Fifo_Get                            0x00001578   Section        0  os.o(i.OS_Fifo_Get)
    i.OS_Fifo_Init                           0x000015cc   Section        0  os.o(i.OS_Fifo_Init)
    i.OS_Fifo_Put                            0x00001628   Section        0  os.o(i.OS_Fifo_Put)
    i.OS_Id                                  0x0000167c   Section        0  os.o(i.OS_Id)
    i.OS_Init                                0x0000168c   Section        0  os.o(i.OS_Init)
    i.OS_InitSemaphore                       0x000016f0   Section        0  os.o(i.OS_InitSemaphore)
    i.OS_Kill                                0x000016f4   Section        0  os.o(i.OS_Kill)
    i.OS_KillTask                            0x00001748   Section        0  os.o(i.OS_KillTask)
    i.OS_Launch                              0x0000175c   Section        0  os.o(i.OS_Launch)
    i.OS_MailBox_Init                        0x00001774   Section        0  os.o(i.OS_MailBox_Init)
    i.OS_MailBox_Recv                        0x00001790   Section        0  os.o(i.OS_MailBox_Recv)
    i.OS_MailBox_Send                        0x000017b4   Section        0  os.o(i.OS_MailBox_Send)
    i.OS_MsTime                              0x000017d8   Section        0  os.o(i.OS_MsTime)
    i.OS_SelectNextThread                    0x000017e4   Section        0  os.o(i.OS_SelectNextThread)
    i.OS_Sleep                               0x00001818   Section        0  os.o(i.OS_Sleep)
    i.OS_Suspend                             0x0000182c   Section        0  os.o(i.OS_Suspend)
    i.OS_Time                                0x00001844   Section        0  os.o(i.OS_Time)
    i.OS_TimeDifference                      0x00001850   Section        0  os.o(i.OS_TimeDifference)
    i.OS_bSignal                             0x0000185c   Section        0  os.o(i.OS_bSignal)
    i.OS_bWait                               0x00001872   Section        0  os.o(i.OS_bWait)
    i.OutCRLF                                0x00001894   Section        0  interpreter.o(i.OutCRLF)
    i.Output_Init                            0x000018a4   Section        0  st7735.o(i.Output_Init)
    i.PID                                    0x000018c0   Section        0  lab2.o(i.PID)
    i.PLL_Init                               0x0000193c   Section        0  pll.o(i.PLL_Init)
    i.PortB_Init                             0x000019b8   Section        0  lab2.o(i.PortB_Init)
    i.PortF_Init                             0x00001a24   Section        0  os.o(i.PortF_Init)
    i.Producer                               0x00001afc   Section        0  lab2.o(i.Producer)
    i.RxFifo_Get                             0x00001b30   Section        0  uart.o(i.RxFifo_Get)
    i.RxFifo_Init                            0x00001b6c   Section        0  uart.o(i.RxFifo_Init)
    i.RxFifo_Put                             0x00001b90   Section        0  uart.o(i.RxFifo_Put)
    i.RxFifo_Size                            0x00001bcc   Section        0  uart.o(i.RxFifo_Size)
    i.ST7735_DrawCharS                       0x00001be4   Section        0  st7735.o(i.ST7735_DrawCharS)
    i.ST7735_DrawPixel                       0x00001cd8   Section        0  st7735.o(i.ST7735_DrawPixel)
    i.ST7735_DrawString                      0x00001d20   Section        0  st7735.o(i.ST7735_DrawString)
    i.ST7735_FillRect                        0x00001d78   Section        0  st7735.o(i.ST7735_FillRect)
    i.ST7735_FillScreen                      0x00001e24   Section        0  st7735.o(i.ST7735_FillScreen)
    i.ST7735_InitR                           0x00001e48   Section        0  st7735.o(i.ST7735_InitR)
    i.ST7735_Message                         0x00001ec4   Section        0  st7735.o(i.ST7735_Message)
    i.ST7735_OutChar                         0x00001f60   Section        0  st7735.o(i.ST7735_OutChar)
    i.ST7735_OutString                       0x00002034   Section        0  st7735.o(i.ST7735_OutString)
    i.ST7735_OutUDec                         0x0000204c   Section        0  st7735.o(i.ST7735_OutUDec)
    i.ST7735_SetCursor                       0x000020d8   Section        0  st7735.o(i.ST7735_SetCursor)
    i.SW1Push                                0x000020f8   Section        0  lab2.o(i.SW1Push)
    i.SetInitialStack                        0x0000214c   Section        0  os.o(i.SetInitialStack)
    i.SysTick_Handler                        0x0000229c   Section        0  systick.o(i.SysTick_Handler)
    i.Timer4A_Handler                        0x000022b0   Section        0  os.o(i.Timer4A_Handler)
    i.Timer4A_Init                           0x000022dc   Section        0  os.o(i.Timer4A_Init)
    i.Timer5A_Handler                        0x0000230c   Section        0  os.o(i.Timer5A_Handler)
    i.Timer5A_Init                           0x00002360   Section        0  os.o(i.Timer5A_Init)
    i.TxFifo_Get                             0x000023cc   Section        0  uart.o(i.TxFifo_Get)
    i.TxFifo_Init                            0x00002408   Section        0  uart.o(i.TxFifo_Init)
    i.TxFifo_Put                             0x0000242c   Section        0  uart.o(i.TxFifo_Put)
    i.TxFifo_Size                            0x00002468   Section        0  uart.o(i.TxFifo_Size)
    i.UART0_Handler                          0x00002480   Section        0  uart.o(i.UART0_Handler)
    i.UART_InChar                            0x000024d8   Section        0  uart.o(i.UART_InChar)
    i.UART_InString                          0x000024ec   Section        0  uart.o(i.UART_InString)
    i.UART_InToken                           0x00002536   Section        0  uart.o(i.UART_InToken)
    i.UART_Init                              0x00002584   Section        0  uart.o(i.UART_Init)
    i.UART_OutChar                           0x00002650   Section        0  uart.o(i.UART_OutChar)
    i.UART_OutString                         0x00002684   Section        0  uart.o(i.UART_OutString)
    i.UART_OutUDec                           0x0000269c   Section        0  uart.o(i.UART_OutUDec)
    i.WTimer5A_Init                          0x000026c8   Section        0  os.o(i.WTimer5A_Init)
    i.WideTimer5A_Handler                    0x0000272c   Section        0  os.o(i.WideTimer5A_Handler)
    i.commandList                            0x0000274c   Section        0  st7735.o(i.commandList)
    commandList                              0x0000274d   Thumb Code    86  st7735.o(i.commandList)
    i.commonInit                             0x000027a4   Section        0  st7735.o(i.commonInit)
    commonInit                               0x000027a5   Thumb Code   340  st7735.o(i.commonInit)
    i.copyHardwareToSoftware                 0x00002928   Section        0  uart.o(i.copyHardwareToSoftware)
    copyHardwareToSoftware                   0x00002929   Thumb Code    36  uart.o(i.copyHardwareToSoftware)
    i.copySoftwareToHardware                 0x00002950   Section        0  uart.o(i.copySoftwareToHardware)
    copySoftwareToHardware                   0x00002951   Thumb Code    38  uart.o(i.copySoftwareToHardware)
    i.fillmessage                            0x0000297c   Section        0  st7735.o(i.fillmessage)
    i.heartBeatInit                          0x000029c4   Section        0  interpreter.o(i.heartBeatInit)
    i.main                                   0x00002a30   Section        0  lab2.o(i.main)
    i.pushColor                              0x00002ae0   Section        0  st7735.o(i.pushColor)
    pushColor                                0x00002ae1   Thumb Code    18  st7735.o(i.pushColor)
    i.setAddrWindow                          0x00002af4   Section        0  st7735.o(i.setAddrWindow)
    setAddrWindow                            0x00002af5   Thumb Code   106  st7735.o(i.setAddrWindow)
    i.toggleLed                              0x00002b68   Section        0  interpreter.o(i.toggleLed)
    i.writecommand                           0x00002b7c   Section        0  st7735.o(i.writecommand)
    writecommand                             0x00002b7d   Thumb Code    40  st7735.o(i.writecommand)
    i.writedata                              0x00002bac   Section        0  st7735.o(i.writedata)
    writedata                                0x00002bad   Thumb Code    24  st7735.o(i.writedata)
    .constdata                               0x00002bcc   Section     2018  st7735.o(.constdata)
    Font                                     0x00002bcc   Data        1275  st7735.o(.constdata)
    Bcmd                                     0x000030c7   Data         103  st7735.o(.constdata)
    Rcmd1                                    0x0000312e   Data          59  st7735.o(.constdata)
    Rcmd2green                               0x00003169   Data          13  st7735.o(.constdata)
    Rcmd2red                                 0x00003176   Data          13  st7735.o(.constdata)
    Rcmd3                                    0x00003183   Data          43  st7735.o(.constdata)
    .data                                    0x20000000   Section       16  uart.o(.data)
    .data                                    0x20000010   Section       48  st7735.o(.data)
    _width                                   0x2000001a   Data           2  st7735.o(.data)
    _height                                  0x2000001c   Data           2  st7735.o(.data)
    ColStart                                 0x20000024   Data           1  st7735.o(.data)
    RowStart                                 0x20000025   Data           1  st7735.o(.data)
    Rotation                                 0x20000026   Data           1  st7735.o(.data)
    TabColor                                 0x20000027   Data           1  st7735.o(.data)
    .data                                    0x20000040   Section        4  adc.o(.data)
    .data                                    0x20000044   Section       84  os.o(.data)
    .data                                    0x20000098   Section      124  lab2.o(.data)
    n                                        0x20000098   Data           4  lab2.o(.data)
    LastTime                                 0x2000009c   Data           4  lab2.o(.data)
    i                                        0x200000a0   Data           4  lab2.o(.data)
    result                                   0x200000a4   Data           4  lab2.o(.data)
    .bss                                     0x20000114   Section       32  uart.o(.bss)
    RxFifo                                   0x20000114   Data          16  uart.o(.bss)
    TxFifo                                   0x20000124   Data          16  uart.o(.bss)
    .bss                                     0x20000134   Section       12  st7735.o(.bss)
    .bss                                     0x20000140   Section    24728  os.o(.bss)
    .bss                                     0x200061d8   Section      816  lab2.o(.bss)
    x                                        0x200062d8   Data          24  lab2.o(.bss)
    y                                        0x200062f0   Data          24  lab2.o(.bss)
    .bss                                     0x20006508   Section       96  libspace.o(.bss)
    HEAP                                     0x20006568   Section        0  startup.o(HEAP)
    STACK                                    0x20006568   Section     1024  startup.o(STACK)
    HeapMem                                  0x20006568   Data           0  startup.o(HEAP)
    StackMem                                 0x20006568   Data           0  startup.o(STACK)

    Global Symbols

    Symbol Name                              Value     Ov Type        Size  Object(Section)

    BuildAttributes$$THM_ISAv4$E$P$D$K$B$S$7EM$PE$A:L22UL41UL21$X:L11$S22US41US21$IEEE1$IW$USESV6$~STKCKD$USESV7$~SHL$OSPACE$ROPI$EBA8$UX$STANDARDLIB$REQ8$EABIv2 0x00000000   Number         0  anon$$obj.o ABSOLUTE
    __ARM_use_no_argv                        0x00000000   Number         0  lab2.o ABSOLUTE
    __Vectors                                0x00000000   Data           0  startup.o(RESET)
    __ARM_exceptions_init                     - Undefined Weak Reference
    __alloca_initialize                       - Undefined Weak Reference
    __cpp_initialize__aeabi_                  - Undefined Weak Reference
    __cxa_finalize                            - Undefined Weak Reference
    __rt_locale                               - Undefined Weak Reference
    __sigvec_lookup                           - Undefined Weak Reference
    _atexit_init                              - Undefined Weak Reference
    _call_atexit_fns                          - Undefined Weak Reference
    _clock_init                               - Undefined Weak Reference
    _fp_trap_init                             - Undefined Weak Reference
    _fp_trap_shutdown                         - Undefined Weak Reference
    _get_lc_collate                           - Undefined Weak Reference
    _get_lc_ctype                             - Undefined Weak Reference
    _get_lc_monetary                          - Undefined Weak Reference
    _get_lc_numeric                           - Undefined Weak Reference
    _get_lc_time                              - Undefined Weak Reference
    _getenv_init                              - Undefined Weak Reference
    _handle_redirection                       - Undefined Weak Reference
    _init_alloc                               - Undefined Weak Reference
    _init_user_alloc                          - Undefined Weak Reference
    _initio                                   - Undefined Weak Reference
    _rand_init                                - Undefined Weak Reference
    _signal_finish                            - Undefined Weak Reference
    _signal_init                              - Undefined Weak Reference
    _terminate_alloc                          - Undefined Weak Reference
    _terminate_user_alloc                     - Undefined Weak Reference
    _terminateio                              - Undefined Weak Reference
    Reset_Handler                            0x0000026d   Thumb Code     0  startup.o(RESET)
    NMI_Handler                              0x00000271   Thumb Code     2  startup.o(RESET)
    HardFault_Handler                        0x00000273   Thumb Code     2  startup.o(RESET)
    MemManage_Handler                        0x00000275   Thumb Code     2  startup.o(RESET)
    BusFault_Handler                         0x00000277   Thumb Code     2  startup.o(RESET)
    UsageFault_Handler                       0x00000279   Thumb Code     2  startup.o(RESET)
    SVC_Handler                              0x0000027b   Thumb Code     2  startup.o(RESET)
    DebugMon_Handler                         0x0000027d   Thumb Code     2  startup.o(RESET)
    ADC0Seq0_Handler                         0x00000283   Thumb Code     0  startup.o(RESET)
    ADC0Seq1_Handler                         0x00000283   Thumb Code     0  startup.o(RESET)
    ADC0Seq3_Handler                         0x00000283   Thumb Code     0  startup.o(RESET)
    ADC1Seq0_Handler                         0x00000283   Thumb Code     0  startup.o(RESET)
    ADC1Seq1_Handler                         0x00000283   Thumb Code     0  startup.o(RESET)
    ADC1Seq2_Handler                         0x00000283   Thumb Code     0  startup.o(RESET)
    ADC1Seq3_Handler                         0x00000283   Thumb Code     0  startup.o(RESET)
    CAN0_Handler                             0x00000283   Thumb Code     0  startup.o(RESET)
    CAN1_Handler                             0x00000283   Thumb Code     0  startup.o(RESET)
    CAN2_Handler                             0x00000283   Thumb Code     0  startup.o(RESET)
    Comp0_Handler                            0x00000283   Thumb Code     0  startup.o(RESET)
    Comp1_Handler                            0x00000283   Thumb Code     0  startup.o(RESET)
    Comp2_Handler                            0x00000283   Thumb Code     0  startup.o(RESET)
    Ethernet_Handler                         0x00000283   Thumb Code     0  startup.o(RESET)
    ExtBus_Handler                           0x00000283   Thumb Code     0  startup.o(RESET)
    FPU_Handler                              0x00000283   Thumb Code     0  startup.o(RESET)
    Fan0_Handler                             0x00000283   Thumb Code     0  startup.o(RESET)
    FlashCtl_Handler                         0x00000283   Thumb Code     0  startup.o(RESET)
    GPIOPortA_Handler                        0x00000283   Thumb Code     0  startup.o(RESET)
    GPIOPortB_Handler                        0x00000283   Thumb Code     0  startup.o(RESET)
    GPIOPortC_Handler                        0x00000283   Thumb Code     0  startup.o(RESET)
    GPIOPortD_Handler                        0x00000283   Thumb Code     0  startup.o(RESET)
    GPIOPortE_Handler                        0x00000283   Thumb Code     0  startup.o(RESET)
    GPIOPortG_Handler                        0x00000283   Thumb Code     0  startup.o(RESET)
    GPIOPortH_Handler                        0x00000283   Thumb Code     0  startup.o(RESET)
    GPIOPortJ_Handler                        0x00000283   Thumb Code     0  startup.o(RESET)
    GPIOPortK_Handler                        0x00000283   Thumb Code     0  startup.o(RESET)
    GPIOPortL_Handler                        0x00000283   Thumb Code     0  startup.o(RESET)
    GPIOPortM_Handler                        0x00000283   Thumb Code     0  startup.o(RESET)
    GPIOPortN_Handler                        0x00000283   Thumb Code     0  startup.o(RESET)
    GPIOPortP1_Handler                       0x00000283   Thumb Code     0  startup.o(RESET)
    GPIOPortP2_Handler                       0x00000283   Thumb Code     0  startup.o(RESET)
    GPIOPortP3_Handler                       0x00000283   Thumb Code     0  startup.o(RESET)
    GPIOPortP4_Handler                       0x00000283   Thumb Code     0  startup.o(RESET)
    GPIOPortP5_Handler                       0x00000283   Thumb Code     0  startup.o(RESET)
    GPIOPortP6_Handler                       0x00000283   Thumb Code     0  startup.o(RESET)
    GPIOPortP7_Handler                       0x00000283   Thumb Code     0  startup.o(RESET)
    GPIOPortP_Handler                        0x00000283   Thumb Code     0  startup.o(RESET)
    GPIOPortQ1_Handler                       0x00000283   Thumb Code     0  startup.o(RESET)
    GPIOPortQ2_Handler                       0x00000283   Thumb Code     0  startup.o(RESET)
    GPIOPortQ3_Handler                       0x00000283   Thumb Code     0  startup.o(RESET)
    GPIOPortQ4_Handler                       0x00000283   Thumb Code     0  startup.o(RESET)
    GPIOPortQ5_Handler                       0x00000283   Thumb Code     0  startup.o(RESET)
    GPIOPortQ6_Handler                       0x00000283   Thumb Code     0  startup.o(RESET)
    GPIOPortQ7_Handler                       0x00000283   Thumb Code     0  startup.o(RESET)
    GPIOPortQ_Handler                        0x00000283   Thumb Code     0  startup.o(RESET)
    GPIOPortR_Handler                        0x00000283   Thumb Code     0  startup.o(RESET)
    GPIOPortS_Handler                        0x00000283   Thumb Code     0  startup.o(RESET)
    Hibernate_Handler                        0x00000283   Thumb Code     0  startup.o(RESET)
    I2C0_Handler                             0x00000283   Thumb Code     0  startup.o(RESET)
    I2C1_Handler                             0x00000283   Thumb Code     0  startup.o(RESET)
    I2C2_Handler                             0x00000283   Thumb Code     0  startup.o(RESET)
    I2C3_Handler                             0x00000283   Thumb Code     0  startup.o(RESET)
    I2C4_Handler                             0x00000283   Thumb Code     0  startup.o(RESET)
    I2C5_Handler                             0x00000283   Thumb Code     0  startup.o(RESET)
    I2S0_Handler                             0x00000283   Thumb Code     0  startup.o(RESET)
    LPC0_Handler                             0x00000283   Thumb Code     0  startup.o(RESET)
    PECI0_Handler                            0x00000283   Thumb Code     0  startup.o(RESET)
    PWM0Fault_Handler                        0x00000283   Thumb Code     0  startup.o(RESET)
    PWM0Generator0_Handler                   0x00000283   Thumb Code     0  startup.o(RESET)
    PWM0Generator1_Handler                   0x00000283   Thumb Code     0  startup.o(RESET)
    PWM0Generator2_Handler                   0x00000283   Thumb Code     0  startup.o(RESET)
    PWM0Generator3_Handler                   0x00000283   Thumb Code     0  startup.o(RESET)
    PWM1Fault_Handler                        0x00000283   Thumb Code     0  startup.o(RESET)
    PWM1Generator0_Handler                   0x00000283   Thumb Code     0  startup.o(RESET)
    PWM1Generator1_Handler                   0x00000283   Thumb Code     0  startup.o(RESET)
    PWM1Generator2_Handler                   0x00000283   Thumb Code     0  startup.o(RESET)
    PWM1Generator3_Handler                   0x00000283   Thumb Code     0  startup.o(RESET)
    Quadrature0_Handler                      0x00000283   Thumb Code     0  startup.o(RESET)
    Quadrature1_Handler                      0x00000283   Thumb Code     0  startup.o(RESET)
    Quadrature2_Handler                      0x00000283   Thumb Code     0  startup.o(RESET)
    SSI0_Handler                             0x00000283   Thumb Code     0  startup.o(RESET)
    SSI1_Handler                             0x00000283   Thumb Code     0  startup.o(RESET)
    SSI2_Handler                             0x00000283   Thumb Code     0  startup.o(RESET)
    SSI3_Handler                             0x00000283   Thumb Code     0  startup.o(RESET)
    SysCtl_Handler                           0x00000283   Thumb Code     0  startup.o(RESET)
    Timer0A_Handler                          0x00000283   Thumb Code     0  startup.o(RESET)
    Timer0B_Handler                          0x00000283   Thumb Code     0  startup.o(RESET)
    Timer1A_Handler                          0x00000283   Thumb Code     0  startup.o(RESET)
    Timer1B_Handler                          0x00000283   Thumb Code     0  startup.o(RESET)
    Timer2A_Handler                          0x00000283   Thumb Code     0  startup.o(RESET)
    Timer2B_Handler                          0x00000283   Thumb Code     0  startup.o(RESET)
    Timer3A_Handler                          0x00000283   Thumb Code     0  startup.o(RESET)
    Timer3B_Handler                          0x00000283   Thumb Code     0  startup.o(RESET)
    Timer4B_Handler                          0x00000283   Thumb Code     0  startup.o(RESET)
    Timer5B_Handler                          0x00000283   Thumb Code     0  startup.o(RESET)
    UART1_Handler                            0x00000283   Thumb Code     0  startup.o(RESET)
    UART2_Handler                            0x00000283   Thumb Code     0  startup.o(RESET)
    UART3_Handler                            0x00000283   Thumb Code     0  startup.o(RESET)
    UART4_Handler                            0x00000283   Thumb Code     0  startup.o(RESET)
    UART5_Handler                            0x00000283   Thumb Code     0  startup.o(RESET)
    UART6_Handler                            0x00000283   Thumb Code     0  startup.o(RESET)
    UART7_Handler                            0x00000283   Thumb Code     0  startup.o(RESET)
    USB0_Handler                             0x00000283   Thumb Code     0  startup.o(RESET)
    WDT_Handler                              0x00000283   Thumb Code     0  startup.o(RESET)
    WideTimer0A_Handler                      0x00000283   Thumb Code     0  startup.o(RESET)
    WideTimer0B_Handler                      0x00000283   Thumb Code     0  startup.o(RESET)
    WideTimer1A_Handler                      0x00000283   Thumb Code     0  startup.o(RESET)
    WideTimer1B_Handler                      0x00000283   Thumb Code     0  startup.o(RESET)
    WideTimer2A_Handler                      0x00000283   Thumb Code     0  startup.o(RESET)
    WideTimer2B_Handler                      0x00000283   Thumb Code     0  startup.o(RESET)
    WideTimer3A_Handler                      0x00000283   Thumb Code     0  startup.o(RESET)
    WideTimer3B_Handler                      0x00000283   Thumb Code     0  startup.o(RESET)
    WideTimer4A_Handler                      0x00000283   Thumb Code     0  startup.o(RESET)
    WideTimer4B_Handler                      0x00000283   Thumb Code     0  startup.o(RESET)
    WideTimer5B_Handler                      0x00000283   Thumb Code     0  startup.o(RESET)
    uDMA_Error                               0x00000283   Thumb Code     0  startup.o(RESET)
    uDMA_Handler                             0x00000283   Thumb Code     0  startup.o(RESET)
    __main                                   0x00000285   Thumb Code     8  __main.o(!!!main)
    __scatterload                            0x0000028d   Thumb Code     0  __scatter.o(!!!scatter)
    __scatterload_rt2                        0x0000028d   Thumb Code    44  __scatter.o(!!!scatter)
    __scatterload_rt2_thumb_only             0x0000028d   Thumb Code     0  __scatter.o(!!!scatter)
    __scatterload_null                       0x0000029b   Thumb Code     0  __scatter.o(!!!scatter)
    __scatterload_copy                       0x000002c1   Thumb Code    26  __scatter_copy.o(!!handler_copy)
    __scatterload_zeroinit                   0x000002dd   Thumb Code    28  __scatter_zi.o(!!handler_zi)
    __rt_lib_init                            0x000002f9   Thumb Code     0  libinit.o(.ARM.Collect$$libinit$$00000000)
    __rt_lib_init_alloca_1                   0x000002fb   Thumb Code     0  libinit2.o(.ARM.Collect$$libinit$$0000002C)
    __rt_lib_init_argv_1                     0x000002fb   Thumb Code     0  libinit2.o(.ARM.Collect$$libinit$$0000002A)
    __rt_lib_init_atexit_1                   0x000002fb   Thumb Code     0  libinit2.o(.ARM.Collect$$libinit$$00000019)
    __rt_lib_init_clock_1                    0x000002fb   Thumb Code     0  libinit2.o(.ARM.Collect$$libinit$$0000001F)
    __rt_lib_init_cpp_1                      0x000002fb   Thumb Code     0  libinit2.o(.ARM.Collect$$libinit$$00000030)
    __rt_lib_init_exceptions_1               0x000002fb   Thumb Code     0  libinit2.o(.ARM.Collect$$libinit$$0000002E)
    __rt_lib_init_fp_1                       0x000002fb   Thumb Code     0  libinit2.o(.ARM.Collect$$libinit$$00000002)
    __rt_lib_init_fp_trap_1                  0x000002fb   Thumb Code     0  libinit2.o(.ARM.Collect$$libinit$$0000001D)
    __rt_lib_init_getenv_1                   0x000002fb   Thumb Code     0  libinit2.o(.ARM.Collect$$libinit$$00000021)
    __rt_lib_init_heap_1                     0x000002fb   Thumb Code     0  libinit2.o(.ARM.Collect$$libinit$$00000008)
    __rt_lib_init_lc_collate_1               0x000002fb   Thumb Code     0  libinit2.o(.ARM.Collect$$libinit$$0000000F)
    __rt_lib_init_lc_ctype_1                 0x000002fb   Thumb Code     0  libinit2.o(.ARM.Collect$$libinit$$00000011)
    __rt_lib_init_lc_monetary_1              0x000002fb   Thumb Code     0  libinit2.o(.ARM.Collect$$libinit$$00000013)
    __rt_lib_init_lc_numeric_1               0x000002fb   Thumb Code     0  libinit2.o(.ARM.Collect$$libinit$$00000015)
    __rt_lib_init_lc_time_1                  0x000002fb   Thumb Code     0  libinit2.o(.ARM.Collect$$libinit$$00000017)
    __rt_lib_init_rand_1                     0x000002fb   Thumb Code     0  libinit2.o(.ARM.Collect$$libinit$$0000000C)
    __rt_lib_init_return                     0x000002fb   Thumb Code     0  libinit2.o(.ARM.Collect$$libinit$$00000031)
    __rt_lib_init_signal_1                   0x000002fb   Thumb Code     0  libinit2.o(.ARM.Collect$$libinit$$0000001B)
    __rt_lib_init_stdio_1                    0x000002fb   Thumb Code     0  libinit2.o(.ARM.Collect$$libinit$$00000023)
    __rt_lib_init_user_alloc_1               0x000002fb   Thumb Code     0  libinit2.o(.ARM.Collect$$libinit$$0000000A)
    __rt_lib_shutdown                        0x000002fd   Thumb Code     0  libshutdown.o(.ARM.Collect$$libshutdown$$00000000)
    __rt_lib_shutdown_fp_trap_1              0x000002ff   Thumb Code     0  libshutdown2.o(.ARM.Collect$$libshutdown$$00000006)
    __rt_lib_shutdown_heap_1                 0x000002ff   Thumb Code     0  libshutdown2.o(.ARM.Collect$$libshutdown$$0000000E)
    __rt_lib_shutdown_return                 0x000002ff   Thumb Code     0  libshutdown2.o(.ARM.Collect$$libshutdown$$0000000F)
    __rt_lib_shutdown_signal_1               0x000002ff   Thumb Code     0  libshutdown2.o(.ARM.Collect$$libshutdown$$00000009)
    __rt_lib_shutdown_stdio_1                0x000002ff   Thumb Code     0  libshutdown2.o(.ARM.Collect$$libshutdown$$00000003)
    __rt_lib_shutdown_user_alloc_1           0x000002ff   Thumb Code     0  libshutdown2.o(.ARM.Collect$$libshutdown$$0000000B)
    __rt_entry                               0x00000301   Thumb Code     0  rtentry.o(.ARM.Collect$$rtentry$$00000000)
    __rt_entry_presh_1                       0x00000301   Thumb Code     0  rtentry2.o(.ARM.Collect$$rtentry$$00000002)
    __rt_entry_sh                            0x00000301   Thumb Code     0  rtentry4.o(.ARM.Collect$$rtentry$$00000004)
    __rt_entry_li                            0x00000307   Thumb Code     0  rtentry2.o(.ARM.Collect$$rtentry$$0000000A)
    __rt_entry_postsh_1                      0x00000307   Thumb Code     0  rtentry2.o(.ARM.Collect$$rtentry$$00000009)
    __rt_entry_main                          0x0000030b   Thumb Code     0  rtentry2.o(.ARM.Collect$$rtentry$$0000000D)
    __rt_entry_postli_1                      0x0000030b   Thumb Code     0  rtentry2.o(.ARM.Collect$$rtentry$$0000000C)
    __rt_exit                                0x00000313   Thumb Code     0  rtexit.o(.ARM.Collect$$rtexit$$00000000)
    __rt_exit_ls                             0x00000315   Thumb Code     0  rtexit2.o(.ARM.Collect$$rtexit$$00000003)
    __rt_exit_prels_1                        0x00000315   Thumb Code     0  rtexit2.o(.ARM.Collect$$rtexit$$00000002)
    __rt_exit_exit                           0x00000319   Thumb Code     0  rtexit2.o(.ARM.Collect$$rtexit$$00000004)
    DisableInterrupts                        0x00000321   Thumb Code     0  startup.o(.text)
    EnableInterrupts                         0x00000325   Thumb Code     0  startup.o(.text)
    StartCritical                            0x00000329   Thumb Code     0  startup.o(.text)
    EndCritical                              0x00000331   Thumb Code     0  startup.o(.text)
    WaitForInterrupt                         0x00000337   Thumb Code     0  startup.o(.text)
    __user_initial_stackheap                 0x0000033b   Thumb Code     0  startup.o(.text)
    PID_stm32                                0x00000351   Thumb Code     0  pid_stm32.o(.text)
    cr4_fft_64_stm32                         0x00000399   Thumb Code     0  cr4_fft_64_stm32.o(.text)
    PendSV_Handler                           0x00000669   Thumb Code     0  threadswitch.o(.text)
    StartOS                                  0x00000689   Thumb Code     0  threadswitch.o(.text)
    __use_two_region_memory                  0x000006b1   Thumb Code     2  heapauxi.o(.text)
    __rt_heap_escrow$2region                 0x000006b3   Thumb Code     2  heapauxi.o(.text)
    __rt_heap_expand$2region                 0x000006b5   Thumb Code     2  heapauxi.o(.text)
    __user_setup_stackheap                   0x000006b7   Thumb Code    74  sys_stackheap_outer.o(.text)
    exit                                     0x00000701   Thumb Code    12  exit.o(.text)
    __user_libspace                          0x0000070d   Thumb Code     8  libspace.o(.text)
    __user_perproc_libspace                  0x0000070d   Thumb Code     0  libspace.o(.text)
    __user_perthread_libspace                0x0000070d   Thumb Code     0  libspace.o(.text)
    _sys_exit                                0x00000715   Thumb Code     8  sys_exit.o(.text)
    __I$use$semihosting                      0x00000721   Thumb Code     0  use_no_semi.o(.text)
    __use_no_semihosting_swi                 0x00000721   Thumb Code     2  use_no_semi.o(.text)
    __semihosting_library_function           0x00000723   Thumb Code     0  indicate_semi.o(.text)
    ADC0Seq2_Handler                         0x00000725   Thumb Code    24  adc.o(i.ADC0Seq2_Handler)
    ADC_Collect                              0x00000749   Thumb Code  1096  adc.o(i.ADC_Collect)
    ADC_In                                   0x00000b91   Thumb Code    36  adc.o(i.ADC_In)
    ADC_Open                                 0x00000bbd   Thumb Code   924  adc.o(i.ADC_Open)
    ButtonWork                               0x00000f81   Thumb Code   112  lab2.o(i.ButtonWork)
    Consumer                                 0x00001045   Thumb Code   118  lab2.o(i.Consumer)
    DAS                                      0x000010d9   Thumb Code   172  lab2.o(i.DAS)
    Delay1ms                                 0x000011a1   Thumb Code    32  st7735.o(i.Delay1ms)
    Display                                  0x000011c1   Thumb Code    84  lab2.o(i.Display)
    Filter                                   0x00001235   Thumb Code   186  lab2.o(i.Filter)
    GPIOPortF_Handler                        0x000012fd   Thumb Code    26  os.o(i.GPIOPortF_Handler)
    Interpreter                              0x00001325   Thumb Code   240  interpreter.o(i.Interpreter)
    OS_AddPeriodicThread                     0x00001429   Thumb Code    70  os.o(i.OS_AddPeriodicThread)
    OS_AddSW1Task                            0x00001485   Thumb Code    22  os.o(i.OS_AddSW1Task)
    OS_AddThread                             0x000014a5   Thumb Code   178  os.o(i.OS_AddThread)
    OS_ClearMsTime                           0x0000156d   Thumb Code     8  os.o(i.OS_ClearMsTime)
    OS_Fifo_Get                              0x00001579   Thumb Code    70  os.o(i.OS_Fifo_Get)
    OS_Fifo_Init                             0x000015cd   Thumb Code    62  os.o(i.OS_Fifo_Init)
    OS_Fifo_Put                              0x00001629   Thumb Code    70  os.o(i.OS_Fifo_Put)
    OS_Id                                    0x0000167d   Thumb Code    10  os.o(i.OS_Id)
    OS_Init                                  0x0000168d   Thumb Code    86  os.o(i.OS_Init)
    OS_InitSemaphore                         0x000016f1   Thumb Code     4  os.o(i.OS_InitSemaphore)
    OS_Kill                                  0x000016f5   Thumb Code    74  os.o(i.OS_Kill)
    OS_KillTask                              0x00001749   Thumb Code    14  os.o(i.OS_KillTask)
    OS_Launch                                0x0000175d   Thumb Code    22  os.o(i.OS_Launch)
    OS_MailBox_Init                          0x00001775   Thumb Code    20  os.o(i.OS_MailBox_Init)
    OS_MailBox_Recv                          0x00001791   Thumb Code    22  os.o(i.OS_MailBox_Recv)
    OS_MailBox_Send                          0x000017b5   Thumb Code    22  os.o(i.OS_MailBox_Send)
    OS_MsTime                                0x000017d9   Thumb Code     6  os.o(i.OS_MsTime)
    OS_SelectNextThread                      0x000017e5   Thumb Code    44  os.o(i.OS_SelectNextThread)
    OS_Sleep                                 0x00001819   Thumb Code    16  os.o(i.OS_Sleep)
    OS_Suspend                               0x0000182d   Thumb Code    18  os.o(i.OS_Suspend)
    OS_Time                                  0x00001845   Thumb Code     6  os.o(i.OS_Time)
    OS_TimeDifference                        0x00001851   Thumb Code    12  os.o(i.OS_TimeDifference)
    OS_bSignal                               0x0000185d   Thumb Code    22  os.o(i.OS_bSignal)
    OS_bWait                                 0x00001873   Thumb Code    34  os.o(i.OS_bWait)
    OutCRLF                                  0x00001895   Thumb Code    16  interpreter.o(i.OutCRLF)
    Output_Init                              0x000018a5   Thumb Code    24  st7735.o(i.Output_Init)
    PID                                      0x000018c1   Thumb Code    96  lab2.o(i.PID)
    PLL_Init                                 0x0000193d   Thumb Code   118  pll.o(i.PLL_Init)
    PortB_Init                               0x000019b9   Thumb Code    86  lab2.o(i.PortB_Init)
    PortF_Init                               0x00001a25   Thumb Code   188  os.o(i.PortF_Init)
    Producer                                 0x00001afd   Thumb Code    44  lab2.o(i.Producer)
    RxFifo_Get                               0x00001b31   Thumb Code    46  uart.o(i.RxFifo_Get)
    RxFifo_Init                              0x00001b6d   Thumb Code    26  uart.o(i.RxFifo_Init)
    RxFifo_Put                               0x00001b91   Thumb Code    48  uart.o(i.RxFifo_Put)
    RxFifo_Size                              0x00001bcd   Thumb Code    14  uart.o(i.RxFifo_Size)
    ST7735_DrawCharS                         0x00001be5   Thumb Code   232  st7735.o(i.ST7735_DrawCharS)
    ST7735_DrawPixel                         0x00001cd9   Thumb Code    64  st7735.o(i.ST7735_DrawPixel)
    ST7735_DrawString                        0x00001d21   Thumb Code    86  st7735.o(i.ST7735_DrawString)
    ST7735_FillRect                          0x00001d79   Thumb Code   164  st7735.o(i.ST7735_FillRect)
    ST7735_FillScreen                        0x00001e25   Thumb Code    28  st7735.o(i.ST7735_FillScreen)
    ST7735_InitR                             0x00001e49   Thumb Code    90  st7735.o(i.ST7735_InitR)
    ST7735_Message                           0x00001ec5   Thumb Code   134  st7735.o(i.ST7735_Message)
    ST7735_OutChar                           0x00001f61   Thumb Code   176  st7735.o(i.ST7735_OutChar)
    ST7735_OutString                         0x00002035   Thumb Code    24  st7735.o(i.ST7735_OutString)
    ST7735_OutUDec                           0x0000204d   Thumb Code   118  st7735.o(i.ST7735_OutUDec)
    ST7735_SetCursor                         0x000020d9   Thumb Code    22  st7735.o(i.ST7735_SetCursor)
    SW1Push                                  0x000020f9   Thumb Code    72  lab2.o(i.SW1Push)
    SetInitialStack                          0x0000214d   Thumb Code   328  os.o(i.SetInitialStack)
    SysTick_Handler                          0x0000229d   Thumb Code    16  systick.o(i.SysTick_Handler)
    Timer4A_Handler                          0x000022b1   Thumb Code    32  os.o(i.Timer4A_Handler)
    Timer4A_Init                             0x000022dd   Thumb Code    38  os.o(i.Timer4A_Init)
    Timer5A_Handler                          0x0000230d   Thumb Code    68  os.o(i.Timer5A_Handler)
    Timer5A_Init                             0x00002361   Thumb Code    86  os.o(i.Timer5A_Init)
    TxFifo_Get                               0x000023cd   Thumb Code    46  uart.o(i.TxFifo_Get)
    TxFifo_Init                              0x00002409   Thumb Code    26  uart.o(i.TxFifo_Init)
    TxFifo_Put                               0x0000242d   Thumb Code    48  uart.o(i.TxFifo_Put)
    TxFifo_Size                              0x00002469   Thumb Code    14  uart.o(i.TxFifo_Size)
    UART0_Handler                            0x00002481   Thumb Code    82  uart.o(i.UART0_Handler)
    UART_InChar                              0x000024d9   Thumb Code    20  uart.o(i.UART_InChar)
    UART_InString                            0x000024ed   Thumb Code    74  uart.o(i.UART_InString)
    UART_InToken                             0x00002537   Thumb Code    78  uart.o(i.UART_InToken)
    UART_Init                                0x00002585   Thumb Code   178  uart.o(i.UART_Init)
    UART_OutChar                             0x00002651   Thumb Code    46  uart.o(i.UART_OutChar)
    UART_OutString                           0x00002685   Thumb Code    24  uart.o(i.UART_OutString)
    UART_OutUDec                             0x0000269d   Thumb Code    42  uart.o(i.UART_OutUDec)
    WTimer5A_Init                            0x000026c9   Thumb Code    84  os.o(i.WTimer5A_Init)
    WideTimer5A_Handler                      0x0000272d   Thumb Code    24  os.o(i.WideTimer5A_Handler)
    fillmessage                              0x0000297d   Thumb Code    64  st7735.o(i.fillmessage)
    heartBeatInit                            0x000029c5   Thumb Code    92  interpreter.o(i.heartBeatInit)
    main                                     0x00002a31   Thumb Code   136  lab2.o(i.main)
    toggleLed                                0x00002b69   Thumb Code    14  interpreter.o(i.toggleLed)
    dBfs                                     0x000031ae   Data         512  st7735.o(.constdata)
    Region$$Table$$Base                      0x000033b0   Number         0  anon$$obj.o(Region$$Table)
    Region$$Table$$Limit                     0x000033d0   Number         0  anon$$obj.o(Region$$Table)
    RxPutI                                   0x20000000   Data           4  uart.o(.data)
    RxGetI                                   0x20000004   Data           4  uart.o(.data)
    TxPutI                                   0x20000008   Data           4  uart.o(.data)
    TxGetI                                   0x2000000c   Data           4  uart.o(.data)
    StX                                      0x20000010   Data           4  st7735.o(.data)
    StY                                      0x20000014   Data           4  st7735.o(.data)
    StTextColor                              0x20000018   Data           2  st7735.o(.data)
    lastj                                    0x20000020   Data           4  st7735.o(.data)
    Messageindex                             0x20000028   Data           4  st7735.o(.data)
    Ymax                                     0x2000002c   Data           4  st7735.o(.data)
    Ymin                                     0x20000030   Data           4  st7735.o(.data)
    X                                        0x20000034   Data           4  st7735.o(.data)
    Yrange                                   0x20000038   Data           4  st7735.o(.data)
    Semi                                     0x2000003c   Data           4  st7735.o(.data)
    DataConsumer                             0x20000040   Data           4  adc.o(.data)
    WideTimer5Count                          0x20000044   Data           4  os.o(.data)
    NumThreads                               0x20000048   Data           1  os.o(.data)
    RunPt                                    0x2000004c   Data           4  os.o(.data)
    NextPt                                   0x20000050   Data           4  os.o(.data)
    CurrentID                                0x20000054   Data           2  os.o(.data)
    OSMsCount                                0x20000058   Data           4  os.o(.data)
    PeriodicTaskCounter                      0x2000005c   Data           4  os.o(.data)
    PeriodicTask                             0x20000060   Data           4  os.o(.data)
    SW1Task                                  0x20000064   Data           4  os.o(.data)
    SW2Task                                  0x20000068   Data           4  os.o(.data)
    AndrewTriggered                          0x2000006c   Data           4  os.o(.data)
    PutPt                                    0x20000070   Data           4  os.o(.data)
    GetPt                                    0x20000074   Data           4  os.o(.data)
    FifoSize                                 0x20000078   Data           4  os.o(.data)
    FifoNumElements                          0x2000007c   Data           4  os.o(.data)
    DataRoomLeft                             0x20000080   Data           4  os.o(.data)
    DataAvailable                            0x20000084   Data           4  os.o(.data)
    FifoMutex                                0x20000088   Data           4  os.o(.data)
    BoxFree                                  0x2000008c   Data           4  os.o(.data)
    DataValid                                0x20000090   Data           4  os.o(.data)
    MailBox                                  0x20000094   Data           4  os.o(.data)
    NumCreated                               0x200000a8   Data           4  lab2.o(.data)
    PIDWork                                  0x200000ac   Data           4  lab2.o(.data)
    FilterWork                               0x200000b0   Data           4  lab2.o(.data)
    NumSamples                               0x200000b4   Data           4  lab2.o(.data)
    DataLost                                 0x200000b8   Data           4  lab2.o(.data)
    MaxJitter                                0x200000bc   Data           4  lab2.o(.data)
    DASoutput                                0x200000c0   Data           4  lab2.o(.data)
    IntTerm                                  0x200000c4   Data           2  lab2.o(.data)
    PrevError                                0x200000c6   Data           2  lab2.o(.data)
    Coeff                                    0x200000c8   Data           6  lab2.o(.data)
    Actuator                                 0x200000ce   Data           2  lab2.o(.data)
    Count1                                   0x200000d0   Data           4  lab2.o(.data)
    Count2                                   0x200000d4   Data           4  lab2.o(.data)
    Count3                                   0x200000d8   Data           4  lab2.o(.data)
    Count4                                   0x200000dc   Data           4  lab2.o(.data)
    Count5                                   0x200000e0   Data           4  lab2.o(.data)
    Readyc                                   0x200000e4   Data           4  lab2.o(.data)
    Lost                                     0x200000e8   Data           4  lab2.o(.data)
    Readyd                                   0x200000ec   Data           4  lab2.o(.data)
    CountA                                   0x200000f0   Data           4  lab2.o(.data)
    CountB                                   0x200000f4   Data           4  lab2.o(.data)
    s                                        0x200000f8   Data           4  lab2.o(.data)
    SignalCount1                             0x200000fc   Data           4  lab2.o(.data)
    SignalCount2                             0x20000100   Data           4  lab2.o(.data)
    SignalCount3                             0x20000104   Data           4  lab2.o(.data)
    WaitCount1                               0x20000108   Data           4  lab2.o(.data)
    WaitCount2                               0x2000010c   Data           4  lab2.o(.data)
    WaitCount3                               0x20000110   Data           4  lab2.o(.data)
    Message                                  0x20000134   Data          12  st7735.o(.bss)
    tcbs                                     0x20000140   Data         600  os.o(.bss)
    Stacks                                   0x20000398   Data       24000  os.o(.bss)
    Fifo                                     0x20006158   Data         128  os.o(.bss)
    JitterHistogram                          0x200061d8   Data         256  lab2.o(.bss)
    x                                        0x20006308   Data         256  lab2.o(.bss)
    y                                        0x20006408   Data         256  lab2.o(.bss)
    __libspace_start                         0x20006508   Data          96  libspace.o(.bss)
    __temporary_stack_top$libspace           0x20006568   Data           0  libspace.o(.bss)



==============================================================================

Memory Map of the image

  Image Entry point : 0x0000026d

  Load Region LR_1 (Base: 0x00000000, Size: 0x000034e4, Max: 0xffffffff, ABSOLUTE)

    Execution Region ER_RO (Base: 0x00000000, Size: 0x000033d0, Max: 0xffffffff, ABSOLUTE)

    Base Addr    Size         Type   Attr      Idx    E Section Name        Object

    0x00000000   0x00000284   Code   RO            3  * RESET               startup.o
    0x00000284   0x00000008   Code   RO         1124  * !!!main             c_w.l(__main.o)
    0x0000028c   0x00000034   Code   RO         1278    !!!scatter          c_w.l(__scatter.o)
    0x000002c0   0x0000001a   Code   RO         1280    !!handler_copy      c_w.l(__scatter_copy.o)
    0x000002da   0x00000002   PAD
    0x000002dc   0x0000001c   Code   RO         1282    !!handler_zi        c_w.l(__scatter_zi.o)
    0x000002f8   0x00000002   Code   RO         1151    .ARM.Collect$$libinit$$00000000  c_w.l(libinit.o)
    0x000002fa   0x00000000   Code   RO         1158    .ARM.Collect$$libinit$$00000002  c_w.l(libinit2.o)
    0x000002fa   0x00000000   Code   RO         1161    .ARM.Collect$$libinit$$00000008  c_w.l(libinit2.o)
    0x000002fa   0x00000000   Code   RO         1163    .ARM.Collect$$libinit$$0000000A  c_w.l(libinit2.o)
    0x000002fa   0x00000000   Code   RO         1165    .ARM.Collect$$libinit$$0000000C  c_w.l(libinit2.o)
    0x000002fa   0x00000000   Code   RO         1168    .ARM.Collect$$libinit$$0000000F  c_w.l(libinit2.o)
    0x000002fa   0x00000000   Code   RO         1170    .ARM.Collect$$libinit$$00000011  c_w.l(libinit2.o)
    0x000002fa   0x00000000   Code   RO         1172    .ARM.Collect$$libinit$$00000013  c_w.l(libinit2.o)
    0x000002fa   0x00000000   Code   RO         1174    .ARM.Collect$$libinit$$00000015  c_w.l(libinit2.o)
    0x000002fa   0x00000000   Code   RO         1176    .ARM.Collect$$libinit$$00000017  c_w.l(libinit2.o)
    0x000002fa   0x00000000   Code   RO         1178    .ARM.Collect$$libinit$$00000019  c_w.l(libinit2.o)
    0x000002fa   0x00000000   Code   RO         1180    .ARM.Collect$$libinit$$0000001B  c_w.l(libinit2.o)
    0x000002fa   0x00000000   Code   RO         1182    .ARM.Collect$$libinit$$0000001D  c_w.l(libinit2.o)
    0x000002fa   0x00000000   Code   RO         1184    .ARM.Collect$$libinit$$0000001F  c_w.l(libinit2.o)
    0x000002fa   0x00000000   Code   RO         1186    .ARM.Collect$$libinit$$00000021  c_w.l(libinit2.o)
    0x000002fa   0x00000000   Code   RO         1188    .ARM.Collect$$libinit$$00000023  c_w.l(libinit2.o)
    0x000002fa   0x00000000   Code   RO         1192    .ARM.Collect$$libinit$$0000002A  c_w.l(libinit2.o)
    0x000002fa   0x00000000   Code   RO         1194    .ARM.Collect$$libinit$$0000002C  c_w.l(libinit2.o)
    0x000002fa   0x00000000   Code   RO         1196    .ARM.Collect$$libinit$$0000002E  c_w.l(libinit2.o)
    0x000002fa   0x00000000   Code   RO         1198    .ARM.Collect$$libinit$$00000030  c_w.l(libinit2.o)
    0x000002fa   0x00000002   Code   RO         1199    .ARM.Collect$$libinit$$00000031  c_w.l(libinit2.o)
    0x000002fc   0x00000002   Code   RO         1219    .ARM.Collect$$libshutdown$$00000000  c_w.l(libshutdown.o)
    0x000002fe   0x00000000   Code   RO         1233    .ARM.Collect$$libshutdown$$00000003  c_w.l(libshutdown2.o)
    0x000002fe   0x00000000   Code   RO         1236    .ARM.Collect$$libshutdown$$00000006  c_w.l(libshutdown2.o)
    0x000002fe   0x00000000   Code   RO         1239    .ARM.Collect$$libshutdown$$00000009  c_w.l(libshutdown2.o)
    0x000002fe   0x00000000   Code   RO         1241    .ARM.Collect$$libshutdown$$0000000B  c_w.l(libshutdown2.o)
    0x000002fe   0x00000000   Code   RO         1244    .ARM.Collect$$libshutdown$$0000000E  c_w.l(libshutdown2.o)
    0x000002fe   0x00000002   Code   RO         1245    .ARM.Collect$$libshutdown$$0000000F  c_w.l(libshutdown2.o)
    0x00000300   0x00000000   Code   RO         1126    .ARM.Collect$$rtentry$$00000000  c_w.l(rtentry.o)
    0x00000300   0x00000000   Code   RO         1128    .ARM.Collect$$rtentry$$00000002  c_w.l(rtentry2.o)
    0x00000300   0x00000006   Code   RO         1140    .ARM.Collect$$rtentry$$00000004  c_w.l(rtentry4.o)
    0x00000306   0x00000000   Code   RO         1130    .ARM.Collect$$rtentry$$00000009  c_w.l(rtentry2.o)
    0x00000306   0x00000004   Code   RO         1131    .ARM.Collect$$rtentry$$0000000A  c_w.l(rtentry2.o)
    0x0000030a   0x00000000   Code   RO         1133    .ARM.Collect$$rtentry$$0000000C  c_w.l(rtentry2.o)
    0x0000030a   0x00000008   Code   RO         1134    .ARM.Collect$$rtentry$$0000000D  c_w.l(rtentry2.o)
    0x00000312   0x00000002   Code   RO         1155    .ARM.Collect$$rtexit$$00000000  c_w.l(rtexit.o)
    0x00000314   0x00000000   Code   RO         1201    .ARM.Collect$$rtexit$$00000002  c_w.l(rtexit2.o)
    0x00000314   0x00000004   Code   RO         1202    .ARM.Collect$$rtexit$$00000003  c_w.l(rtexit2.o)
    0x00000318   0x00000006   Code   RO         1203    .ARM.Collect$$rtexit$$00000004  c_w.l(rtexit2.o)
    0x0000031e   0x00000002   PAD
    0x00000320   0x00000030   Code   RO            4    .text               startup.o
    0x00000350   0x00000048   Code   RO         1063    .text               pid_stm32.o
    0x00000398   0x000002ce   Code   RO         1066    .text               cr4_fft_64_stm32.o
    0x00000666   0x00000002   PAD
    0x00000668   0x00000048   Code   RO         1099    .text               threadswitch.o
    0x000006b0   0x00000006   Code   RO         1122    .text               c_w.l(heapauxi.o)
    0x000006b6   0x0000004a   Code   RO         1142    .text               c_w.l(sys_stackheap_outer.o)
    0x00000700   0x0000000c   Code   RO         1144    .text               c_w.l(exit.o)
    0x0000070c   0x00000008   Code   RO         1152    .text               c_w.l(libspace.o)
    0x00000714   0x0000000c   Code   RO         1211    .text               c_w.l(sys_exit.o)
    0x00000720   0x00000002   Code   RO         1222    .text               c_w.l(use_no_semi.o)
    0x00000722   0x00000000   Code   RO         1224    .text               c_w.l(indicate_semi.o)
    0x00000722   0x00000002   PAD
    0x00000724   0x00000024   Code   RO          465    i.ADC0Seq2_Handler  adc.o
    0x00000748   0x00000448   Code   RO          466    i.ADC_Collect       adc.o
    0x00000b90   0x0000002c   Code   RO          467    i.ADC_In            adc.o
    0x00000bbc   0x000003c4   Code   RO          468    i.ADC_Open          adc.o
    0x00000f80   0x000000c4   Code   RO          752    i.ButtonWork        lab2.o
    0x00001044   0x00000094   Code   RO          753    i.Consumer          lab2.o
    0x000010d8   0x000000c8   Code   RO          754    i.DAS               lab2.o
    0x000011a0   0x00000020   Code   RO          174    i.Delay1ms          st7735.o
    0x000011c0   0x00000074   Code   RO          755    i.Display           lab2.o
    0x00001234   0x000000c8   Code   RO          756    i.Filter            lab2.o
    0x000012fc   0x00000028   Code   RO          498    i.GPIOPortF_Handler  os.o
    0x00001324   0x00000104   Code   RO         1069    i.Interpreter       interpreter.o
    0x00001428   0x0000005c   Code   RO          499    i.OS_AddPeriodicThread  os.o
    0x00001484   0x00000020   Code   RO          500    i.OS_AddSW1Task     os.o
    0x000014a4   0x000000c8   Code   RO          502    i.OS_AddThread      os.o
    0x0000156c   0x0000000c   Code   RO          503    i.OS_ClearMsTime    os.o
    0x00001578   0x00000054   Code   RO          505    i.OS_Fifo_Get       os.o
    0x000015cc   0x0000005c   Code   RO          506    i.OS_Fifo_Init      os.o
    0x00001628   0x00000054   Code   RO          507    i.OS_Fifo_Put       os.o
    0x0000167c   0x00000010   Code   RO          509    i.OS_Id             os.o
    0x0000168c   0x00000064   Code   RO          510    i.OS_Init           os.o
    0x000016f0   0x00000004   Code   RO          511    i.OS_InitSemaphore  os.o
    0x000016f4   0x00000054   Code   RO          512    i.OS_Kill           os.o
    0x00001748   0x00000014   Code   RO          513    i.OS_KillTask       os.o
    0x0000175c   0x00000016   Code   RO          514    i.OS_Launch         os.o
    0x00001772   0x00000002   PAD
    0x00001774   0x0000001c   Code   RO          515    i.OS_MailBox_Init   os.o
    0x00001790   0x00000024   Code   RO          516    i.OS_MailBox_Recv   os.o
    0x000017b4   0x00000024   Code   RO          517    i.OS_MailBox_Send   os.o
    0x000017d8   0x0000000c   Code   RO          518    i.OS_MsTime         os.o
    0x000017e4   0x00000034   Code   RO          520    i.OS_SelectNextThread  os.o
    0x00001818   0x00000014   Code   RO          522    i.OS_Sleep          os.o
    0x0000182c   0x00000018   Code   RO          523    i.OS_Suspend        os.o
    0x00001844   0x0000000c   Code   RO          524    i.OS_Time           os.o
    0x00001850   0x0000000c   Code   RO          525    i.OS_TimeDifference  os.o
    0x0000185c   0x00000016   Code   RO          527    i.OS_bSignal        os.o
    0x00001872   0x00000022   Code   RO          528    i.OS_bWait          os.o
    0x00001894   0x00000010   Code   RO         1070    i.OutCRLF           interpreter.o
    0x000018a4   0x0000001c   Code   RO          177    i.Output_Init       st7735.o
    0x000018c0   0x0000007c   Code   RO          759    i.PID               lab2.o
    0x0000193c   0x0000007c   Code   RO           12    i.PLL_Init          pll.o
    0x000019b8   0x0000006c   Code   RO          760    i.PortB_Init        lab2.o
    0x00001a24   0x000000d8   Code   RO          529    i.PortF_Init        os.o
    0x00001afc   0x00000034   Code   RO          761    i.Producer          lab2.o
    0x00001b30   0x0000003c   Code   RO           34    i.RxFifo_Get        uart.o
    0x00001b6c   0x00000024   Code   RO           35    i.RxFifo_Init       uart.o
    0x00001b90   0x0000003c   Code   RO           36    i.RxFifo_Put        uart.o
    0x00001bcc   0x00000018   Code   RO           37    i.RxFifo_Size       uart.o
    0x00001be4   0x000000f4   Code   RO          184    i.ST7735_DrawCharS  st7735.o
    0x00001cd8   0x00000048   Code   RO          187    i.ST7735_DrawPixel  st7735.o
    0x00001d20   0x00000056   Code   RO          188    i.ST7735_DrawString  st7735.o
    0x00001d76   0x00000002   PAD
    0x00001d78   0x000000ac   Code   RO          189    i.ST7735_FillRect   st7735.o
    0x00001e24   0x00000024   Code   RO          190    i.ST7735_FillScreen  st7735.o
    0x00001e48   0x0000007c   Code   RO          192    i.ST7735_InitR      st7735.o
    0x00001ec4   0x0000009c   Code   RO          194    i.ST7735_Message    st7735.o
    0x00001f60   0x000000d4   Code   RO          195    i.ST7735_OutChar    st7735.o
    0x00002034   0x00000018   Code   RO          196    i.ST7735_OutString  st7735.o
    0x0000204c   0x0000008c   Code   RO          197    i.ST7735_OutUDec    st7735.o
    0x000020d8   0x00000020   Code   RO          206    i.ST7735_SetCursor  st7735.o
    0x000020f8   0x00000054   Code   RO          763    i.SW1Push           lab2.o
    0x0000214c   0x00000150   Code   RO          530    i.SetInitialStack   os.o
    0x0000229c   0x00000014   Code   RO         1102    i.SysTick_Handler   systick.o
    0x000022b0   0x0000002c   Code   RO          531    i.Timer4A_Handler   os.o
    0x000022dc   0x00000030   Code   RO          532    i.Timer4A_Init      os.o
    0x0000230c   0x00000054   Code   RO          533    i.Timer5A_Handler   os.o
    0x00002360   0x0000006c   Code   RO          534    i.Timer5A_Init      os.o
    0x000023cc   0x0000003c   Code   RO           38    i.TxFifo_Get        uart.o
    0x00002408   0x00000024   Code   RO           39    i.TxFifo_Init       uart.o
    0x0000242c   0x0000003c   Code   RO           40    i.TxFifo_Put        uart.o
    0x00002468   0x00000018   Code   RO           41    i.TxFifo_Size       uart.o
    0x00002480   0x00000058   Code   RO           42    i.UART0_Handler     uart.o
    0x000024d8   0x00000014   Code   RO           43    i.UART_InChar       uart.o
    0x000024ec   0x0000004a   Code   RO           44    i.UART_InString     uart.o
    0x00002536   0x0000004e   Code   RO           45    i.UART_InToken      uart.o
    0x00002584   0x000000cc   Code   RO           48    i.UART_Init         uart.o
    0x00002650   0x00000034   Code   RO           49    i.UART_OutChar      uart.o
    0x00002684   0x00000018   Code   RO           50    i.UART_OutString    uart.o
    0x0000269c   0x0000002a   Code   RO           51    i.UART_OutUDec      uart.o
    0x000026c6   0x00000002   PAD
    0x000026c8   0x00000064   Code   RO          535    i.WTimer5A_Init     os.o
    0x0000272c   0x00000020   Code   RO          536    i.WideTimer5A_Handler  os.o
    0x0000274c   0x00000056   Code   RO          210    i.commandList       st7735.o
    0x000027a2   0x00000002   PAD
    0x000027a4   0x00000184   Code   RO          211    i.commonInit        st7735.o
    0x00002928   0x00000028   Code   RO           53    i.copyHardwareToSoftware  uart.o
    0x00002950   0x0000002c   Code   RO           54    i.copySoftwareToHardware  uart.o
    0x0000297c   0x00000048   Code   RO          214    i.fillmessage       st7735.o
    0x000029c4   0x0000006c   Code   RO         1071    i.heartBeatInit     interpreter.o
    0x00002a30   0x000000b0   Code   RO          797    i.main              lab2.o
    0x00002ae0   0x00000012   Code   RO          216    i.pushColor         st7735.o
    0x00002af2   0x00000002   PAD
    0x00002af4   0x00000074   Code   RO          217    i.setAddrWindow     st7735.o
    0x00002b68   0x00000014   Code   RO         1072    i.toggleLed         interpreter.o
    0x00002b7c   0x00000030   Code   RO          218    i.writecommand      st7735.o
    0x00002bac   0x00000020   Code   RO          219    i.writedata         st7735.o
    0x00002bcc   0x000007e2   Data   RO          221    .constdata          st7735.o
    0x000033ae   0x00000002   PAD
    0x000033b0   0x00000020   Data   RO         1276    Region$$Table       anon$$obj.o


    Execution Region ER_RW (Base: 0x20000000, Size: 0x00000114, Max: 0xffffffff, ABSOLUTE)

    Base Addr    Size         Type   Attr      Idx    E Section Name        Object

    0x20000000   0x00000010   Data   RW           56    .data               uart.o
    0x20000010   0x00000030   Data   RW          222    .data               st7735.o
    0x20000040   0x00000004   Data   RW          469    .data               adc.o
    0x20000044   0x00000054   Data   RW          538    .data               os.o
    0x20000098   0x0000007c   Data   RW          800    .data               lab2.o


    Execution Region ER_ZI (Base: 0x20000114, Size: 0x00006854, Max: 0xffffffff, ABSOLUTE)

    Base Addr    Size         Type   Attr      Idx    E Section Name        Object

    0x20000114   0x00000020   Zero   RW           55    .bss                uart.o
    0x20000134   0x0000000c   Zero   RW          220    .bss                st7735.o
    0x20000140   0x00006098   Zero   RW          537    .bss                os.o
    0x200061d8   0x00000330   Zero   RW          798    .bss                lab2.o
    0x20006508   0x00000060   Zero   RW         1153    .bss                c_w.l(libspace.o)
    0x20006568   0x00000000   Zero   RW            2    HEAP                startup.o
    0x20006568   0x00000400   Zero   RW            1    STACK               startup.o


==============================================================================

Image component sizes


      Code (inc. data)   RO Data    RW Data    ZI Data      Debug   Object Name

      2140        168          0          4          0       3820   adc.o
       718        240          0          0          0        224   cr4_fft_64_stm32.o
       404         42          0          0          0       1644   interpreter.o
      1404        298          0        124        816       7362   lab2.o
      2138        352          0         84      24728      15976   os.o
        72          8          0          0          0        188   pid_stm32.o
       124          6          0          0          0       4615   pll.o
      2118        246       2018         48         12      14093   st7735.o
       692        632          0          0       1024        876   startup.o
        20          4          0          0          0        374   systick.o
        72          8          0          0          0        196   threadswitch.o
      1026        140          0         16         32       8654   uart.o

    ----------------------------------------------------------------------
     10940       2146       2052        276      26612      58022   Object Totals
         0          0         32          0          0          0   (incl. Generated)
        12          2          2          0          0          0   (incl. Padding)

    ----------------------------------------------------------------------

      Code (inc. data)   RO Data    RW Data    ZI Data      Debug   Library Member Name

         8          0          0          0          0         68   __main.o
        52          8          0          0          0          0   __scatter.o
        26          0          0          0          0          0   __scatter_copy.o
        28          0          0          0          0          0   __scatter_zi.o
        12          0          0          0          0         72   exit.o
         6          0          0          0          0        152   heapauxi.o
         0          0          0          0          0          0   indicate_semi.o
         2          0          0          0          0          0   libinit.o
         2          0          0          0          0          0   libinit2.o
         2          0          0          0          0          0   libshutdown.o
         2          0          0          0          0          0   libshutdown2.o
         8          4          0          0         96         68   libspace.o
         0          0          0          0          0          0   rtentry.o
        12          0          0          0          0          0   rtentry2.o
         6          0          0          0          0          0   rtentry4.o
         2          0          0          0          0          0   rtexit.o
        10          0          0          0          0          0   rtexit2.o
        12          4          0          0          0         68   sys_exit.o
        74          0          0          0          0         80   sys_stackheap_outer.o
         2          0          0          0          0         68   use_no_semi.o

    ----------------------------------------------------------------------
       272         16          0          0         96        576   Library Totals
         6          0          0          0          0          0   (incl. Padding)

    ----------------------------------------------------------------------

      Code (inc. data)   RO Data    RW Data    ZI Data      Debug   Library Name

       266         16          0          0         96        576   c_w.l

    ----------------------------------------------------------------------
       272         16          0          0         96        576   Library Totals

    ----------------------------------------------------------------------

==============================================================================


      Code (inc. data)   RO Data    RW Data    ZI Data      Debug   

     11212       2162       2052        276      26708      53762   Grand Totals
     11212       2162       2052        276      26708      53762   ELF Image Totals
     11212       2162       2052        276          0          0   ROM Totals

==============================================================================

    Total RO  Size (Code + RO Data)                13264 (  12.95kB)
    Total RW  Size (RW Data + ZI Data)             26984 (  26.35kB)
    Total ROM Size (Code + RO Data + RW Data)      13540 (  13.22kB)

==============================================================================

