<html>
<body>
<pre>
<h1>µVision Build Log</h1>
<h2>Project:</h2>
C:\Keil\ValvanoWareTM4C123\EE445M\Lab2\UARTInts.uvproj
Project File Date:  02/07/2017

<h2>Output:</h2>
Rebuild target 'UARTInts'
assembling startup.s...
compiling PLL.c...
compiling UART.c...
compiling ST7735.c...
compiling ADC.c...
compiling OS.c...
compiling Lab2.c...
assembling PID_stm32.s...
assembling cr4_fft_64_stm32.s...
compiling Interpreter.c...
assembling ThreadSwitch.s...
ThreadSwitch.s(19): warning: A1581W: Added 2 bytes of padding at address 0x1e
linking...
Program Size: Code=9468 RO-data=2052 RW-data=208 ZI-data=1984  
".\UARTInts.axf" - 0 Error(s), 1 Warning(s).
</pre>
</body>
</html>
ished: 1 information, 0 warning and 1 error messages.
".\UARTInts.axf" - 1 Error(s), 1 Warning(s).
Target not created
ion, 0 warning and 1 error messages.
".\UARTInts.axf" - 1 Error(s), 2 Warning(s).
Target not created
