<html>
<body>
<pre>
<h1>µVision Build Log</h1>
<h2>Project:</h2>
C:\Keil\ValvanoWareTM4C123\EE445M\Lab2\UARTInts.uvproj
Project File Date:  02/18/2017

<h2>Output:</h2>
Rebuild target 'UARTInts'
assembling startup.s...
compiling PLL.c...
compiling UART.c...
compiling ST7735.c...
compiling ADC.c...
compiling OS.c...
OS.c(101): warning:  #177-D: variable "Andrew" was declared but never referenced
        long Andrew = 0;
OS.c(121): warning:  #177-D: variable "Andrew" was declared but never referenced
        long Andrew = 0;
OS.c: 2 warnings, 0 errors
compiling Lab2.c...
assembling PID_stm32.s...
assembling cr4_fft_64_stm32.s...
compiling Interpreter.c...
assembling ThreadSwitch.s...
compiling SysTick.c...
linking...
Program Size: Code=5704 RO-data=2052 RW-data=236 ZI-data=5364  
".\UARTInts.axf" - 0 Error(s), 2 Warning(s).
Load "C:\\Keil\\ValvanoWareTM4C123\\EE445M\\Lab2\\UARTInts.axf" 
Connecting: Mode=JTAG, Speed=1000000Hz
Erase Done.
Programming Done.
Verify OK.
ST7735_Message(0,1,"Run length = ",(RUNLENGTH)/FS);   // top half used for Display
Lab2.c(246): error:  #165: too few arguments in function call
      ST7735_Message(0,2,"v(mV) =",voltage);  
Lab2.c: 0 warnings, 6 errors
assembling PID_stm32.s...
assembling cr4_fft_64_stm32.s...
compiling Interpreter.c...
Interpreter.c(96): error:  #165: too few arguments in function call
                                ST7735_Message(ST7735_UP, 0, string, 0);
Interpreter.c(102): error:  #165: too few arguments in function call
                                ST7735_Message(ST7735_DOWN, 0, string, 0);
Interpreter.c: 0 warnings, 2 errors
assembling ThreadSwitch.s...
compiling SysTick.c...
".\UARTInts.axf" - 8 Error(s), 1 Warning(s).
Target not created
