<html>
<body>
<pre>
<h1>µVision Build Log</h1>
<h2>Project:</h2>
C:\Users\chuchinis\Desktop\EE445M\Lab2\UARTInts.uvproj
Project File Date:  02/07/2017

<h2>Output:</h2>
Rebuild target 'UARTInts'
assembling startup.s...
compiling PLL.c...
compiling UART.c...
compiling ST7735.c...
compiling ADC.c...
compiling OS.c...
compiling Lab2.c...
Lab2.c(310): warning:  #223-D: function "SysTick_Handler" declared implicitly
        SysTick_Handler();
Lab2.c: 1 warning, 0 errors
assembling PID_stm32.s...
assembling cr4_fft_64_stm32.s...
compiling Interpreter.c...
assembling ThreadSwitch.s...
compiling SysTick.c...
linking...
Program Size: Code=9552 RO-data=2052 RW-data=212 ZI-data=1980  
".\UARTInts.axf" - 0 Error(s), 1 Warning(s).
</pre>
</body>
</html>
ols.
Finished: 1 information, 0 warning and 1 error messages.
".\UARTInts.axf" - 1 Error(s), 1 Warning(s).
Target not created
tNextThread - give arg types
  void OS_SelectNextThread();
Interpreter.c: 1 warning, 0 errors
assembling ThreadSwitch.s...
ThreadSwitch.s(7): error: A1163E: Unknown opcode Switching , expecting opcode or Macro
ThreadSwitch.s(8): error: A1167E: Invalid line start 
ThreadSwitch.s(20): error: A1163E: Unknown opcode END*/ , expecting opcode or Macro
ThreadSwitch.s(22): error: A1163E: Unknown opcode using , expecting opcode or Macro
compiling SysTick.c...
OS.h(266): warning:  #1295-D: Deprecated declaration OS_SelectNextThread - give arg types
  void OS_SelectNextThread();
SysTick.c: 1 warning, 0 errors
".\UARTInts.axf" - 4 Error(s), 5 Warning(s).
Target not created
