<html>
<body>
<pre>
<h1>µVision Build Log</h1>
<h2>Project:</h2>
C:\Keil\ValvanoWareTM4C123\EE445M\Lab2\UARTInts.uvproj
Project File Date:  02/12/2017

<h2>Output:</h2>
Rebuild target 'UARTInts'
assembling startup.s...
compiling PLL.c...
compiling UART.c...
compiling ST7735.c...
compiling ADC.c...
compiling OS.c...
compiling Lab2.c...
assembling PID_stm32.s...
assembling cr4_fft_64_stm32.s...
compiling Interpreter.c...
assembling ThreadSwitch.s...
compiling SysTick.c...
linking...
Program Size: Code=3048 RO-data=32 RW-data=176 ZI-data=5352  
".\UARTInts.axf" - 0 Error(s), 0 Warning(s).
Load "C:\\Keil\\ValvanoWareTM4C123\\EE445M\\Lab2\\UARTInts.axf" 
Connecting: Mode=JTAG, Speed=1000000Hz
Erase Done.
Programming Done.
Verify OK.
.\UARTInts.axf" - 1 Error(s), 0 Warning(s).
Target not created
reated
lvanoWareTM4C123\\EE445M\\Lab2\\UARTInts.axf" 
Connecting: Mode=JTAG, Speed=1000000Hz
Erase Done.
Programming Done.
Verify OK.
