ARM Linker, 5.03 [Build 76] [MDK-ARM Lite]

==============================================================================

Section Cross References

    startup.o(STACK) refers (Special) to heapauxi.o(.text) for __use_two_region_memory
    startup.o(HEAP) refers (Special) to heapauxi.o(.text) for __use_two_region_memory
    startup.o(RESET) refers (Special) to heapauxi.o(.text) for __use_two_region_memory
    startup.o(RESET) refers to startup.o(STACK) for StackMem
    startup.o(RESET) refers to threadswitch.o(.text) for SVC_Handler
    startup.o(RESET) refers to systick.o(i.SysTick_Handler) for SysTick_Handler
    startup.o(RESET) refers to uart2.o(i.UART0_Handler) for UART0_Handler
    startup.o(RESET) refers to os.o(i.GPIOPortF_Handler) for GPIOPortF_Handler
    startup.o(RESET) refers to os.o(i.Timer4A_Handler) for Timer4A_Handler
    startup.o(RESET) refers to diskio.o(i.Timer5A_Handler) for Timer5A_Handler
    startup.o(RESET) refers to os.o(i.WideTimer0A_Handler) for WideTimer0A_Handler
    startup.o(RESET) refers to os.o(i.WideTimer0B_Handler) for WideTimer0B_Handler
    startup.o(RESET) refers to os.o(i.WideTimer5A_Handler) for WideTimer5A_Handler
    startup.o(RESET) refers to __main.o(!!!main) for __main
    startup.o(.text) refers (Special) to heapauxi.o(.text) for __use_two_region_memory
    startup.o(.text) refers to startup.o(HEAP) for HeapMem
    startup.o(.text) refers to startup.o(STACK) for StackMem
    diskio.o(i.SSI0_Init) refers to diskio.o(i.Timer5_Init) for Timer5_Init
    diskio.o(i.SSI0_Init) refers to diskio.o(i.CS_Init) for CS_Init
    diskio.o(i.Timer5A_Handler) refers to diskio.o(i.disk_timerproc) for disk_timerproc
    diskio.o(i.deselect) refers to diskio.o(i.xchg_spi) for xchg_spi
    diskio.o(i.disk_initialize) refers to diskio.o(i.init_spi) for init_spi
    diskio.o(i.disk_initialize) refers to diskio.o(i.xchg_spi) for xchg_spi
    diskio.o(i.disk_initialize) refers to diskio.o(i.send_cmd) for send_cmd
    diskio.o(i.disk_initialize) refers to diskio.o(i.deselect) for deselect
    diskio.o(i.disk_initialize) refers to diskio.o(.data) for Stat
    diskio.o(i.disk_ioctl) refers to diskio.o(i.select) for select
    diskio.o(i.disk_ioctl) refers to diskio.o(i.send_cmd) for send_cmd
    diskio.o(i.disk_ioctl) refers to diskio.o(i.rcvr_datablock) for rcvr_datablock
    diskio.o(i.disk_ioctl) refers to diskio.o(i.xchg_spi) for xchg_spi
    diskio.o(i.disk_ioctl) refers to diskio.o(i.wait_ready) for wait_ready
    diskio.o(i.disk_ioctl) refers to diskio.o(i.deselect) for deselect
    diskio.o(i.disk_ioctl) refers to diskio.o(.data) for Stat
    diskio.o(i.disk_read) refers to diskio.o(i.send_cmd) for send_cmd
    diskio.o(i.disk_read) refers to diskio.o(i.rcvr_datablock) for rcvr_datablock
    diskio.o(i.disk_read) refers to diskio.o(i.deselect) for deselect
    diskio.o(i.disk_read) refers to diskio.o(.data) for Stat
    diskio.o(i.disk_status) refers to diskio.o(.data) for Stat
    diskio.o(i.disk_timerproc) refers to diskio.o(.data) for Timer1
    diskio.o(i.disk_write) refers to diskio.o(i.send_cmd) for send_cmd
    diskio.o(i.disk_write) refers to diskio.o(i.xmit_datablock) for xmit_datablock
    diskio.o(i.disk_write) refers to diskio.o(i.deselect) for deselect
    diskio.o(i.disk_write) refers to diskio.o(.data) for Stat
    diskio.o(i.init_spi) refers to diskio.o(i.SSI0_Init) for SSI0_Init
    diskio.o(i.init_spi) refers to diskio.o(.data) for Timer1
    diskio.o(i.rcvr_datablock) refers to diskio.o(i.xchg_spi) for xchg_spi
    diskio.o(i.rcvr_datablock) refers to diskio.o(i.rcvr_spi_multi) for rcvr_spi_multi
    diskio.o(i.rcvr_datablock) refers to diskio.o(.data) for Timer1
    diskio.o(i.rcvr_spi_multi) refers to diskio.o(i.rcvr_spi) for rcvr_spi
    diskio.o(i.select) refers to diskio.o(i.xchg_spi) for xchg_spi
    diskio.o(i.select) refers to diskio.o(i.wait_ready) for wait_ready
    diskio.o(i.select) refers to diskio.o(i.deselect) for deselect
    diskio.o(i.send_cmd) refers to diskio.o(i.deselect) for deselect
    diskio.o(i.send_cmd) refers to diskio.o(i.select) for select
    diskio.o(i.send_cmd) refers to diskio.o(i.xchg_spi) for xchg_spi
    diskio.o(i.wait_ready) refers to diskio.o(i.xchg_spi) for xchg_spi
    diskio.o(i.wait_ready) refers to diskio.o(.data) for Timer2
    diskio.o(i.xmit_datablock) refers to diskio.o(i.wait_ready) for wait_ready
    diskio.o(i.xmit_datablock) refers to diskio.o(i.xchg_spi) for xchg_spi
    diskio.o(i.xmit_datablock) refers to diskio.o(i.xmit_spi_multi) for xmit_spi_multi
    ff.o(i.check_fs) refers to ff.o(i.move_window) for move_window
    ff.o(i.create_chain) refers to ff.o(i.get_fat) for get_fat
    ff.o(i.create_chain) refers to ff.o(i.put_fat) for put_fat
    ff.o(i.create_name) refers to ff.o(i.mem_set) for mem_set
    ff.o(i.create_name) refers to ff.o(i.chk_chr) for chk_chr
    ff.o(i.dir_alloc) refers to ff.o(i.dir_sdi) for dir_sdi
    ff.o(i.dir_alloc) refers to ff.o(i.move_window) for move_window
[...]
    i.RecordDongs                            0x00000f50   Section        0  os.o(i.RecordDongs)
    i.RemoveFromList                         0x00000f8c   Section        0  os.o(i.RemoveFromList)
    i.RxFifo_Get                             0x00000fb0   Section        0  uart2.o(i.RxFifo_Get)
    i.RxFifo_Init                            0x00000fec   Section        0  uart2.o(i.RxFifo_Init)
    i.RxFifo_Put                             0x00001014   Section        0  uart2.o(i.RxFifo_Put)
    i.RxFifo_Size                            0x00001058   Section        0  uart2.o(i.RxFifo_Size)
    i.SSI0_Init                              0x00001070   Section        0  diskio.o(i.SSI0_Init)
    i.ST7735_Color565                        0x000011b8   Section        0  st7735.o(i.ST7735_Color565)
    i.ST7735_DrawCharS                       0x000011d0   Section        0  st7735.o(i.ST7735_DrawCharS)
    i.ST7735_DrawPixel                       0x000012c4   Section        0  st7735.o(i.ST7735_DrawPixel)
    i.ST7735_DrawString                      0x0000130c   Section        0  st7735.o(i.ST7735_DrawString)
    i.ST7735_FillRect                        0x00001364   Section        0  st7735.o(i.ST7735_FillRect)
    i.ST7735_FillScreen                      0x00001410   Section        0  st7735.o(i.ST7735_FillScreen)
    i.ST7735_InitR                           0x00001434   Section        0  st7735.o(i.ST7735_InitR)
    i.ST7735_SetCursor                       0x000014b0   Section        0  st7735.o(i.ST7735_SetCursor)
    i.SetInitialStack                        0x000014d0   Section        0  os.o(i.SetInitialStack)
    i.SysTick_Handler                        0x00001620   Section        0  systick.o(i.SysTick_Handler)
    i.Timer4A_Handler                        0x00001634   Section        0  os.o(i.Timer4A_Handler)
    i.Timer4A_Init                           0x00001688   Section        0  os.o(i.Timer4A_Init)
    i.Timer5A_Handler                        0x000016f0   Section        0  diskio.o(i.Timer5A_Handler)
    i.Timer5_Init                            0x00001704   Section        0  diskio.o(i.Timer5_Init)
    i.TxFifo_Get                             0x00001770   Section        0  uart2.o(i.TxFifo_Get)
    i.TxFifo_Init                            0x000017c0   Section        0  uart2.o(i.TxFifo_Init)
    i.TxFifo_Put                             0x000017e8   Section        0  uart2.o(i.TxFifo_Put)
    i.TxFifo_Size                            0x00001820   Section        0  uart2.o(i.TxFifo_Size)
    i.UART0_Handler                          0x00001838   Section        0  uart2.o(i.UART0_Handler)
    i.UART_InChar                            0x00001890   Section        0  uart2.o(i.UART_InChar)
    i.UART_InToken                           0x0000189c   Section        0  uart2.o(i.UART_InToken)
    i.UART_InUDec                            0x000018fa   Section        0  uart2.o(i.UART_InUDec)
    i.UART_Init                              0x00001948   Section        0  uart2.o(i.UART_Init)
    i.UART_OutChar                           0x00001a10   Section        0  uart2.o(i.UART_OutChar)
    i.UART_OutString                         0x00001a3c   Section        0  uart2.o(i.UART_OutString)
    i.UART_OutUDec                           0x00001a54   Section        0  uart2.o(i.UART_OutUDec)
    i.UnlinkThread                           0x00001a80   Section        0  os.o(i.UnlinkThread)
    i.WTimer0A_Init                          0x00001acc   Section        0  os.o(i.WTimer0A_Init)
    i.WTimer0B_Init                          0x00001b1c   Section        0  os.o(i.WTimer0B_Init)
    i.WTimer5A_Init                          0x00001b58   Section        0  os.o(i.WTimer5A_Init)
    i.WakeUp                                 0x00001bb4   Section        0  os.o(i.WakeUp)
    i.WideTimer0A_Handler                    0x00001bcc   Section        0  os.o(i.WideTimer0A_Handler)
    i.WideTimer0B_Handler                    0x00001c64   Section        0  os.o(i.WideTimer0B_Handler)
    i.WideTimer5A_Handler                    0x00001cfc   Section        0  os.o(i.WideTimer5A_Handler)
    i.about                                  0x00001d1c   Section        0  interpreter.o(i.about)
    i.addressOf                              0x00001d38   Section        0  loader.o(i.addressOf)
    addressOf                                0x00001d39   Thumb Code    88  loader.o(i.addressOf)
    i.blockHeader                            0x00001d90   Section        0  heap.o(i.blockHeader)
    blockHeader                              0x00001d91   Thumb Code    18  heap.o(i.blockHeader)
    i.blockRoom                              0x00001da2   Section        0  heap.o(i.blockRoom)
    blockRoom                                0x00001da3   Thumb Code    18  heap.o(i.blockRoom)
    i.blockTrailer                           0x00001db4   Section        0  heap.o(i.blockTrailer)
    blockTrailer                             0x00001db5   Thumb Code    18  heap.o(i.blockTrailer)
    i.blockUnused                            0x00001dc6   Section        0  heap.o(i.blockUnused)
    blockUnused                              0x00001dc7   Thumb Code     8  heap.o(i.blockUnused)
    i.blockUsed                              0x00001dce   Section        0  heap.o(i.blockUsed)
    blockUsed                                0x00001dcf   Thumb Code    16  heap.o(i.blockUsed)
    i.check_fs                               0x00001de0   Section        0  ff.o(i.check_fs)
    check_fs                                 0x00001de1   Thumb Code   140  ff.o(i.check_fs)
    i.chk_chr                                0x00001e70   Section        0  ff.o(i.chk_chr)
    chk_chr                                  0x00001e71   Thumb Code    24  ff.o(i.chk_chr)
    i.clust2sect                             0x00001e88   Section        0  ff.o(i.clust2sect)
    i.commandList                            0x00001ea2   Section        0  st7735.o(i.commandList)
    commandList                              0x00001ea3   Thumb Code    86  st7735.o(i.commandList)
    i.commonInit                             0x00001ef8   Section        0  st7735.o(i.commonInit)
    commonInit                               0x00001ef9   Thumb Code   510  st7735.o(i.commonInit)
    i.copyHardwareToSoftware                 0x00002138   Section        0  uart2.o(i.copyHardwareToSoftware)
    copyHardwareToSoftware                   0x00002139   Thumb Code    36  uart2.o(i.copyHardwareToSoftware)
    i.copySoftwareToHardware                 0x00002160   Section        0  uart2.o(i.copySoftwareToHardware)
    copySoftwareToHardware                   0x00002161   Thumb Code    38  uart2.o(i.copySoftwareToHardware)
    i.create_chain                           0x0000218c   Section        0  ff.o(i.create_chain)
    create_chain                             0x0000218d   Thumb Code   214  ff.o(i.create_chain)
    i.create_name                            0x00002264   Section        0  ff.o(i.create_name)
    create_name                              0x00002265   Thumb Code   418  ff.o(i.create_name)
    i.deselect                               0x00002418   Section        0  diskio.o(i.deselect)
    deselect                                 0x00002419   Thumb Code    16  diskio.o(i.deselect)
    i.dir_alloc                              0x0000242c   Section        0  ff.o(i.dir_alloc)
    dir_alloc                                0x0000242d   Thumb Code    92  ff.o(i.dir_alloc)
    i.dir_find                               0x00002488   Section        0  ff.o(i.dir_find)
    dir_find                                 0x00002489   Thumb Code    92  ff.o(i.dir_find)
    i.dir_next                               0x000024e4   Section        0  ff.o(i.dir_next)
    dir_next                                 0x000024e5   Thumb Code   270  ff.o(i.dir_next)
    i.dir_register                           0x000025f2   Section        0  ff.o(i.dir_register)
    dir_register                             0x000025f3   Thumb Code    58  ff.o(i.dir_register)
    i.dir_sdi                                0x0000262c   Section        0  ff.o(i.dir_sdi)
    dir_sdi                                  0x0000262d   Thumb Code   158  ff.o(i.dir_sdi)
    i.disk_initialize                        0x000026cc   Section        0  diskio.o(i.disk_initialize)
    i.disk_ioctl                             0x00002828   Section        0  diskio.o(i.disk_ioctl)
    i.disk_read                              0x00002a50   Section        0  diskio.o(i.disk_read)
    i.disk_status                            0x00002ae0   Section        0  diskio.o(i.disk_status)
    i.disk_timerproc                         0x00002af4   Section        0  diskio.o(i.disk_timerproc)
    i.disk_write                             0x00002b34   Section        0  diskio.o(i.disk_write)
    i.dumpData                               0x00002be8   Section        0  loader.o(i.dumpData)
    dumpData                                 0x00002be9   Thumb Code     2  loader.o(i.dumpData)
    i.exec_elf                               0x00002bec   Section        0  loader.o(i.exec_elf)
    i.f_close                                0x00002cd4   Section        0  ff.o(i.f_close)
    i.f_lseek                                0x00002cf4   Section        0  ff.o(i.f_lseek)
    i.f_mount                                0x00002e74   Section        0  ff.o(i.f_mount)
    i.f_open                                 0x00002ed0   Section        0  ff.o(i.f_open)
    i.f_read                                 0x00003030   Section        0  ff.o(i.f_read)
    i.f_sync                                 0x000031d0   Section        0  ff.o(i.f_sync)
    i.findCommand                            0x00003280   Section        0  interpreter.o(i.findCommand)
    i.find_volume                            0x000032ac   Section        0  ff.o(i.find_volume)
    find_volume                              0x000032ad   Thumb Code   890  ff.o(i.find_volume)
    i.follow_path                            0x00003638   Section        0  ff.o(i.follow_path)
    follow_path                              0x00003639   Thumb Code   176  ff.o(i.follow_path)
    i.freeElf                                0x000036e8   Section        0  loader.o(i.freeElf)
    freeElf                                  0x000036e9   Thumb Code    12  loader.o(i.freeElf)
    i.freeSection                            0x000036f4   Section        0  loader.o(i.freeSection)
    freeSection                              0x000036f5   Thumb Code    16  loader.o(i.freeSection)
    i.freeSegment                            0x00003704   Section        0  loader.o(i.freeSegment)
    freeSegment                              0x00003705   Thumb Code    16  loader.o(i.freeSegment)
    i.get_fat                                0x00003714   Section        0  ff.o(i.get_fat)
    i.get_ldnumber                           0x00003806   Section        0  ff.o(i.get_ldnumber)
    get_ldnumber                             0x00003807   Thumb Code    74  ff.o(i.get_ldnumber)
    i.help                                   0x00003850   Section        0  interpreter.o(i.help)
    i.inHeapRange                            0x00003870   Section        0  heap.o(i.inHeapRange)
    inHeapRange                              0x00003871   Thumb Code    24  heap.o(i.inHeapRange)
    i.initElf                                0x0000388c   Section        0  loader.o(i.initElf)
    initElf                                  0x0000388d   Thumb Code   134  loader.o(i.initElf)
    i.init_spi                               0x00003914   Section        0  diskio.o(i.init_spi)
    init_spi                                 0x00003915   Thumb Code    32  diskio.o(i.init_spi)
    i.jumpTo                                 0x0000393c   Section        0  loader.o(i.jumpTo)
    jumpTo                                   0x0000393d   Thumb Code    42  loader.o(i.jumpTo)
    i.ld_clust                               0x00003984   Section        0  ff.o(i.ld_clust)
    ld_clust                                 0x00003985   Thumb Code    32  ff.o(i.ld_clust)
    i.loadProgram                            0x000039a4   Section        0  loader.o(i.loadProgram)
    loadProgram                              0x000039a5   Thumb Code   158  loader.o(i.loadProgram)
    i.loadSecData                            0x00003a8c   Section        0  loader.o(i.loadSecData)
    loadSecData                              0x00003a8d   Thumb Code   128  loader.o(i.loadSecData)
    i.loadSegData                            0x00003b78   Section        0  loader.o(i.loadSegData)
    loadSegData                              0x00003b79   Thumb Code   136  loader.o(i.loadSegData)
    i.loadSymbols                            0x00003c6c   Section        0  loader.o(i.loadSymbols)
    loadSymbols                              0x00003c6d   Thumb Code   122  loader.o(i.loadSymbols)
    i.main                                   0x00003d34   Section        0  sdcfile.o(i.main)
    i.markBlockUnused                        0x00003de0   Section        0  heap.o(i.markBlockUnused)
    markBlockUnused                          0x00003de1   Thumb Code    48  heap.o(i.markBlockUnused)
    i.markBlockUsed                          0x00003e10   Section        0  heap.o(i.markBlockUsed)
    markBlockUsed                            0x00003e11   Thumb Code    48  heap.o(i.markBlockUsed)
    i.mem_cmp                                0x00003e40   Section        0  ff.o(i.mem_cmp)
    mem_cmp                                  0x00003e41   Thumb Code    38  ff.o(i.mem_cmp)
    i.mem_cpy                                0x00003e66   Section        0  ff.o(i.mem_cpy)
    mem_cpy                                  0x00003e67   Thumb Code    26  ff.o(i.mem_cpy)
    i.mem_set                                0x00003e80   Section        0  ff.o(i.mem_set)
    mem_set                                  0x00003e81   Thumb Code    20  ff.o(i.mem_set)
    i.mergeBlockWithBelow                    0x00003e94   Section        0  heap.o(i.mergeBlockWithBelow)
    mergeBlockWithBelow                      0x00003e95   Thumb Code    46  heap.o(i.mergeBlockWithBelow)
    i.move_window                            0x00003ec2   Section        0  ff.o(i.move_window)
    move_window                              0x00003ec3   Thumb Code    52  ff.o(i.move_window)
    i.nextBlockHeader                        0x00003ef6   Section        0  heap.o(i.nextBlockHeader)
    nextBlockHeader                          0x00003ef7   Thumb Code    14  heap.o(i.nextBlockHeader)
    i.placeDynamic                           0x00003f04   Section        0  loader.o(i.placeDynamic)
    placeDynamic                             0x00003f05   Thumb Code   132  loader.o(i.placeDynamic)
    i.placeInfo                              0x00003f88   Section        0  loader.o(i.placeInfo)
    placeInfo                                0x00003f89   Thumb Code   248  loader.o(i.placeInfo)
    i.previousBlockHeader                    0x000040d4   Section        0  heap.o(i.previousBlockHeader)
    previousBlockHeader                      0x000040d5   Thumb Code    12  heap.o(i.previousBlockHeader)
    i.printFile                              0x000040e0   Section        0  interpreter.o(i.printFile)
    i.pushColor                              0x00004122   Section        0  st7735.o(i.pushColor)
    pushColor                                0x00004123   Thumb Code    18  st7735.o(i.pushColor)
    i.put_fat                                0x00004134   Section        0  ff.o(i.put_fat)
    i.rcvr_datablock                         0x0000427c   Section        0  diskio.o(i.rcvr_datablock)
    rcvr_datablock                           0x0000427d   Thumb Code    66  diskio.o(i.rcvr_datablock)
    i.rcvr_spi                               0x000042c4   Section        0  diskio.o(i.rcvr_spi)
    rcvr_spi                                 0x000042c5   Thumb Code    40  diskio.o(i.rcvr_spi)
    i.rcvr_spi_multi                         0x000042f0   Section        0  diskio.o(i.rcvr_spi_multi)
    rcvr_spi_multi                           0x000042f1   Thumb Code    24  diskio.o(i.rcvr_spi_multi)
    i.readSecHeader                          0x00004308   Section        0  loader.o(i.readSecHeader)
    readSecHeader                            0x00004309   Thumb Code    62  loader.o(i.readSecHeader)
    i.readSection                            0x00004346   Section        0  loader.o(i.readSection)
    readSection                              0x00004347   Thumb Code    58  loader.o(i.readSection)
    i.readSectionName                        0x00004380   Section        0  loader.o(i.readSectionName)
    readSectionName                          0x00004381   Thumb Code    68  loader.o(i.readSectionName)
    i.readSegHeader                          0x000043c4   Section        0  loader.o(i.readSegHeader)
    readSegHeader                            0x000043c5   Thumb Code    58  loader.o(i.readSegHeader)
    i.readSymbol                             0x000043fe   Section        0  loader.o(i.readSymbol)
    readSymbol                               0x000043ff   Thumb Code   114  loader.o(i.readSymbol)
    i.readSymbolName                         0x00004470   Section        0  loader.o(i.readSymbolName)
    readSymbolName                           0x00004471   Thumb Code    68  loader.o(i.readSymbolName)
    i.relJmpCall                             0x000044b4   Section        0  loader.o(i.relJmpCall)
    relJmpCall                               0x000044b5   Thumb Code   166  loader.o(i.relJmpCall)
    i.relocate                               0x0000455c   Section        0  loader.o(i.relocate)
    relocate                                 0x0000455d   Thumb Code   168  loader.o(i.relocate)
    i.relocateProgram                        0x00004624   Section        0  loader.o(i.relocateProgram)
    relocateProgram                          0x00004625   Thumb Code    32  loader.o(i.relocateProgram)
    i.relocateSection                        0x00004664   Section        0  loader.o(i.relocateSection)
    relocateSection                          0x00004665   Thumb Code    66  loader.o(i.relocateSection)
    i.relocateSections                       0x000046e8   Section        0  loader.o(i.relocateSections)
    relocateSections                         0x000046e9   Thumb Code    48  loader.o(i.relocateSections)
    i.relocateSymbol                         0x00004730   Section        0  loader.o(i.relocateSymbol)
    relocateSymbol                           0x00004731   Thumb Code    56  loader.o(i.relocateSymbol)
    i.remove_chain                           0x00004768   Section        0  ff.o(i.remove_chain)
    remove_chain                             0x00004769   Thumb Code   108  ff.o(i.remove_chain)
    i.sectionOf                              0x000047d4   Section        0  loader.o(i.sectionOf)
    sectionOf                                0x000047d5   Thumb Code    70  loader.o(i.sectionOf)
    i.select                                 0x0000481c   Section        0  diskio.o(i.select)
    select                                   0x0000481d   Thumb Code    44  diskio.o(i.select)
    i.send_cmd                               0x0000484c   Section        0  diskio.o(i.send_cmd)
    send_cmd                                 0x0000484d   Thumb Code   150  diskio.o(i.send_cmd)
    i.setAddrWindow                          0x000048e4   Section        0  st7735.o(i.setAddrWindow)
    setAddrWindow                            0x000048e5   Thumb Code   106  st7735.o(i.setAddrWindow)
    i.splitAndMarkBlockUsed                  0x00004958   Section        0  heap.o(i.splitAndMarkBlockUsed)
    splitAndMarkBlockUsed                    0x00004959   Thumb Code    76  heap.o(i.splitAndMarkBlockUsed)
    i.st_clust                               0x000049a4   Section        0  ff.o(i.st_clust)
    st_clust                                 0x000049a5   Thumb Code    16  ff.o(i.st_clust)
    i.sync_fs                                0x000049b4   Section        0  ff.o(i.sync_fs)
    sync_fs                                  0x000049b5   Thumb Code   200  ff.o(i.sync_fs)
    i.sync_window                            0x00004a7c   Section        0  ff.o(i.sync_window)
    sync_window                              0x00004a7d   Thumb Code    82  ff.o(i.sync_window)
    i.validate                               0x00004ace   Section        0  ff.o(i.validate)
    validate                                 0x00004acf   Thumb Code    54  ff.o(i.validate)
    i.wait_ready                             0x00004b04   Section        0  diskio.o(i.wait_ready)
    wait_ready                               0x00004b05   Thumb Code    42  diskio.o(i.wait_ready)
    i.writecommand                           0x00004b34   Section        0  st7735.o(i.writecommand)
    writecommand                             0x00004b35   Thumb Code    68  st7735.o(i.writecommand)
    i.writedata                              0x00004b80   Section        0  st7735.o(i.writedata)
    writedata                                0x00004b81   Thumb Code    72  st7735.o(i.writedata)
    i.xchg_spi                               0x00004bd0   Section        0  diskio.o(i.xchg_spi)
    xchg_spi                                 0x00004bd1   Thumb Code    48  diskio.o(i.xchg_spi)
    i.xmit_datablock                         0x00004c04   Section        0  diskio.o(i.xmit_datablock)
    xmit_datablock                           0x00004c05   Thumb Code    76  diskio.o(i.xmit_datablock)
    i.xmit_spi_multi                         0x00004c50   Section        0  diskio.o(i.xmit_spi_multi)
    xmit_spi_multi                           0x00004c51   Thumb Code    40  diskio.o(i.xmit_spi_multi)
    locale$$code                             0x00004c7c   Section       44  lc_ctype_c.o(locale$$code)
    .constdata                               0x00004ca8   Section     2018  st7735.o(.constdata)
    Font                                     0x00004ca8   Data        1275  st7735.o(.constdata)
    Bcmd                                     0x000051a3   Data         103  st7735.o(.constdata)
    Rcmd1                                    0x0000520a   Data          59  st7735.o(.constdata)
    Rcmd2green                               0x00005245   Data          13  st7735.o(.constdata)
    Rcmd2red                                 0x00005252   Data          13  st7735.o(.constdata)
    Rcmd3                                    0x0000525f   Data          43  st7735.o(.constdata)
    .constdata                               0x0000548c   Section        8  interpreter.o(.constdata)
    symtab                                   0x0000548c   Data           8  interpreter.o(.constdata)
    .constdata                               0x00005494   Section       69  loader.o(.constdata)
    .conststring                             0x000054d9   Section      118  interpreter.o(.conststring)
    locale$$data                             0x00005570   Section      272  lc_ctype_c.o(locale$$data)
    __lcctype_c_name                         0x00005574   Data           2  lc_ctype_c.o(locale$$data)
    __lcctype_c_start                        0x0000557c   Data           0  lc_ctype_c.o(locale$$data)
    __lcctype_c_end                          0x00005680   Data           0  lc_ctype_c.o(locale$$data)
    .data                                    0x20000000   Section       13  diskio.o(.data)
    Stat                                     0x20000000   Data           1  diskio.o(.data)
    Timer1                                   0x20000004   Data           4  diskio.o(.data)
    Timer2                                   0x20000008   Data           4  diskio.o(.data)
    CardType                                 0x2000000c   Data           1  diskio.o(.data)
    .data                                    0x20000010   Section        6  ff.o(.data)
    FatFs                                    0x20000010   Data           4  ff.o(.data)
    Fsid                                     0x20000014   Data           2  ff.o(.data)
    .data                                    0x20000018   Section        6  sdcfile.o(.data)
    .data                                    0x20000020   Section       44  st7735.o(.data)
    _width                                   0x2000002a   Data           2  st7735.o(.data)
    _height                                  0x2000002c   Data           2  st7735.o(.data)
    ColStart                                 0x20000034   Data           1  st7735.o(.data)
    RowStart                                 0x20000035   Data           1  st7735.o(.data)
    Rotation                                 0x20000036   Data           1  st7735.o(.data)
    TabColor                                 0x20000037   Data           1  st7735.o(.data)
    .data                                    0x2000004c   Section       68  interpreter.o(.data)
    .data                                    0x20000090   Section      128  os.o(.data)
    LastTime                                 0x200000a0   Data           4  os.o(.data)
    LastTime                                 0x200000a4   Data           4  os.o(.data)
    .data                                    0x20000110   Section       16  uart2.o(.data)
    .bss                                     0x20000120   Section     2172  sdcfile.o(.bss)
    g_sFatFs                                 0x20000120   Data         564  sdcfile.o(.bss)
    .bss                                     0x2000099c   Section     4096  heap.o(.bss)
    Heap                                     0x2000099c   Data        4096  heap.o(.bss)
    .bss                                     0x2000199c   Section    10084  os.o(.bss)
    .bss                                     0x20004100   Section       72  uart2.o(.bss)
    RxFifo                                   0x2000412c   Data          16  uart2.o(.bss)
    .bss                                     0x20004148   Section      672  loader.o(.bss)
    fd                                       0x20004148   Data         548  loader.o(.bss)
    exec                                     0x2000436c   Data         124  loader.o(.bss)
    .bss                                     0x200043e8   Section       96  libspace.o(.bss)
    HEAP                                     0x20004448   Section        0  startup.o(HEAP)
    STACK                                    0x20004448   Section     1024  startup.o(STACK)
    HeapMem                                  0x20004448   Data           0  startup.o(HEAP)
    StackMem                                 0x20004448   Data           0  startup.o(STACK)

    Global Symbols

    Symbol Name                              Value     Ov Type        Size  Object(Section)

    BuildAttributes$$THM_ISAv4$E$P$D$K$B$S$7EM$PE$A:L22UL41UL21$X:L11$S22US41US21$IEEE1$IW$USESV6$~STKCKD$USESV7$~SHL$OSPACE$ROPI$EBA8$UX$STANDARDLIB$REQ8$PRES8$EABIv2 0x00000000   Number         0  anon$$obj.o ABSOLUTE
    __ARM_use_no_argv                        0x00000000   Number         0  sdcfile.o ABSOLUTE
    __Vectors                                0x00000000   Data           0  startup.o(RESET)
    __ARM_exceptions_init                     - Undefined Weak Reference
    __alloca_initialize                       - Undefined Weak Reference
    __cpp_initialize__aeabi_                  - Undefined Weak Reference
    __cxa_finalize                            - Undefined Weak Reference
    __sigvec_lookup                           - Undefined Weak Reference
    _atexit_init                              - Undefined Weak Reference
    _call_atexit_fns                          - Undefined Weak Reference
    _clock_init                               - Undefined Weak Reference
    _fp_trap_init                             - Undefined Weak Reference
    _fp_trap_shutdown                         - Undefined Weak Reference
    _get_lc_collate                           - Undefined Weak Reference
    _get_lc_monetary                          - Undefined Weak Reference
    _get_lc_numeric                           - Undefined Weak Reference
    _get_lc_time                              - Undefined Weak Reference
    _getenv_init                              - Undefined Weak Reference
    _handle_redirection                       - Undefined Weak Reference
    _init_alloc                               - Undefined Weak Reference
    _init_user_alloc                          - Undefined Weak Reference
    _initio                                   - Undefined Weak Reference
    _rand_init                                - Undefined Weak Reference
    _signal_finish                            - Undefined Weak Reference
    _signal_init                              - Undefined Weak Reference
    _terminate_alloc                          - Undefined Weak Reference
    _terminate_user_alloc                     - Undefined Weak Reference
    _terminateio                              - Undefined Weak Reference
    Reset_Handler                            0x0000026d   Thumb Code     0  startup.o(RESET)
    NMI_Handler                              0x00000271   Thumb Code     2  startup.o(RESET)
    HardFault_Handler                        0x00000273   Thumb Code     2  startup.o(RESET)
    MemManage_Handler                        0x00000275   Thumb Code     2  startup.o(RESET)
    BusFault_Handler                         0x00000277   Thumb Code     2  startup.o(RESET)
    UsageFault_Handler                       0x00000279   Thumb Code     2  startup.o(RESET)
    DebugMon_Handler                         0x0000027d   Thumb Code     2  startup.o(RESET)
    ADC0Seq0_Handler                         0x00000283   Thumb Code     0  startup.o(RESET)
    ADC0Seq1_Handler                         0x00000283   Thumb Code     0  startup.o(RESET)
    ADC0Seq2_Handler                         0x00000283   Thumb Code     0  startup.o(RESET)
    ADC0Seq3_Handler                         0x00000283   Thumb Code     0  startup.o(RESET)
    ADC1Seq0_Handler                         0x00000283   Thumb Code     0  startup.o(RESET)
    ADC1Seq1_Handler                         0x00000283   Thumb Code     0  startup.o(RESET)
    ADC1Seq2_Handler                         0x00000283   Thumb Code     0  startup.o(RESET)
    ADC1Seq3_Handler                         0x00000283   Thumb Code     0  startup.o(RESET)
    CAN0_Handler                             0x00000283   Thumb Code     0  startup.o(RESET)
    CAN1_Handler                             0x00000283   Thumb Code     0  startup.o(RESET)
    CAN2_Handler                             0x00000283   Thumb Code     0  startup.o(RESET)
    Comp0_Handler                            0x00000283   Thumb Code     0  startup.o(RESET)
    Comp1_Handler                            0x00000283   Thumb Code     0  startup.o(RESET)
    Comp2_Handler                            0x00000283   Thumb Code     0  startup.o(RESET)
    Ethernet_Handler                         0x00000283   Thumb Code     0  startup.o(RESET)
    ExtBus_Handler                           0x00000283   Thumb Code     0  startup.o(RESET)
    FPU_Handler                              0x00000283   Thumb Code     0  startup.o(RESET)
    Fan0_Handler                             0x00000283   Thumb Code     0  startup.o(RESET)
    FlashCtl_Handler                         0x00000283   Thumb Code     0  startup.o(RESET)
    GPIOPortA_Handler                        0x00000283   Thumb Code     0  startup.o(RESET)
    GPIOPortB_Handler                        0x00000283   Thumb Code     0  startup.o(RESET)
    GPIOPortC_Handler                        0x00000283   Thumb Code     0  startup.o(RESET)
    GPIOPortD_Handler                        0x00000283   Thumb Code     0  startup.o(RESET)
    GPIOPortE_Handler                        0x00000283   Thumb Code     0  startup.o(RESET)
    GPIOPortG_Handler                        0x00000283   Thumb Code     0  startup.o(RESET)
    GPIOPortH_Handler                        0x00000283   Thumb Code     0  startup.o(RESET)
    GPIOPortJ_Handler                        0x00000283   Thumb Code     0  startup.o(RESET)
    GPIOPortK_Handler                        0x00000283   Thumb Code     0  startup.o(RESET)
    GPIOPortL_Handler                        0x00000283   Thumb Code     0  startup.o(RESET)
    GPIOPortM_Handler                        0x00000283   Thumb Code     0  startup.o(RESET)
    GPIOPortN_Handler                        0x00000283   Thumb Code     0  startup.o(RESET)
    GPIOPortP1_Handler                       0x00000283   Thumb Code     0  startup.o(RESET)
    GPIOPortP2_Handler                       0x00000283   Thumb Code     0  startup.o(RESET)
    GPIOPortP3_Handler                       0x00000283   Thumb Code     0  startup.o(RESET)
    GPIOPortP4_Handler                       0x00000283   Thumb Code     0  startup.o(RESET)
    GPIOPortP5_Handler                       0x00000283   Thumb Code     0  startup.o(RESET)
    GPIOPortP6_Handler                       0x00000283   Thumb Code     0  startup.o(RESET)
    GPIOPortP7_Handler                       0x00000283   Thumb Code     0  startup.o(RESET)
    GPIOPortP_Handler                        0x00000283   Thumb Code     0  startup.o(RESET)
    GPIOPortQ1_Handler                       0x00000283   Thumb Code     0  startup.o(RESET)
    GPIOPortQ2_Handler                       0x00000283   Thumb Code     0  startup.o(RESET)
    GPIOPortQ3_Handler                       0x00000283   Thumb Code     0  startup.o(RESET)
    GPIOPortQ4_Handler                       0x00000283   Thumb Code     0  startup.o(RESET)
    GPIOPortQ5_Handler                       0x00000283   Thumb Code     0  startup.o(RESET)
    GPIOPortQ6_Handler                       0x00000283   Thumb Code     0  startup.o(RESET)
    GPIOPortQ7_Handler                       0x00000283   Thumb Code     0  startup.o(RESET)
    GPIOPortQ_Handler                        0x00000283   Thumb Code     0  startup.o(RESET)
    GPIOPortR_Handler                        0x00000283   Thumb Code     0  startup.o(RESET)
    GPIOPortS_Handler                        0x00000283   Thumb Code     0  startup.o(RESET)
    Hibernate_Handler                        0x00000283   Thumb Code     0  startup.o(RESET)
    I2C0_Handler                             0x00000283   Thumb Code     0  startup.o(RESET)
    I2C1_Handler                             0x00000283   Thumb Code     0  startup.o(RESET)
    I2C2_Handler                             0x00000283   Thumb Code     0  startup.o(RESET)
    I2C3_Handler                             0x00000283   Thumb Code     0  startup.o(RESET)
    I2C4_Handler                             0x00000283   Thumb Code     0  startup.o(RESET)
    I2C5_Handler                             0x00000283   Thumb Code     0  startup.o(RESET)
    I2S0_Handler                             0x00000283   Thumb Code     0  startup.o(RESET)
    LPC0_Handler                             0x00000283   Thumb Code     0  startup.o(RESET)
    PECI0_Handler                            0x00000283   Thumb Code     0  startup.o(RESET)
    PWM0Fault_Handler                        0x00000283   Thumb Code     0  startup.o(RESET)
    PWM0Generator0_Handler                   0x00000283   Thumb Code     0  startup.o(RESET)
    PWM0Generator1_Handler                   0x00000283   Thumb Code     0  startup.o(RESET)
    PWM0Generator2_Handler                   0x00000283   Thumb Code     0  startup.o(RESET)
    PWM0Generator3_Handler                   0x00000283   Thumb Code     0  startup.o(RESET)
    PWM1Fault_Handler                        0x00000283   Thumb Code     0  startup.o(RESET)
    PWM1Generator0_Handler                   0x00000283   Thumb Code     0  startup.o(RESET)
    PWM1Generator1_Handler                   0x00000283   Thumb Code     0  startup.o(RESET)
    PWM1Generator2_Handler                   0x00000283   Thumb Code     0  startup.o(RESET)
    PWM1Generator3_Handler                   0x00000283   Thumb Code     0  startup.o(RESET)
    Quadrature0_Handler                      0x00000283   Thumb Code     0  startup.o(RESET)
    Quadrature1_Handler                      0x00000283   Thumb Code     0  startup.o(RESET)
    Quadrature2_Handler                      0x00000283   Thumb Code     0  startup.o(RESET)
    SSI0_Handler                             0x00000283   Thumb Code     0  startup.o(RESET)
    SSI1_Handler                             0x00000283   Thumb Code     0  startup.o(RESET)
    SSI2_Handler                             0x00000283   Thumb Code     0  startup.o(RESET)
    SSI3_Handler                             0x00000283   Thumb Code     0  startup.o(RESET)
    SysCtl_Handler                           0x00000283   Thumb Code     0  startup.o(RESET)
    Timer0A_Handler                          0x00000283   Thumb Code     0  startup.o(RESET)
    Timer0B_Handler                          0x00000283   Thumb Code     0  startup.o(RESET)
    Timer1A_Handler                          0x00000283   Thumb Code     0  startup.o(RESET)
    Timer1B_Handler                          0x00000283   Thumb Code     0  startup.o(RESET)
    Timer2A_Handler                          0x00000283   Thumb Code     0  startup.o(RESET)
    Timer2B_Handler                          0x00000283   Thumb Code     0  startup.o(RESET)
    Timer3A_Handler                          0x00000283   Thumb Code     0  startup.o(RESET)
    Timer3B_Handler                          0x00000283   Thumb Code     0  startup.o(RESET)
    Timer4B_Handler                          0x00000283   Thumb Code     0  startup.o(RESET)
    Timer5B_Handler                          0x00000283   Thumb Code     0  startup.o(RESET)
    UART1_Handler                            0x00000283   Thumb Code     0  startup.o(RESET)
    UART2_Handler                            0x00000283   Thumb Code     0  startup.o(RESET)
    UART3_Handler                            0x00000283   Thumb Code     0  startup.o(RESET)
    UART4_Handler                            0x00000283   Thumb Code     0  startup.o(RESET)
    UART5_Handler                            0x00000283   Thumb Code     0  startup.o(RESET)
    UART6_Handler                            0x00000283   Thumb Code     0  startup.o(RESET)
    UART7_Handler                            0x00000283   Thumb Code     0  startup.o(RESET)
    USB0_Handler                             0x00000283   Thumb Code     0  startup.o(RESET)
    WDT_Handler                              0x00000283   Thumb Code     0  startup.o(RESET)
    WideTimer1A_Handler                      0x00000283   Thumb Code     0  startup.o(RESET)
    WideTimer1B_Handler                      0x00000283   Thumb Code     0  startup.o(RESET)
    WideTimer2A_Handler                      0x00000283   Thumb Code     0  startup.o(RESET)
    WideTimer2B_Handler                      0x00000283   Thumb Code     0  startup.o(RESET)
    WideTimer3A_Handler                      0x00000283   Thumb Code     0  startup.o(RESET)
    WideTimer3B_Handler                      0x00000283   Thumb Code     0  startup.o(RESET)
    WideTimer4A_Handler                      0x00000283   Thumb Code     0  startup.o(RESET)
    WideTimer4B_Handler                      0x00000283   Thumb Code     0  startup.o(RESET)
    WideTimer5B_Handler                      0x00000283   Thumb Code     0  startup.o(RESET)
    uDMA_Error                               0x00000283   Thumb Code     0  startup.o(RESET)
    uDMA_Handler                             0x00000283   Thumb Code     0  startup.o(RESET)
    __main                                   0x00000285   Thumb Code     8  __main.o(!!!main)
    __scatterload                            0x0000028d   Thumb Code     0  __scatter.o(!!!scatter)
    __scatterload_rt2                        0x0000028d   Thumb Code    44  __scatter.o(!!!scatter)
    __scatterload_rt2_thumb_only             0x0000028d   Thumb Code     0  __scatter.o(!!!scatter)
    __scatterload_null                       0x0000029b   Thumb Code     0  __scatter.o(!!!scatter)
    __scatterload_copy                       0x000002c1   Thumb Code    26  __scatter_copy.o(!!handler_copy)
    __scatterload_zeroinit                   0x000002dd   Thumb Code    28  __scatter_zi.o(!!handler_zi)
    __rt_lib_init                            0x000002f9   Thumb Code     0  libinit.o(.ARM.Collect$$libinit$$00000000)
    __rt_lib_init_fp_1                       0x000002fb   Thumb Code     0  libinit2.o(.ARM.Collect$$libinit$$00000002)
    __rt_lib_init_heap_1                     0x000002fb   Thumb Code     0  libinit2.o(.ARM.Collect$$libinit$$00000008)
    __rt_lib_init_lc_common                  0x000002fb   Thumb Code     0  libinit2.o(.ARM.Collect$$libinit$$0000000D)
    __rt_lib_init_rand_1                     0x000002fb   Thumb Code     0  libinit2.o(.ARM.Collect$$libinit$$0000000C)
    __rt_lib_init_user_alloc_1               0x000002fb   Thumb Code     0  libinit2.o(.ARM.Collect$$libinit$$0000000A)
    __rt_lib_init_lc_collate_1               0x00000301   Thumb Code     0  libinit2.o(.ARM.Collect$$libinit$$0000000F)
    __rt_lib_init_lc_ctype_2                 0x00000301   Thumb Code     0  libinit2.o(.ARM.Collect$$libinit$$00000010)
    __rt_lib_init_alloca_1                   0x0000030d   Thumb Code     0  libinit2.o(.ARM.Collect$$libinit$$0000002C)
    __rt_lib_init_argv_1                     0x0000030d   Thumb Code     0  libinit2.o(.ARM.Collect$$libinit$$0000002A)
    __rt_lib_init_atexit_1                   0x0000030d   Thumb Code     0  libinit2.o(.ARM.Collect$$libinit$$00000019)
    __rt_lib_init_clock_1                    0x0000030d   Thumb Code     0  libinit2.o(.ARM.Collect$$libinit$$0000001F)
    __rt_lib_init_cpp_1                      0x0000030d   Thumb Code     0  libinit2.o(.ARM.Collect$$libinit$$00000030)
    __rt_lib_init_exceptions_1               0x0000030d   Thumb Code     0  libinit2.o(.ARM.Collect$$libinit$$0000002E)
    __rt_lib_init_fp_trap_1                  0x0000030d   Thumb Code     0  libinit2.o(.ARM.Collect$$libinit$$0000001D)
    __rt_lib_init_getenv_1                   0x0000030d   Thumb Code     0  libinit2.o(.ARM.Collect$$libinit$$00000021)
    __rt_lib_init_lc_ctype_1                 0x0000030d   Thumb Code     0  libinit2.o(.ARM.Collect$$libinit$$00000011)
    __rt_lib_init_lc_monetary_1              0x0000030d   Thumb Code     0  libinit2.o(.ARM.Collect$$libinit$$00000013)
    __rt_lib_init_lc_numeric_1               0x0000030d   Thumb Code     0  libinit2.o(.ARM.Collect$$libinit$$00000015)
    __rt_lib_init_lc_time_1                  0x0000030d   Thumb Code     0  libinit2.o(.ARM.Collect$$libinit$$00000017)
    __rt_lib_init_return                     0x0000030d   Thumb Code     0  libinit2.o(.ARM.Collect$$libinit$$00000031)
    __rt_lib_init_signal_1                   0x0000030d   Thumb Code     0  libinit2.o(.ARM.Collect$$libinit$$0000001B)
    __rt_lib_init_stdio_1                    0x0000030d   Thumb Code     0  libinit2.o(.ARM.Collect$$libinit$$00000023)
    __rt_lib_shutdown                        0x0000030f   Thumb Code     0  libshutdown.o(.ARM.Collect$$libshutdown$$00000000)
    __rt_lib_shutdown_fp_trap_1              0x00000311   Thumb Code     0  libshutdown2.o(.ARM.Collect$$libshutdown$$00000006)
    __rt_lib_shutdown_heap_1                 0x00000311   Thumb Code     0  libshutdown2.o(.ARM.Collect$$libshutdown$$0000000E)
    __rt_lib_shutdown_return                 0x00000311   Thumb Code     0  libshutdown2.o(.ARM.Collect$$libshutdown$$0000000F)
    __rt_lib_shutdown_signal_1               0x00000311   Thumb Code     0  libshutdown2.o(.ARM.Collect$$libshutdown$$00000009)
    __rt_lib_shutdown_stdio_1                0x00000311   Thumb Code     0  libshutdown2.o(.ARM.Collect$$libshutdown$$00000003)
    __rt_lib_shutdown_user_alloc_1           0x00000311   Thumb Code     0  libshutdown2.o(.ARM.Collect$$libshutdown$$0000000B)
    __rt_entry                               0x00000313   Thumb Code     0  rtentry.o(.ARM.Collect$$rtentry$$00000000)
    __rt_entry_presh_1                       0x00000313   Thumb Code     0  rtentry2.o(.ARM.Collect$$rtentry$$00000002)
    __rt_entry_sh                            0x00000313   Thumb Code     0  rtentry4.o(.ARM.Collect$$rtentry$$00000004)
    __rt_entry_li                            0x00000319   Thumb Code     0  rtentry2.o(.ARM.Collect$$rtentry$$0000000A)
    __rt_entry_postsh_1                      0x00000319   Thumb Code     0  rtentry2.o(.ARM.Collect$$rtentry$$00000009)
    __rt_entry_main                          0x0000031d   Thumb Code     0  rtentry2.o(.ARM.Collect$$rtentry$$0000000D)
    __rt_entry_postli_1                      0x0000031d   Thumb Code     0  rtentry2.o(.ARM.Collect$$rtentry$$0000000C)
    __rt_exit                                0x00000325   Thumb Code     0  rtexit.o(.ARM.Collect$$rtexit$$00000000)
    __rt_exit_ls                             0x00000327   Thumb Code     0  rtexit2.o(.ARM.Collect$$rtexit$$00000003)
    __rt_exit_prels_1                        0x00000327   Thumb Code     0  rtexit2.o(.ARM.Collect$$rtexit$$00000002)
    __rt_exit_exit                           0x0000032b   Thumb Code     0  rtexit2.o(.ARM.Collect$$rtexit$$00000004)
    Delay                                    0x00000331   Thumb Code     6  st7735.o(.emb_text)
    DisableInterrupts                        0x00000339   Thumb Code     0  startup.o(.text)
    EnableInterrupts                         0x0000033d   Thumb Code     0  startup.o(.text)
    StartCritical                            0x00000341   Thumb Code     0  startup.o(.text)
    EndCritical                              0x00000349   Thumb Code     0  startup.o(.text)
    WaitForInterrupt                         0x0000034f   Thumb Code     0  startup.o(.text)
    __user_initial_stackheap                 0x00000353   Thumb Code     0  startup.o(.text)
    SVC_Handler                              0x00000369   Thumb Code     0  threadswitch.o(.text)
    PendSV_Handler                           0x0000036b   Thumb Code     0  threadswitch.o(.text)
    StartOS                                  0x00000399   Thumb Code     0  threadswitch.o(.text)
    strncasecmp                              0x000003c1   Thumb Code    50  strncasecmp.o(.text)
    __aeabi_memcpy4                          0x000003f3   Thumb Code     0  rt_memcpy_w.o(.text)
    __aeabi_memcpy8                          0x000003f3   Thumb Code     0  rt_memcpy_w.o(.text)
    __rt_memcpy_w                            0x000003f3   Thumb Code   100  rt_memcpy_w.o(.text)
    _memcpy_lastbytes_aligned                0x0000043b   Thumb Code     0  rt_memcpy_w.o(.text)
    strcmp                                   0x00000459   Thumb Code   128  strcmpv7m.o(.text)
    __use_two_region_memory                  0x000004d9   Thumb Code     2  heapauxi.o(.text)
    __rt_heap_escrow$2region                 0x000004db   Thumb Code     2  heapauxi.o(.text)
    __rt_heap_expand$2region                 0x000004dd   Thumb Code     2  heapauxi.o(.text)
    tolower                                  0x000004df   Thumb Code    26  tolower.o(.text)
    __rt_ctype_table                         0x000004f9   Thumb Code    16  rt_ctype_table.o(.text)
    __user_setup_stackheap                   0x00000509   Thumb Code    74  sys_stackheap_outer.o(.text)
    __rt_locale                              0x00000555   Thumb Code     8  rt_locale_intlibspace.o(.text)
    exit                                     0x0000055d   Thumb Code    12  exit.o(.text)
    __user_libspace                          0x00000569   Thumb Code     8  libspace.o(.text)
    __user_perproc_libspace                  0x00000569   Thumb Code     0  libspace.o(.text)
    __user_perthread_libspace                0x00000569   Thumb Code     0  libspace.o(.text)
    _sys_exit                                0x00000571   Thumb Code     8  sys_exit.o(.text)
    __I$use$semihosting                      0x0000057d   Thumb Code     0  use_no_semi.o(.text)
    __use_no_semihosting_swi                 0x0000057d   Thumb Code     2  use_no_semi.o(.text)
    AddToPriorityList                        0x0000057f   Thumb Code    70  os.o(i.AddToPriorityList)
    __semihosting_library_function           0x0000057f   Thumb Code     0  indicate_semi.o(.text)
    Block                                    0x000005c5   Thumb Code    26  os.o(i.Block)
    CS_Init                                  0x000005e1   Thumb Code   132  diskio.o(i.CS_Init)
    Delay1ms                                 0x00000679   Thumb Code    22  st7735.o(i.Delay1ms)
    GPIOPortF_Handler                        0x00000691   Thumb Code    62  os.o(i.GPIOPortF_Handler)
    Heap_Free                                0x000006e1   Thumb Code   140  heap.o(i.Heap_Free)
    Heap_Init                                0x00000771   Thumb Code    16  heap.o(i.Heap_Init)
    Heap_Malloc                              0x00000789   Thumb Code    78  heap.o(i.Heap_Malloc)
    IdleTask                                 0x000007dd   Thumb Code    16  sdcfile.o(i.IdleTask)
    Interpreter                              0x000007f1   Thumb Code   252  interpreter.o(i.Interpreter)
    LOADER_CLEAR                             0x00000935   Thumb Code    24  loader.o(i.LOADER_CLEAR)
    LOADER_OPEN_FOR_RD                       0x0000094d   Thumb Code    24  loader.o(i.LOADER_OPEN_FOR_RD)
    LOADER_READ                              0x00000969   Thumb Code    30  loader.o(i.LOADER_READ)
    LinkThread                               0x00000989   Thumb Code    72  os.o(i.LinkThread)
    OS_AddProcess                            0x000009dd   Thumb Code    88  os.o(i.OS_AddProcess)
    OS_AddThread                             0x00000a81   Thumb Code   136  os.o(i.OS_AddThread)
    OS_ClearDongs                            0x00000b15   Thumb Code    26  os.o(i.OS_ClearDongs)
    OS_DumpDongs                             0x00000b39   Thumb Code    52  os.o(i.OS_DumpDongs)
    OS_Fifo_Init                             0x00000b75   Thumb Code    46  os.o(i.OS_Fifo_Init)
    OS_Id                                    0x00000bb9   Thumb Code    10  os.o(i.OS_Id)
    OS_Init                                  0x00000bc9   Thumb Code   100  os.o(i.OS_Init)
    OS_InitSemaphore                         0x00000c3d   Thumb Code    28  os.o(i.OS_InitSemaphore)
    OS_Launch                                0x00000c59   Thumb Code    22  os.o(i.OS_Launch)
    OS_ResetDongs                            0x00000c71   Thumb Code     8  os.o(i.OS_ResetDongs)
    OS_SelectNextThread                      0x00000c7d   Thumb Code    76  os.o(i.OS_SelectNextThread)
    OS_Signal                                0x00000cd5   Thumb Code    36  os.o(i.OS_Signal)
    OS_SwitchThread                          0x00000cf9   Thumb Code    10  os.o(i.OS_SwitchThread)
    OS_Time                                  0x00000d09   Thumb Code    16  os.o(i.OS_Time)
    OS_TimeDifference                        0x00000d21   Thumb Code    12  os.o(i.OS_TimeDifference)
    OS_Wait                                  0x00000d2d   Thumb Code    40  os.o(i.OS_Wait)
    OutCRLF                                  0x00000d59   Thumb Code    16  interpreter.o(i.OutCRLF)
    Output_Init                              0x00000d69   Thumb Code    16  st7735.o(i.Output_Init)
    PLL_Init                                 0x00000d79   Thumb Code   118  pll.o(i.PLL_Init)
    PopFromList                              0x00000df5   Thumb Code    18  os.o(i.PopFromList)
    PortD_Init                               0x00000e09   Thumb Code    86  sdcfile.o(i.PortD_Init)
    PortF_Init                               0x00000e75   Thumb Code   192  os.o(i.PortF_Init)
    RecordDongs                              0x00000f51   Thumb Code    48  os.o(i.RecordDongs)
    RemoveFromList                           0x00000f8d   Thumb Code    36  os.o(i.RemoveFromList)
    RxFifo_Get                               0x00000fb1   Thumb Code    46  uart2.o(i.RxFifo_Get)
    RxFifo_Init                              0x00000fed   Thumb Code    22  uart2.o(i.RxFifo_Init)
    RxFifo_Put                               0x00001015   Thumb Code    52  uart2.o(i.RxFifo_Put)
    RxFifo_Size                              0x00001059   Thumb Code    16  uart2.o(i.RxFifo_Size)
    SSI0_Init                                0x00001071   Thumb Code   296  diskio.o(i.SSI0_Init)
    ST7735_Color565                          0x000011b9   Thumb Code    24  st7735.o(i.ST7735_Color565)
    ST7735_DrawCharS                         0x000011d1   Thumb Code   232  st7735.o(i.ST7735_DrawCharS)
    ST7735_DrawPixel                         0x000012c5   Thumb Code    64  st7735.o(i.ST7735_DrawPixel)
    ST7735_DrawString                        0x0000130d   Thumb Code    86  st7735.o(i.ST7735_DrawString)
    ST7735_FillRect                          0x00001365   Thumb Code   164  st7735.o(i.ST7735_FillRect)
    ST7735_FillScreen                        0x00001411   Thumb Code    28  st7735.o(i.ST7735_FillScreen)
    ST7735_InitR                             0x00001435   Thumb Code    90  st7735.o(i.ST7735_InitR)
    ST7735_SetCursor                         0x000014b1   Thumb Code    22  st7735.o(i.ST7735_SetCursor)
    SetInitialStack                          0x000014d1   Thumb Code   328  os.o(i.SetInitialStack)
    SysTick_Handler                          0x00001621   Thumb Code    16  systick.o(i.SysTick_Handler)
    Timer4A_Handler                          0x00001635   Thumb Code    68  os.o(i.Timer4A_Handler)
    Timer4A_Init                             0x00001689   Thumb Code    78  os.o(i.Timer4A_Init)
    Timer5A_Handler                          0x000016f1   Thumb Code    14  diskio.o(i.Timer5A_Handler)
    Timer5_Init                              0x00001705   Thumb Code    84  diskio.o(i.Timer5_Init)
    TxFifo_Get                               0x00001771   Thumb Code    64  uart2.o(i.TxFifo_Get)
    TxFifo_Init                              0x000017c1   Thumb Code    22  uart2.o(i.TxFifo_Init)
    TxFifo_Put                               0x000017e9   Thumb Code    44  uart2.o(i.TxFifo_Put)
    TxFifo_Size                              0x00001821   Thumb Code    16  uart2.o(i.TxFifo_Size)
    UART0_Handler                            0x00001839   Thumb Code    82  uart2.o(i.UART0_Handler)
    UART_InChar                              0x00001891   Thumb Code    12  uart2.o(i.UART_InChar)
    UART_InToken                             0x0000189d   Thumb Code    94  uart2.o(i.UART_InToken)
    UART_InUDec                              0x000018fb   Thumb Code    76  uart2.o(i.UART_InUDec)
    UART_Init                                0x00001949   Thumb Code   174  uart2.o(i.UART_Init)
    UART_OutChar                             0x00001a11   Thumb Code    40  uart2.o(i.UART_OutChar)
    UART_OutString                           0x00001a3d   Thumb Code    24  uart2.o(i.UART_OutString)
    UART_OutUDec                             0x00001a55   Thumb Code    42  uart2.o(i.UART_OutUDec)
    UnlinkThread                             0x00001a81   Thumb Code    68  os.o(i.UnlinkThread)
    WTimer0A_Init                            0x00001acd   Thumb Code    66  os.o(i.WTimer0A_Init)
    WTimer0B_Init                            0x00001b1d   Thumb Code    48  os.o(i.WTimer0B_Init)
    WTimer5A_Init                            0x00001b59   Thumb Code    76  os.o(i.WTimer5A_Init)
    WakeUp                                   0x00001bb5   Thumb Code    22  os.o(i.WakeUp)
    WideTimer0A_Handler                      0x00001bcd   Thumb Code   124  os.o(i.WideTimer0A_Handler)
    WideTimer0B_Handler                      0x00001c65   Thumb Code   124  os.o(i.WideTimer0B_Handler)
    WideTimer5A_Handler                      0x00001cfd   Thumb Code    24  os.o(i.WideTimer5A_Handler)
    about                                    0x00001d1d   Thumb Code    10  interpreter.o(i.about)
    clust2sect                               0x00001e89   Thumb Code    26  ff.o(i.clust2sect)
    disk_initialize                          0x000026cd   Thumb Code   330  diskio.o(i.disk_initialize)
    disk_ioctl                               0x00002829   Thumb Code   544  diskio.o(i.disk_ioctl)
    disk_read                                0x00002a51   Thumb Code   136  diskio.o(i.disk_read)
    disk_status                              0x00002ae1   Thumb Code    14  diskio.o(i.disk_status)
    disk_timerproc                           0x00002af5   Thumb Code    52  diskio.o(i.disk_timerproc)
    disk_write                               0x00002b35   Thumb Code   170  diskio.o(i.disk_write)
    exec_elf                                 0x00002bed   Thumb Code   184  loader.o(i.exec_elf)
    f_close                                  0x00002cd5   Thumb Code    32  ff.o(i.f_close)
    f_lseek                                  0x00002cf5   Thumb Code   382  ff.o(i.f_lseek)
    f_mount                                  0x00002e75   Thumb Code    86  ff.o(i.f_mount)
    f_open                                   0x00002ed1   Thumb Code   348  ff.o(i.f_open)
    f_read                                   0x00003031   Thumb Code   414  ff.o(i.f_read)
    f_sync                                   0x000031d1   Thumb Code   170  ff.o(i.f_sync)
    findCommand                              0x00003281   Thumb Code    40  interpreter.o(i.findCommand)
    get_fat                                  0x00003715   Thumb Code   242  ff.o(i.get_fat)
    help                                     0x00003851   Thumb Code    28  interpreter.o(i.help)
    main                                     0x00003d35   Thumb Code   126  sdcfile.o(i.main)
    printFile                                0x000040e1   Thumb Code    66  interpreter.o(i.printFile)
    put_fat                                  0x00004135   Thumb Code   326  ff.o(i.put_fat)
    _get_lc_ctype                            0x00004c7d   Thumb Code    44  lc_ctype_c.o(locale$$code)
    dBfs                                     0x0000528a   Data         512  st7735.o(.constdata)
    Region$$Table$$Base                      0x00005550   Number         0  anon$$obj.o(Region$$Table)
    Region$$Table$$Limit                     0x00005570   Number         0  anon$$obj.o(Region$$Table)
    __ctype                                  0x0000557d   Data           0  lc_ctype_c.o(locale$$data)
    NumCreated                               0x20000018   Data           4  sdcfile.o(.data)
    MountFresult                             0x2000001c   Data           1  sdcfile.o(.data)
    Fresult                                  0x2000001d   Data           1  sdcfile.o(.data)
    StX                                      0x20000020   Data           4  st7735.o(.data)
    StY                                      0x20000024   Data           4  st7735.o(.data)
    StTextColor                              0x20000028   Data           2  st7735.o(.data)
    lastj                                    0x20000030   Data           4  st7735.o(.data)
    Messageindex                             0x20000038   Data           4  st7735.o(.data)
    Ymax                                     0x2000003c   Data           4  st7735.o(.data)
    Ymin                                     0x20000040   Data           4  st7735.o(.data)
    X                                        0x20000044   Data           4  st7735.o(.data)
    Yrange                                   0x20000048   Data           4  st7735.o(.data)
    commands                                 0x2000004c   Data          52  interpreter.o(.data)
    env                                      0x20000080   Data           8  interpreter.o(.data)
    dummyBuffer                              0x20000088   Data           4  interpreter.o(.data)
    bufSize                                  0x2000008c   Data           4  interpreter.o(.data)
    CurDong                                  0x20000090   Data           2  os.o(.data)
    IsInit                                   0x20000092   Data           2  os.o(.data)
    WideTimer5Count                          0x20000094   Data           4  os.o(.data)
    NumPeriodicThreads                       0x20000098   Data           4  os.o(.data)
    MaxDITime                                0x2000009c   Data           4  os.o(.data)
    NumThreads                               0x200000a8   Data           1  os.o(.data)
    RunPt                                    0x200000ac   Data           4  os.o(.data)
    NextPt                                   0x200000b0   Data           4  os.o(.data)
    CurrentID                                0x200000b4   Data           2  os.o(.data)
    SleepListStart                           0x200000b8   Data           4  os.o(.data)
    SleepListEnd                             0x200000bc   Data           4  os.o(.data)
    LinkinPointer                            0x200000c0   Data           4  os.o(.data)
    OSMsCount                                0x200000c4   Data           4  os.o(.data)
    PeriodicTask1                            0x200000c8   Data           4  os.o(.data)
    PeriodicTask2                            0x200000cc   Data           4  os.o(.data)
    PeriodicTask1Period                      0x200000d0   Data           4  os.o(.data)
    PeriodicTask2Period                      0x200000d4   Data           4  os.o(.data)
    MaxJitter                                0x200000d8   Data           4  os.o(.data)
    MaxJitter2                               0x200000dc   Data           4  os.o(.data)
    SW1Task                                  0x200000e0   Data           4  os.o(.data)
    SW2Task                                  0x200000e4   Data           4  os.o(.data)
    AndrewTriggered                          0x200000e8   Data           4  os.o(.data)
    PeriodicTask1Count                       0x200000ec   Data           4  os.o(.data)
    PeriodicTask2Count                       0x200000f0   Data           4  os.o(.data)
    PutPt                                    0x200000f4   Data           4  os.o(.data)
    GetPt                                    0x200000f8   Data           4  os.o(.data)
    FifoSize                                 0x200000fc   Data           4  os.o(.data)
    FifoNumElements                          0x20000100   Data           4  os.o(.data)
    MailBox                                  0x20000104   Data           4  os.o(.data)
    DITime                                   0x20000108   Data           4  os.o(.data)
    TotalDITime                              0x2000010c   Data           4  os.o(.data)
    TxPutPt                                  0x20000110   Data           4  uart2.o(.data)
    TxGetPt                                  0x20000114   Data           4  uart2.o(.data)
    RxPutPt                                  0x20000118   Data           4  uart2.o(.data)
    RxGetPt                                  0x2000011c   Data           4  uart2.o(.data)
    Handle                                   0x20000354   Data         548  sdcfile.o(.bss)
    Handle2                                  0x20000578   Data         548  sdcfile.o(.bss)
    buffer                                   0x2000079c   Data         512  sdcfile.o(.bss)
    JitterHistogram                          0x2000199c   Data         256  os.o(.bss)
    JitterHistogram2                         0x20001a9c   Data         256  os.o(.bss)
    tcbs                                     0x20001b9c   Data         200  os.o(.bss)
    Stacks                                   0x20001c64   Data        8000  os.o(.bss)
    DongTime                                 0x20003ba4   Data         400  os.o(.bss)
    DongThread                               0x20003d34   Data         400  os.o(.bss)
    Fifo                                     0x20003ec4   Data         512  os.o(.bss)
    DataRoomLeft                             0x200040c4   Data          12  os.o(.bss)
    DataAvailable                            0x200040d0   Data          12  os.o(.bss)
    FifoMutex                                0x200040dc   Data          12  os.o(.bss)
    BoxFree                                  0x200040e8   Data          12  os.o(.bss)
    DataValid                                0x200040f4   Data          12  os.o(.bss)
    TxFifo                                   0x20004100   Data          32  uart2.o(.bss)
    TxRoomLeft                               0x20004120   Data          12  uart2.o(.bss)
    RxFifoAvailable                          0x2000413c   Data          12  uart2.o(.bss)
    __libspace_start                         0x200043e8   Data          96  libspace.o(.bss)
    __temporary_stack_top$libspace           0x20004448   Data           0  libspace.o(.bss)



==============================================================================

Memory Map of the image

  Image Entry point : 0x0000026d

  Load Region LR_1 (Base: 0x00000000, Size: 0x000057a0, Max: 0xffffffff, ABSOLUTE)

    Execution Region ER_RO (Base: 0x00000000, Size: 0x00005680, Max: 0xffffffff, ABSOLUTE)

    Base Addr    Size         Type   Attr      Idx    E Section Name        Object

    0x00000000   0x00000284   Code   RO            3  * RESET               startup.o
    0x00000284   0x00000008   Code   RO         1728  * !!!main             c_w.l(__main.o)
    0x0000028c   0x00000034   Code   RO         1894    !!!scatter          c_w.l(__scatter.o)
    0x000002c0   0x0000001a   Code   RO         1896    !!handler_copy      c_w.l(__scatter_copy.o)
    0x000002da   0x00000002   PAD
    0x000002dc   0x0000001c   Code   RO         1898    !!handler_zi        c_w.l(__scatter_zi.o)
    0x000002f8   0x00000002   Code   RO         1767    .ARM.Collect$$libinit$$00000000  c_w.l(libinit.o)
    0x000002fa   0x00000000   Code   RO         1774    .ARM.Collect$$libinit$$00000002  c_w.l(libinit2.o)
    0x000002fa   0x00000000   Code   RO         1777    .ARM.Collect$$libinit$$00000008  c_w.l(libinit2.o)
    0x000002fa   0x00000000   Code   RO         1779    .ARM.Collect$$libinit$$0000000A  c_w.l(libinit2.o)
    0x000002fa   0x00000000   Code   RO         1781    .ARM.Collect$$libinit$$0000000C  c_w.l(libinit2.o)
    0x000002fa   0x00000006   Code   RO         1782    .ARM.Collect$$libinit$$0000000D  c_w.l(libinit2.o)
    0x00000300   0x00000000   Code   RO         1784    .ARM.Collect$$libinit$$0000000F  c_w.l(libinit2.o)
    0x00000300   0x0000000c   Code   RO         1785    .ARM.Collect$$libinit$$00000010  c_w.l(libinit2.o)
    0x0000030c   0x00000000   Code   RO         1786    .ARM.Collect$$libinit$$00000011  c_w.l(libinit2.o)
    0x0000030c   0x00000000   Code   RO         1788    .ARM.Collect$$libinit$$00000013  c_w.l(libinit2.o)
    0x0000030c   0x00000000   Code   RO         1790    .ARM.Collect$$libinit$$00000015  c_w.l(libinit2.o)
    0x0000030c   0x00000000   Code   RO         1792    .ARM.Collect$$libinit$$00000017  c_w.l(libinit2.o)
    0x0000030c   0x00000000   Code   RO         1794    .ARM.Collect$$libinit$$00000019  c_w.l(libinit2.o)
    0x0000030c   0x00000000   Code   RO         1796    .ARM.Collect$$libinit$$0000001B  c_w.l(libinit2.o)
    0x0000030c   0x00000000   Code   RO         1798    .ARM.Collect$$libinit$$0000001D  c_w.l(libinit2.o)
    0x0000030c   0x00000000   Code   RO         1800    .ARM.Collect$$libinit$$0000001F  c_w.l(libinit2.o)
    0x0000030c   0x00000000   Code   RO         1802    .ARM.Collect$$libinit$$00000021  c_w.l(libinit2.o)
    0x0000030c   0x00000000   Code   RO         1804    .ARM.Collect$$libinit$$00000023  c_w.l(libinit2.o)
    0x0000030c   0x00000000   Code   RO         1808    .ARM.Collect$$libinit$$0000002A  c_w.l(libinit2.o)
    0x0000030c   0x00000000   Code   RO         1810    .ARM.Collect$$libinit$$0000002C  c_w.l(libinit2.o)
    0x0000030c   0x00000000   Code   RO         1812    .ARM.Collect$$libinit$$0000002E  c_w.l(libinit2.o)
    0x0000030c   0x00000000   Code   RO         1814    .ARM.Collect$$libinit$$00000030  c_w.l(libinit2.o)
    0x0000030c   0x00000002   Code   RO         1815    .ARM.Collect$$libinit$$00000031  c_w.l(libinit2.o)
    0x0000030e   0x00000002   Code   RO         1835    .ARM.Collect$$libshutdown$$00000000  c_w.l(libshutdown.o)
    0x00000310   0x00000000   Code   RO         1849    .ARM.Collect$$libshutdown$$00000003  c_w.l(libshutdown2.o)
    0x00000310   0x00000000   Code   RO         1852    .ARM.Collect$$libshutdown$$00000006  c_w.l(libshutdown2.o)
    0x00000310   0x00000000   Code   RO         1855    .ARM.Collect$$libshutdown$$00000009  c_w.l(libshutdown2.o)
    0x00000310   0x00000000   Code   RO         1857    .ARM.Collect$$libshutdown$$0000000B  c_w.l(libshutdown2.o)
    0x00000310   0x00000000   Code   RO         1860    .ARM.Collect$$libshutdown$$0000000E  c_w.l(libshutdown2.o)
    0x00000310   0x00000002   Code   RO         1861    .ARM.Collect$$libshutdown$$0000000F  c_w.l(libshutdown2.o)
    0x00000312   0x00000000   Code   RO         1730    .ARM.Collect$$rtentry$$00000000  c_w.l(rtentry.o)
    0x00000312   0x00000000   Code   RO         1734    .ARM.Collect$$rtentry$$00000002  c_w.l(rtentry2.o)
    0x00000312   0x00000006   Code   RO         1746    .ARM.Collect$$rtentry$$00000004  c_w.l(rtentry4.o)
    0x00000318   0x00000000   Code   RO         1736    .ARM.Collect$$rtentry$$00000009  c_w.l(rtentry2.o)
    0x00000318   0x00000004   Code   RO         1737    .ARM.Collect$$rtentry$$0000000A  c_w.l(rtentry2.o)
    0x0000031c   0x00000000   Code   RO         1739    .ARM.Collect$$rtentry$$0000000C  c_w.l(rtentry2.o)
    0x0000031c   0x00000008   Code   RO         1740    .ARM.Collect$$rtentry$$0000000D  c_w.l(rtentry2.o)
    0x00000324   0x00000002   Code   RO         1771    .ARM.Collect$$rtexit$$00000000  c_w.l(rtexit.o)
    0x00000326   0x00000000   Code   RO         1817    .ARM.Collect$$rtexit$$00000002  c_w.l(rtexit2.o)
    0x00000326   0x00000004   Code   RO         1818    .ARM.Collect$$rtexit$$00000003  c_w.l(rtexit2.o)
    0x0000032a   0x00000006   Code   RO         1819    .ARM.Collect$$rtexit$$00000004  c_w.l(rtexit2.o)
    0x00000330   0x00000006   Code   RO          534    .emb_text           st7735.o
    0x00000336   0x00000002   PAD
    0x00000338   0x00000030   Code   RO            4    .text               startup.o
    0x00000368   0x00000058   Code   RO         1515    .text               threadswitch.o
    0x000003c0   0x00000032   Code   RO         1720    .text               c_w.l(strncasecmp.o)
    0x000003f2   0x00000064   Code   RO         1722    .text               c_w.l(rt_memcpy_w.o)
    0x00000456   0x00000002   PAD
    0x00000458   0x00000080   Code   RO         1724    .text               c_w.l(strcmpv7m.o)
    0x000004d8   0x00000006   Code   RO         1726    .text               c_w.l(heapauxi.o)
    0x000004de   0x0000001a   Code   RO         1731    .text               c_w.l(tolower.o)
    0x000004f8   0x00000010   Code   RO         1748    .text               c_w.l(rt_ctype_table.o)
    0x00000508   0x0000004a   Code   RO         1750    .text               c_w.l(sys_stackheap_outer.o)
    0x00000552   0x00000002   PAD
    0x00000554   0x00000008   Code   RO         1755    .text               c_w.l(rt_locale_intlibspace.o)
    0x0000055c   0x0000000c   Code   RO         1760    .text               c_w.l(exit.o)
    0x00000568   0x00000008   Code   RO         1768    .text               c_w.l(libspace.o)
    0x00000570   0x0000000c   Code   RO         1827    .text               c_w.l(sys_exit.o)
    0x0000057c   0x00000002   Code   RO         1838    .text               c_w.l(use_no_semi.o)
    0x0000057e   0x00000000   Code   RO         1840    .text               c_w.l(indicate_semi.o)
    0x0000057e   0x00000046   Code   RO          984    i.AddToPriorityList  os.o
    0x000005c4   0x0000001a   Code   RO          985    i.Block             os.o
    0x000005de   0x00000002   PAD
    0x000005e0   0x00000098   Code   RO           12    i.CS_Init           diskio.o
    0x00000678   0x00000016   Code   RO          535    i.Delay1ms          st7735.o
    0x0000068e   0x00000002   PAD
    0x00000690   0x00000050   Code   RO          986    i.GPIOPortF_Handler  os.o
    0x000006e0   0x00000090   Code   RO          812    i.Heap_Free         heap.o
    0x00000770   0x00000018   Code   RO          813    i.Heap_Init         heap.o
    0x00000788   0x00000054   Code   RO          814    i.Heap_Malloc       heap.o
    0x000007dc   0x00000014   Code   RO          460    i.IdleTask          sdcfile.o
    0x000007f0   0x00000144   Code   RO          921    i.Interpreter       interpreter.o
    0x00000934   0x00000018   Code   RO         1518    i.LOADER_CLEAR      loader.o
    0x0000094c   0x0000001c   Code   RO         1519    i.LOADER_OPEN_FOR_RD  loader.o
    0x00000968   0x0000001e   Code   RO         1520    i.LOADER_READ       loader.o
    0x00000986   0x00000002   PAD
    0x00000988   0x00000054   Code   RO          988    i.LinkThread        os.o
    0x000009dc   0x000000a4   Code   RO          990    i.OS_AddProcess     os.o
    0x00000a80   0x00000094   Code   RO          993    i.OS_AddThread      os.o
    0x00000b14   0x00000024   Code   RO          994    i.OS_ClearDongs     os.o
    0x00000b38   0x0000003c   Code   RO          997    i.OS_DumpDongs      os.o
    0x00000b74   0x00000044   Code   RO         1000    i.OS_Fifo_Init      os.o
    0x00000bb8   0x00000010   Code   RO         1003    i.OS_Id             os.o
    0x00000bc8   0x00000074   Code   RO         1004    i.OS_Init           os.o
    0x00000c3c   0x0000001c   Code   RO         1005    i.OS_InitSemaphore  os.o
    0x00000c58   0x00000016   Code   RO         1007    i.OS_Launch         os.o
    0x00000c6e   0x00000002   PAD
    0x00000c70   0x0000000c   Code   RO         1012    i.OS_ResetDongs     os.o
    0x00000c7c   0x00000058   Code   RO         1013    i.OS_SelectNextThread  os.o
    0x00000cd4   0x00000024   Code   RO         1014    i.OS_Signal         os.o
    0x00000cf8   0x00000010   Code   RO         1017    i.OS_SwitchThread   os.o
    0x00000d08   0x00000018   Code   RO         1018    i.OS_Time           os.o
    0x00000d20   0x0000000c   Code   RO         1019    i.OS_TimeDifference  os.o
    0x00000d2c   0x0000002c   Code   RO         1020    i.OS_Wait           os.o
    0x00000d58   0x00000010   Code   RO          922    i.OutCRLF           interpreter.o
    0x00000d68   0x00000010   Code   RO          538    i.Output_Init       st7735.o
    0x00000d78   0x0000007c   Code   RO          444    i.PLL_Init          pll.o
    0x00000df4   0x00000012   Code   RO         1023    i.PopFromList       os.o
    0x00000e06   0x00000002   PAD
    0x00000e08   0x0000006c   Code   RO          461    i.PortD_Init        sdcfile.o
    0x00000e74   0x000000dc   Code   RO         1024    i.PortF_Init        os.o
    0x00000f50   0x0000003c   Code   RO         1026    i.RecordDongs       os.o
    0x00000f8c   0x00000024   Code   RO         1027    i.RemoveFromList    os.o
    0x00000fb0   0x0000003c   Code   RO         1349    i.RxFifo_Get        uart2.o
    0x00000fec   0x00000028   Code   RO         1350    i.RxFifo_Init       uart2.o
    0x00001014   0x00000044   Code   RO         1351    i.RxFifo_Put        uart2.o
    0x00001058   0x00000018   Code   RO         1352    i.RxFifo_Size       uart2.o
    0x00001070   0x00000148   Code   RO           13    i.SSI0_Init         diskio.o
    0x000011b8   0x00000018   Code   RO          541    i.ST7735_Color565   st7735.o
    0x000011d0   0x000000f4   Code   RO          544    i.ST7735_DrawCharS  st7735.o
    0x000012c4   0x00000048   Code   RO          547    i.ST7735_DrawPixel  st7735.o
    0x0000130c   0x00000056   Code   RO          548    i.ST7735_DrawString  st7735.o
    0x00001362   0x00000002   PAD
    0x00001364   0x000000ac   Code   RO          549    i.ST7735_FillRect   st7735.o
    0x00001410   0x00000024   Code   RO          550    i.ST7735_FillScreen  st7735.o
    0x00001434   0x0000007c   Code   RO          552    i.ST7735_InitR      st7735.o
    0x000014b0   0x00000020   Code   RO          565    i.ST7735_SetCursor  st7735.o
    0x000014d0   0x00000150   Code   RO         1028    i.SetInitialStack   os.o
    0x00001620   0x00000014   Code   RO         1330    i.SysTick_Handler   systick.o
    0x00001634   0x00000054   Code   RO         1029    i.Timer4A_Handler   os.o
    0x00001688   0x00000068   Code   RO         1030    i.Timer4A_Init      os.o
    0x000016f0   0x00000014   Code   RO           14    i.Timer5A_Handler   diskio.o
    0x00001704   0x0000006c   Code   RO           15    i.Timer5_Init       diskio.o
    0x00001770   0x00000050   Code   RO         1353    i.TxFifo_Get        uart2.o
    0x000017c0   0x00000028   Code   RO         1354    i.TxFifo_Init       uart2.o
    0x000017e8   0x00000038   Code   RO         1355    i.TxFifo_Put        uart2.o
    0x00001820   0x00000018   Code   RO         1356    i.TxFifo_Size       uart2.o
    0x00001838   0x00000058   Code   RO         1357    i.UART0_Handler     uart2.o
    0x00001890   0x0000000c   Code   RO         1359    i.UART_InChar       uart2.o
    0x0000189c   0x0000005e   Code   RO         1361    i.UART_InToken      uart2.o
    0x000018fa   0x0000004c   Code   RO         1362    i.UART_InUDec       uart2.o
    0x00001946   0x00000002   PAD
    0x00001948   0x000000c8   Code   RO         1364    i.UART_Init         uart2.o
    0x00001a10   0x0000002c   Code   RO         1365    i.UART_OutChar      uart2.o
    0x00001a3c   0x00000018   Code   RO         1367    i.UART_OutString    uart2.o
    0x00001a54   0x0000002a   Code   RO         1368    i.UART_OutUDec      uart2.o
    0x00001a7e   0x00000002   PAD
    0x00001a80   0x0000004c   Code   RO         1031    i.UnlinkThread      os.o
    0x00001acc   0x00000050   Code   RO         1032    i.WTimer0A_Init     os.o
    0x00001b1c   0x0000003c   Code   RO         1033    i.WTimer0B_Init     os.o
    0x00001b58   0x0000005c   Code   RO         1034    i.WTimer5A_Init     os.o
    0x00001bb4   0x00000016   Code   RO         1035    i.WakeUp            os.o
    0x00001bca   0x00000002   PAD
    0x00001bcc   0x00000098   Code   RO         1036    i.WideTimer0A_Handler  os.o
    0x00001c64   0x00000098   Code   RO         1037    i.WideTimer0B_Handler  os.o
    0x00001cfc   0x00000020   Code   RO         1038    i.WideTimer5A_Handler  os.o
    0x00001d1c   0x0000001c   Code   RO          923    i.about             interpreter.o
    0x00001d38   0x00000058   Code   RO         1522    i.addressOf         loader.o
    0x00001d90   0x00000012   Code   RO          818    i.blockHeader       heap.o
    0x00001da2   0x00000012   Code   RO          819    i.blockRoom         heap.o
    0x00001db4   0x00000012   Code   RO          820    i.blockTrailer      heap.o
    0x00001dc6   0x00000008   Code   RO          821    i.blockUnused       heap.o
    0x00001dce   0x00000010   Code   RO          822    i.blockUsed         heap.o
    0x00001dde   0x00000002   PAD
    0x00001de0   0x00000090   Code   RO          148    i.check_fs          ff.o
    0x00001e70   0x00000018   Code   RO          149    i.chk_chr           ff.o
    0x00001e88   0x0000001a   Code   RO          150    i.clust2sect        ff.o
    0x00001ea2   0x00000056   Code   RO          569    i.commandList       st7735.o
    0x00001ef8   0x00000240   Code   RO          570    i.commonInit        st7735.o
    0x00002138   0x00000028   Code   RO         1372    i.copyHardwareToSoftware  uart2.o
    0x00002160   0x0000002c   Code   RO         1373    i.copySoftwareToHardware  uart2.o
    0x0000218c   0x000000d6   Code   RO          151    i.create_chain      ff.o
    0x00002262   0x00000002   PAD
    0x00002264   0x000001b4   Code   RO          152    i.create_name       ff.o
    0x00002418   0x00000014   Code   RO           16    i.deselect          diskio.o
    0x0000242c   0x0000005c   Code   RO          153    i.dir_alloc         ff.o
    0x00002488   0x0000005c   Code   RO          154    i.dir_find          ff.o
    0x000024e4   0x0000010e   Code   RO          155    i.dir_next          ff.o
    0x000025f2   0x0000003a   Code   RO          157    i.dir_register      ff.o
    0x0000262c   0x0000009e   Code   RO          159    i.dir_sdi           ff.o
    0x000026ca   0x00000002   PAD
    0x000026cc   0x0000015c   Code   RO           17    i.disk_initialize   diskio.o
    0x00002828   0x00000228   Code   RO           18    i.disk_ioctl        diskio.o
    0x00002a50   0x00000090   Code   RO           19    i.disk_read         diskio.o
    0x00002ae0   0x00000014   Code   RO           20    i.disk_status       diskio.o
    0x00002af4   0x00000040   Code   RO           21    i.disk_timerproc    diskio.o
    0x00002b34   0x000000b4   Code   RO           22    i.disk_write        diskio.o
    0x00002be8   0x00000002   Code   RO         1523    i.dumpData          loader.o
    0x00002bea   0x00000002   PAD
    0x00002bec   0x000000e8   Code   RO         1524    i.exec_elf          loader.o
    0x00002cd4   0x00000020   Code   RO          162    i.f_close           ff.o
    0x00002cf4   0x0000017e   Code   RO          167    i.f_lseek           ff.o
    0x00002e72   0x00000002   PAD
    0x00002e74   0x0000005c   Code   RO          170    i.f_mount           ff.o
    0x00002ed0   0x00000160   Code   RO          171    i.f_open            ff.o
    0x00003030   0x0000019e   Code   RO          173    i.f_read            ff.o
    0x000031ce   0x00000002   PAD
    0x000031d0   0x000000b0   Code   RO          178    i.f_sync            ff.o
    0x00003280   0x0000002c   Code   RO          924    i.findCommand       interpreter.o
    0x000032ac   0x0000038c   Code   RO          183    i.find_volume       ff.o
    0x00003638   0x000000b0   Code   RO          184    i.follow_path       ff.o
    0x000036e8   0x0000000c   Code   RO         1525    i.freeElf           loader.o
    0x000036f4   0x00000010   Code   RO         1526    i.freeSection       loader.o
    0x00003704   0x00000010   Code   RO         1527    i.freeSegment       loader.o
    0x00003714   0x000000f2   Code   RO          185    i.get_fat           ff.o
    0x00003806   0x0000004a   Code   RO          187    i.get_ldnumber      ff.o
    0x00003850   0x00000020   Code   RO          926    i.help              interpreter.o
    0x00003870   0x0000001c   Code   RO          823    i.inHeapRange       heap.o
    0x0000388c   0x00000086   Code   RO         1528    i.initElf           loader.o
    0x00003912   0x00000002   PAD
    0x00003914   0x00000028   Code   RO           23    i.init_spi          diskio.o
    0x0000393c   0x00000048   Code   RO         1529    i.jumpTo            loader.o
    0x00003984   0x00000020   Code   RO          188    i.ld_clust          ff.o
    0x000039a4   0x000000e8   Code   RO         1530    i.loadProgram       loader.o
    0x00003a8c   0x000000ec   Code   RO         1531    i.loadSecData       loader.o
    0x00003b78   0x000000f4   Code   RO         1532    i.loadSegData       loader.o
    0x00003c6c   0x000000c8   Code   RO         1533    i.loadSymbols       loader.o
    0x00003d34   0x000000ac   Code   RO          465    i.main              sdcfile.o
    0x00003de0   0x00000030   Code   RO          824    i.markBlockUnused   heap.o
    0x00003e10   0x00000030   Code   RO          825    i.markBlockUsed     heap.o
    0x00003e40   0x00000026   Code   RO          189    i.mem_cmp           ff.o
    0x00003e66   0x0000001a   Code   RO          190    i.mem_cpy           ff.o
    0x00003e80   0x00000014   Code   RO          191    i.mem_set           ff.o
    0x00003e94   0x0000002e   Code   RO          826    i.mergeBlockWithBelow  heap.o
    0x00003ec2   0x00000034   Code   RO          192    i.move_window       ff.o
    0x00003ef6   0x0000000e   Code   RO          827    i.nextBlockHeader   heap.o
    0x00003f04   0x00000084   Code   RO         1534    i.placeDynamic      loader.o
    0x00003f88   0x0000014c   Code   RO         1535    i.placeInfo         loader.o
    0x000040d4   0x0000000c   Code   RO          828    i.previousBlockHeader  heap.o
    0x000040e0   0x00000042   Code   RO          927    i.printFile         interpreter.o
    0x00004122   0x00000012   Code   RO          575    i.pushColor         st7735.o
    0x00004134   0x00000146   Code   RO          193    i.put_fat           ff.o
    0x0000427a   0x00000002   PAD
    0x0000427c   0x00000048   Code   RO           24    i.rcvr_datablock    diskio.o
    0x000042c4   0x0000002c   Code   RO           25    i.rcvr_spi          diskio.o
    0x000042f0   0x00000018   Code   RO           26    i.rcvr_spi_multi    diskio.o
    0x00004308   0x0000003e   Code   RO         1536    i.readSecHeader     loader.o
    0x00004346   0x0000003a   Code   RO         1537    i.readSection       loader.o
    0x00004380   0x00000044   Code   RO         1538    i.readSectionName   loader.o
    0x000043c4   0x0000003a   Code   RO         1539    i.readSegHeader     loader.o
    0x000043fe   0x00000072   Code   RO         1541    i.readSymbol        loader.o
    0x00004470   0x00000044   Code   RO         1542    i.readSymbolName    loader.o
    0x000044b4   0x000000a6   Code   RO         1543    i.relJmpCall        loader.o
    0x0000455a   0x00000002   PAD
    0x0000455c   0x000000c8   Code   RO         1544    i.relocate          loader.o
    0x00004624   0x00000040   Code   RO         1545    i.relocateProgram   loader.o
    0x00004664   0x00000084   Code   RO         1546    i.relocateSection   loader.o
    0x000046e8   0x00000048   Code   RO         1547    i.relocateSections  loader.o
    0x00004730   0x00000038   Code   RO         1548    i.relocateSymbol    loader.o
    0x00004768   0x0000006c   Code   RO          194    i.remove_chain      ff.o
    0x000047d4   0x00000046   Code   RO         1549    i.sectionOf         loader.o
    0x0000481a   0x00000002   PAD
    0x0000481c   0x00000030   Code   RO           27    i.select            diskio.o
    0x0000484c   0x00000096   Code   RO           28    i.send_cmd          diskio.o
    0x000048e2   0x00000002   PAD
    0x000048e4   0x00000074   Code   RO          576    i.setAddrWindow     st7735.o
    0x00004958   0x0000004c   Code   RO          829    i.splitAndMarkBlockUsed  heap.o
    0x000049a4   0x00000010   Code   RO          195    i.st_clust          ff.o
    0x000049b4   0x000000c8   Code   RO          196    i.sync_fs           ff.o
    0x00004a7c   0x00000052   Code   RO          197    i.sync_window       ff.o
    0x00004ace   0x00000036   Code   RO          198    i.validate          ff.o
    0x00004b04   0x00000030   Code   RO           29    i.wait_ready        diskio.o
    0x00004b34   0x0000004c   Code   RO          577    i.writecommand      st7735.o
    0x00004b80   0x00000050   Code   RO          578    i.writedata         st7735.o
    0x00004bd0   0x00000034   Code   RO           30    i.xchg_spi          diskio.o
    0x00004c04   0x0000004c   Code   RO           31    i.xmit_datablock    diskio.o
    0x00004c50   0x0000002c   Code   RO           32    i.xmit_spi_multi    diskio.o
    0x00004c7c   0x0000002c   Code   RO         1758    locale$$code        c_w.l(lc_ctype_c.o)
    0x00004ca8   0x000007e2   Data   RO          580    .constdata          st7735.o
    0x0000548a   0x00000002   PAD
    0x0000548c   0x00000008   Data   RO          929    .constdata          interpreter.o
    0x00005494   0x00000045   Data   RO         1553    .constdata          loader.o
    0x000054d9   0x00000076   Data   RO          930    .conststring        interpreter.o
    0x0000554f   0x00000001   PAD
    0x00005550   0x00000020   Data   RO         1892    Region$$Table       anon$$obj.o
    0x00005570   0x00000110   Data   RO         1757    locale$$data        c_w.l(lc_ctype_c.o)


    Execution Region ER_RW (Base: 0x20000000, Size: 0x00000120, Max: 0xffffffff, ABSOLUTE)

    Base Addr    Size         Type   Attr      Idx    E Section Name        Object

    0x20000000   0x0000000d   Data   RW           33    .data               diskio.o
    0x2000000d   0x00000003   PAD
    0x20000010   0x00000006   Data   RW          200    .data               ff.o
    0x20000016   0x00000002   PAD
    0x20000018   0x00000006   Data   RW          468    .data               sdcfile.o
    0x2000001e   0x00000002   PAD
    0x20000020   0x0000002c   Data   RW          581    .data               st7735.o
    0x2000004c   0x00000044   Data   RW          931    .data               interpreter.o
    0x20000090   0x00000080   Data   RW         1041    .data               os.o
    0x20000110   0x00000010   Data   RW         1375    .data               uart2.o


    Execution Region ER_ZI (Base: 0x20000120, Size: 0x00004728, Max: 0xffffffff, ABSOLUTE)

    Base Addr    Size         Type   Attr      Idx    E Section Name        Object

    0x20000120   0x0000087c   Zero   RW          466    .bss                sdcfile.o
    0x2000099c   0x00001000   Zero   RW          830    .bss                heap.o
    0x2000199c   0x00002764   Zero   RW         1040    .bss                os.o
    0x20004100   0x00000048   Zero   RW         1374    .bss                uart2.o
    0x20004148   0x000002a0   Zero   RW         1552    .bss                loader.o
    0x200043e8   0x00000060   Zero   RW         1769    .bss                c_w.l(libspace.o)
    0x20004448   0x00000000   Zero   RW            2    HEAP                startup.o
    0x20004448   0x00000400   Zero   RW            1    STACK               startup.o


==============================================================================

Image component sizes


      Code (inc. data)   RO Data    RW Data    ZI Data      Debug   Object Name

      2534        184          0         13          0      17781   diskio.o
      5316         56          0          6          0      25578   ff.o
       602         22          0          0       4096       7830   heap.o
       510        112        126         68          0       4408   interpreter.o
      3218        688         69          0        672      27433   loader.o
      2674        418          0        128      10084      19298   os.o
       124          6          0          0          0        423   pll.o
       300         72          0          6       2172       6574   sdcfile.o
      1786        172       2018         44          0      14882   st7735.o
       692        632          0          0       1024        916   startup.o
        20          4          0          0          0        394   systick.o
        88          8          0          0          0        224   threadswitch.o
      1056        156          0         16         72       9494   uart2.o

    ----------------------------------------------------------------------
     18962       2530       2248        288      18120     135235   Object Totals
         0          0         32          0          0          0   (incl. Generated)
        42          0          3          7          0          0   (incl. Padding)

    ----------------------------------------------------------------------

      Code (inc. data)   RO Data    RW Data    ZI Data      Debug   Library Member Name

         8          0          0          0          0         68   __main.o
        52          8          0          0          0          0   __scatter.o
        26          0          0          0          0          0   __scatter_copy.o
        28          0          0          0          0          0   __scatter_zi.o
        12          0          0          0          0         72   exit.o
         6          0          0          0          0        152   heapauxi.o
         0          0          0          0          0          0   indicate_semi.o
        44         10        272          0          0         76   lc_ctype_c.o
         2          0          0          0          0          0   libinit.o
        20          0          0          0          0          0   libinit2.o
         2          0          0          0          0          0   libshutdown.o
         2          0          0          0          0          0   libshutdown2.o
         8          4          0          0         96         68   libspace.o
        16          4          0          0          0         76   rt_ctype_table.o
         8          4          0          0          0         68   rt_locale_intlibspace.o
       100          0          0          0          0         80   rt_memcpy_w.o
         0          0          0          0          0          0   rtentry.o
        12          0          0          0          0          0   rtentry2.o
         6          0          0          0          0          0   rtentry4.o
         2          0          0          0          0          0   rtexit.o
        10          0          0          0          0          0   rtexit2.o
       128          0          0          0          0         68   strcmpv7m.o
        50          0          0          0          0         84   strncasecmp.o
        12          4          0          0          0         68   sys_exit.o
        74          0          0          0          0         80   sys_stackheap_outer.o
        26          0          0          0          0         76   tolower.o
         2          0          0          0          0         68   use_no_semi.o

    ----------------------------------------------------------------------
       662         34        272          0         96       1104   Library Totals
         6          0          0          0          0          0   (incl. Padding)

    ----------------------------------------------------------------------

      Code (inc. data)   RO Data    RW Data    ZI Data      Debug   Library Name

       656         34        272          0         96       1104   c_w.l

    ----------------------------------------------------------------------
       662         34        272          0         96       1104   Library Totals

    ----------------------------------------------------------------------

==============================================================================


      Code (inc. data)   RO Data    RW Data    ZI Data      Debug   

     19624       2564       2520        288      18216     126563   Grand Totals
     19624       2564       2520        288      18216     126563   ELF Image Totals
     19624       2564       2520        288          0          0   ROM Totals

==============================================================================

    Total RO  Size (Code + RO Data)                22144 (  21.63kB)
    Total RW  Size (RW Data + ZI Data)             18504 (  18.07kB)
    Total ROM Size (Code + RO Data + RW Data)      22432 (  21.91kB)

==============================================================================

