<html>
<body>
<pre>
<h1>µVision Build Log</h1>
<h2>Project:</h2>
C:\Users\chuchis\Documents\GitHub\EE445M\Lab5\SDCFile_4C123\SDCFile.uvproj
Project File Date:  03/30/2017

<h2>Output:</h2>
Rebuild target 'SDCFile'
assembling startup.s...
compiling diskio.c...
compiling ff.c...
compiling PLL.c...
compiling SDCFile.c...
compiling ST7735.c...
compiling heap.c...
compiling Interpreter.c...
compiling OS.c...
compiling SysTick.c...
compiling UART2.c...
assembling ThreadSwitch.s...
compiling loader.c...
loader.c(668): warning:  #111-D: statement is unreachable
    return -1;
loader.c(148): warning:  #177-D: function "swabo" was declared but never referenced
  static uint32_t swabo(uint32_t hl) {
loader.c(250): warning:  #177-D: function "readSegment" was declared but never referenced
  static int readSegment(ELFExec_t *e, int n, Elf32_Phdr *h, size_t nlen) {
loader.c(274): warning:  #177-D: function "typeStr" was declared but never referenced
  static const char *typeStr(int symt) {
loader.c: 4 warnings, 0 errors
linking...
Program Size: Code=20120 RO-data=2520 RW-data=292 ZI-data=18276  
".\SDCFile.axf" - 0 Error(s), 4 Warning(s).
Load "C:\\Users\\chuchis\\Documents\\GitHub\\EE445M\\Lab5\\SDCFile_4C123\\SDCFile.axf" 
Connecting: Mode=JTAG, Speed=1000000Hz
Erase Done.
Programming Done.
Verify OK.
rnings, 0 errors
".\SDCFile.axf" - 1 Error(s), 5 Warning(s).
Target not created
{
loader.c: 4 warnings, 0 errors
".\SDCFile.axf" - 5 Error(s), 4 Warning(s).
Target not created
ever referenced
  static const char *typeStr(int symt) {
loader.c: 4 warnings, 0 errors
".\SDCFile.axf" - 6 Error(s), 4 Warning(s).
Target not created
