<html>
<body>
<pre>
<h1>µVision Build Log</h1>
<h2>Project:</h2>
C:\Users\chuchinis\Desktop\EE445M\Lab3\UARTInts.uvproj
Project File Date:  02/27/2017

<h2>Output:</h2>
Rebuild target 'UARTInts'
assembling startup.s...
compiling PLL.c...
compiling UART.c...
compiling ST7735.c...
compiling ADC.c...
compiling OS.c...
OS.c(169): warning:  #177-D: variable "Andrew" was declared but never referenced
        long Andrew = 0;
OS.c(224): warning:  #177-D: variable "Andrew" was declared but never referenced
        long Andrew = 0;
OS.c: 2 warnings, 0 errors
compiling Lab2.c...
assembling PID_stm32.s...
assembling cr4_fft_64_stm32.s...
compiling Interpreter.c...
assembling ThreadSwitch.s...
compiling SysTick.c...
linking...
Program Size: Code=11080 RO-data=2052 RW-data=280 ZI-data=27096  
".\UARTInts.axf" - 0 Error(s), 2 Warning(s).
</pre>
</body>
</html>
\\Desktop\\EE445M\\Lab3\\UARTInts.axf" 
Connecting: Mode=JTAG, Speed=1000000Hz
Erase Done.
Programming Done.
Verify OK.
 information to list image symbols.
Finished: 1 information, 0 warning and 1 error messages.
".\UARTInts.axf" - 1 Error(s), 3 Warning(s).
Target not created
d
Load "C:\\Users\\chuchinis\\Desktop\\EE445M\\Lab3\\UARTInts.axf" 
_____^
*** error 56: cannot open file
Error: Flash Download failed  -  Could not load file 'C:\Users\chuchinis\Desktop\EE445M\Lab3\UARTInts.axf'
Load "C:\\Users\\chuchinis\\Desktop\\EE445M\\Lab3\\UARTInts.axf" 
_____^
*** error 56: cannot open file
Error: Flash Download failed  -  Could not load file 'C:\Users\chuchinis\Desktop\EE445M\Lab3\UARTInts.axf'
