<html>
<body>
<pre>
<h1>µVision Build Log</h1>
<h2>Project:</h2>
C:\Users\chuchinis\Desktop\EE445M\Lab3\UARTInts.uvproj
Project File Date:  02/28/2017

<h2>Output:</h2>
Rebuild target 'UARTInts'
assembling startup.s...
compiling PLL.c...
compiling UART.c...
compiling ST7735.c...
compiling ADC.c...
compiling OS.c...
OS.c(252): warning:  #177-D: variable "Andrew" was declared but never referenced
        long Andrew = 0; 
OS.c(301): warning:  #61-D: integer operation result is out of range
        NVIC_EN2_R = (1<<31);              // enable interrupt 95 in NVIC
OS.c(301): warning:  #68-D: integer conversion resulted in a change of sign
        NVIC_EN2_R = (1<<31);              // enable interrupt 95 in NVIC
OS.c(294): warning:  #177-D: variable "Andrew" was declared but never referenced
        long Andrew = 0; 
OS.c(336): warning:  #177-D: variable "Andrew" was declared but never referenced
        long Andrew = 0;
OS.c: 5 warnings, 0 errors
compiling Lab2.c...
assembling PID_stm32.s...
assembling cr4_fft_64_stm32.s...
compiling Interpreter.c...
assembling ThreadSwitch.s...
compiling SysTick.c...
linking...
Program Size: Code=6744 RO-data=2052 RW-data=288 ZI-data=11384  
".\UARTInts.axf" - 0 Error(s), 5 Warning(s).
</pre>
</body>
</html>
\\Desktop\\EE445M\\Lab3\\UARTInts.axf" 
Connecting: Mode=JTAG, Speed=1000000Hz
Erase Done.
Programming Done.
Verify OK.

Target not created
Load "C:\\Users\\chuchinis\\Desktop\\EE445M\\Lab3\\UARTInts.axf" 
_____^
*** error 56: cannot open file
Error: Flash Download failed  -  Could not load file 'C:\Users\chuchinis\Desktop\EE445M\Lab3\UARTInts.axf'
e of sign
        NVIC_EN2_R = (1<<31);              // enable interrupt 95 in NVIC
OS.c(273): warning:  #177-D: variable "Andrew" was declared but never referenced
        long Andrew = 0; 
OS.c(315): warning:  #177-D: variable "Andrew" was declared but never referenced
        long Andrew = 0;
OS.c: 5 warnings, 0 errors
compiling Lab2.c...
assembling PID_stm32.s...
assembling cr4_fft_64_stm32.s...
compiling Interpreter.c...
assembling ThreadSwitch.s...
compiling SysTick.c...
".\UARTInts.axf" - 8 Error(s), 5 Warning(s).
Target not created
